Archive member included to satisfy reference by file (symbol)

/Applications/STM32CubeIDE.app/Contents/Eclipse/plugins/com.st.stm32cube.ide.mcu.externaltools.gnu-tools-for-stm32.13.3.rel1.macos64_1.0.100.202509120712/tools/bin/../lib/gcc/arm-none-eabi/13.3.1/../../../../arm-none-eabi/lib/thumb/v7e-m+fp/hard/libc_nano.a(libc_a-exit.o)
                              /Applications/STM32CubeIDE.app/Contents/Eclipse/plugins/com.st.stm32cube.ide.mcu.externaltools.gnu-tools-for-stm32.13.3.rel1.macos64_1.0.100.202509120712/tools/bin/../lib/gcc/arm-none-eabi/13.3.1/../../../../arm-none-eabi/lib/thumb/v7e-m+fp/hard/crt0.o (exit)
/Applications/STM32CubeIDE.app/Contents/Eclipse/plugins/com.st.stm32cube.ide.mcu.externaltools.gnu-tools-for-stm32.13.3.rel1.macos64_1.0.100.202509120712/tools/bin/../lib/gcc/arm-none-eabi/13.3.1/../../../../arm-none-eabi/lib/thumb/v7e-m+fp/hard/libc_nano.a(libc_a-snprintf.o)
                              ./Core/Src/main.o (snprintf)
/Applications/STM32CubeIDE.app/Contents/Eclipse/plugins/com.st.stm32cube.ide.mcu.externaltools.gnu-tools-for-stm32.13.3.rel1.macos64_1.0.100.202509120712/tools/bin/../lib/gcc/arm-none-eabi/13.3.1/../../../../arm-none-eabi/lib/thumb/v7e-m+fp/hard/libc_nano.a(libc_a-findfp.o)
                              /Applications/STM32CubeIDE.app/Contents/Eclipse/plugins/com.st.stm32cube.ide.mcu.externaltools.gnu-tools-for-stm32.13.3.rel1.macos64_1.0.100.202509120712/tools/bin/../lib/gcc/arm-none-eabi/13.3.1/../../../../arm-none-eabi/lib/thumb/v7e-m+fp/hard/libc_nano.a(libc_a-exit.o) (__stdio_exit_handler)
/Applications/STM32CubeIDE.app/Contents/Eclipse/plugins/com.st.stm32cube.ide.mcu.externaltools.gnu-tools-for-stm32.13.3.rel1.macos64_1.0.100.202509120712/tools/bin/../lib/gcc/arm-none-eabi/13.3.1/../../../../arm-none-eabi/lib/thumb/v7e-m+fp/hard/libc_nano.a(libc_a-fwalk.o)
                              /Applications/STM32CubeIDE.app/Contents/Eclipse/plugins/com.st.stm32cube.ide.mcu.externaltools.gnu-tools-for-stm32.13.3.rel1.macos64_1.0.100.202509120712/tools/bin/../lib/gcc/arm-none-eabi/13.3.1/../../../../arm-none-eabi/lib/thumb/v7e-m+fp/hard/libc_nano.a(libc_a-findfp.o) (_fwalk_sglue)
/Applications/STM32CubeIDE.app/Contents/Eclipse/plugins/com.st.stm32cube.ide.mcu.externaltools.gnu-tools-for-stm32.13.3.rel1.macos64_1.0.100.202509120712/tools/bin/../lib/gcc/arm-none-eabi/13.3.1/../../../../arm-none-eabi/lib/thumb/v7e-m+fp/hard/libc_nano.a(libc_a-memset.o)
                              /Applications/STM32CubeIDE.app/Contents/Eclipse/plugins/com.st.stm32cube.ide.mcu.externaltools.gnu-tools-for-stm32.13.3.rel1.macos64_1.0.100.202509120712/tools/bin/../lib/gcc/arm-none-eabi/13.3.1/../../../../arm-none-eabi/lib/thumb/v7e-m+fp/hard/crt0.o (memset)
/Applications/STM32CubeIDE.app/Contents/Eclipse/plugins/com.st.stm32cube.ide.mcu.externaltools.gnu-tools-for-stm32.13.3.rel1.macos64_1.0.100.202509120712/tools/bin/../lib/gcc/arm-none-eabi/13.3.1/../../../../arm-none-eabi/lib/thumb/v7e-m+fp/hard/libc_nano.a(libc_a-errno.o)
                              ./Core/Src/syscalls.o (__errno)
/Applications/STM32CubeIDE.app/Contents/Eclipse/plugins/com.st.stm32cube.ide.mcu.externaltools.gnu-tools-for-stm32.13.3.rel1.macos64_1.0.100.202509120712/tools/bin/../lib/gcc/arm-none-eabi/13.3.1/../../../../arm-none-eabi/lib/thumb/v7e-m+fp/hard/libc_nano.a(libc_a-init.o)
                              /Applications/STM32CubeIDE.app/Contents/Eclipse/plugins/com.st.stm32cube.ide.mcu.externaltools.gnu-tools-for-stm32.13.3.rel1.macos64_1.0.100.202509120712/tools/bin/../lib/gcc/arm-none-eabi/13.3.1/../../../../arm-none-eabi/lib/thumb/v7e-m+fp/hard/crt0.o (__libc_init_array)
/Applications/STM32CubeIDE.app/Contents/Eclipse/plugins/com.st.stm32cube.ide.mcu.externaltools.gnu-tools-for-stm32.13.3.rel1.macos64_1.0.100.202509120712/tools/bin/../lib/gcc/arm-none-eabi/13.3.1/../../../../arm-none-eabi/lib/thumb/v7e-m+fp/hard/libc_nano.a(libc_a-lock.o)
                              /Applications/STM32CubeIDE.app/Contents/Eclipse/plugins/com.st.stm32cube.ide.mcu.externaltools.gnu-tools-for-stm32.13.3.rel1.macos64_1.0.100.202509120712/tools/bin/../lib/gcc/arm-none-eabi/13.3.1/../../../../arm-none-eabi/lib/thumb/v7e-m+fp/hard/libc_nano.a(libc_a-findfp.o) (__retarget_lock_init_recursive)
/Applications/STM32CubeIDE.app/Contents/Eclipse/plugins/com.st.stm32cube.ide.mcu.externaltools.gnu-tools-for-stm32.13.3.rel1.macos64_1.0.100.202509120712/tools/bin/../lib/gcc/arm-none-eabi/13.3.1/../../../../arm-none-eabi/lib/thumb/v7e-m+fp/hard/libc_nano.a(libc_a-impure.o)
                              /Applications/STM32CubeIDE.app/Contents/Eclipse/plugins/com.st.stm32cube.ide.mcu.externaltools.gnu-tools-for-stm32.13.3.rel1.macos64_1.0.100.202509120712/tools/bin/../lib/gcc/arm-none-eabi/13.3.1/../../../../arm-none-eabi/lib/thumb/v7e-m+fp/hard/libc_nano.a(libc_a-snprintf.o) (_impure_ptr)
[...]
Memory Configuration

Name             Origin             Length             Attributes
RAM              0x20000000         0x00020000         xrw
FLASH            0x08000000         0x00080000         xr
*default*        0x00000000         0xffffffff

Linker script and memory map

LOAD /Applications/STM32CubeIDE.app/Contents/Eclipse/plugins/com.st.stm32cube.ide.mcu.externaltools.gnu-tools-for-stm32.13.3.rel1.macos64_1.0.100.202509120712/tools/bin/../lib/gcc/arm-none-eabi/13.3.1/thumb/v7e-m+fp/hard/crti.o
LOAD /Applications/STM32CubeIDE.app/Contents/Eclipse/plugins/com.st.stm32cube.ide.mcu.externaltools.gnu-tools-for-stm32.13.3.rel1.macos64_1.0.100.202509120712/tools/bin/../lib/gcc/arm-none-eabi/13.3.1/thumb/v7e-m+fp/hard/crtbegin.o
LOAD /Applications/STM32CubeIDE.app/Contents/Eclipse/plugins/com.st.stm32cube.ide.mcu.externaltools.gnu-tools-for-stm32.13.3.rel1.macos64_1.0.100.202509120712/tools/bin/../lib/gcc/arm-none-eabi/13.3.1/../../../../arm-none-eabi/lib/thumb/v7e-m+fp/hard/crt0.o
LOAD ./Core/Src/main.o
LOAD ./Core/Src/stm32f4xx_hal_msp.o
LOAD ./Core/Src/stm32f4xx_it.o
LOAD ./Core/Src/syscalls.o
LOAD ./Core/Src/sysmem.o
LOAD ./Core/Src/system_stm32f4xx.o
LOAD ./Core/Startup/startup_stm32f411retx.o
LOAD ./Drivers/STM32F4xx_HAL_Driver/Src/stm32f4xx_hal.o
LOAD ./Drivers/STM32F4xx_HAL_Driver/Src/stm32f4xx_hal_adc.o
LOAD ./Drivers/STM32F4xx_HAL_Driver/Src/stm32f4xx_hal_adc_ex.o
LOAD ./Drivers/STM32F4xx_HAL_Driver/Src/stm32f4xx_hal_cortex.o
LOAD ./Drivers/STM32F4xx_HAL_Driver/Src/stm32f4xx_hal_dma.o
LOAD ./Drivers/STM32F4xx_HAL_Driver/Src/stm32f4xx_hal_dma_ex.o
LOAD ./Drivers/STM32F4xx_HAL_Driver/Src/stm32f4xx_hal_exti.o
LOAD ./Drivers/STM32F4xx_HAL_Driver/Src/stm32f4xx_hal_flash.o
LOAD ./Drivers/STM32F4xx_HAL_Driver/Src/stm32f4xx_hal_flash_ex.o
LOAD ./Drivers/STM32F4xx_HAL_Driver/Src/stm32f4xx_hal_flash_ramfunc.o
LOAD ./Drivers/STM32F4xx_HAL_Driver/Src/stm32f4xx_hal_gpio.o
LOAD ./Drivers/STM32F4xx_HAL_Driver/Src/stm32f4xx_hal_pcd.o
LOAD ./Drivers/STM32F4xx_HAL_Driver/Src/stm32f4xx_hal_pcd_ex.o
LOAD ./Drivers/STM32F4xx_HAL_Driver/Src/stm32f4xx_hal_pwr.o
LOAD ./Drivers/STM32F4xx_HAL_Driver/Src/stm32f4xx_hal_pwr_ex.o
LOAD ./Drivers/STM32F4xx_HAL_Driver/Src/stm32f4xx_hal_rcc.o
LOAD ./Drivers/STM32F4xx_HAL_Driver/Src/stm32f4xx_hal_rcc_ex.o
LOAD ./Drivers/STM32F4xx_HAL_Driver/Src/stm32f4xx_hal_uart.o
LOAD ./Drivers/STM32F4xx_HAL_Driver/Src/stm32f4xx_ll_usb.o
LOAD ./Middlewares/ST/STM32_USB_Device_Library/Class/CDC/Src/usbd_cdc.o
LOAD ./Middlewares/ST/STM32_USB_Device_Library/Core/Src/usbd_core.o
LOAD ./Middlewares/ST/STM32_USB_Device_Library/Core/Src/usbd_ctlreq.o
LOAD ./Middlewares/ST/STM32_USB_Device_Library/Core/Src/usbd_ioreq.o
LOAD ./USB_DEVICE/App/usb_device.o
LOAD ./USB_DEVICE/App/usbd_cdc_if.o
LOAD ./USB_DEVICE/App/usbd_desc.o
LOAD ./USB_DEVICE/Target/usbd_conf.o
START GROUP
LOAD /Applications/STM32CubeIDE.app/Contents/Eclipse/plugins/com.st.stm32cube.ide.mcu.externaltools.gnu-tools-for-stm32.13.3.rel1.macos64_1.0.100.202509120712/tools/bin/../lib/gcc/arm-none-eabi/13.3.1/../../../../arm-none-eabi/lib/thumb/v7e-m+fp/hard/libc_nano.a
LOAD /Applications/STM32CubeIDE.app/Contents/Eclipse/plugins/com.st.stm32cube.ide.mcu.externaltools.gnu-tools-for-stm32.13.3.rel1.macos64_1.0.100.202509120712/tools/bin/../lib/gcc/arm-none-eabi/13.3.1/../../../../arm-none-eabi/lib/thumb/v7e-m+fp/hard/libm.a
END GROUP
START GROUP
LOAD /Applications/STM32CubeIDE.app/Contents/Eclipse/plugins/com.st.stm32cube.ide.mcu.externaltools.gnu-tools-for-stm32.13.3.rel1.macos64_1.0.100.202509120712/tools/bin/../lib/gcc/arm-none-eabi/13.3.1/thumb/v7e-m+fp/hard/libgcc.a
LOAD /Applications/STM32CubeIDE.app/Contents/Eclipse/plugins/com.st.stm32cube.ide.mcu.externaltools.gnu-tools-for-stm32.13.3.rel1.macos64_1.0.100.202509120712/tools/bin/../lib/gcc/arm-none-eabi/13.3.1/../../../../arm-none-eabi/lib/thumb/v7e-m+fp/hard/libc_nano.a
END GROUP
START GROUP
LOAD /Applications/STM32CubeIDE.app/Contents/Eclipse/plugins/com.st.stm32cube.ide.mcu.externaltools.gnu-tools-for-stm32.13.3.rel1.macos64_1.0.100.202509120712/tools/bin/../lib/gcc/arm-none-eabi/13.3.1/thumb/v7e-m+fp/hard/libgcc.a
LOAD /Applications/STM32CubeIDE.app/Contents/Eclipse/plugins/com.st.stm32cube.ide.mcu.externaltools.gnu-tools-for-stm32.13.3.rel1.macos64_1.0.100.202509120712/tools/bin/../lib/gcc/arm-none-eabi/13.3.1/../../../../arm-none-eabi/lib/thumb/v7e-m+fp/hard/libc_nano.a
LOAD /Applications/STM32CubeIDE.app/Contents/Eclipse/plugins/com.st.stm32cube.ide.mcu.externaltools.gnu-tools-for-stm32.13.3.rel1.macos64_1.0.100.202509120712/tools/bin/../lib/gcc/arm-none-eabi/13.3.1/../../../../arm-none-eabi/lib/thumb/v7e-m+fp/hard/libnosys.a
END GROUP
START GROUP
LOAD /Applications/STM32CubeIDE.app/Contents/Eclipse/plugins/com.st.stm32cube.ide.mcu.externaltools.gnu-tools-for-stm32.13.3.rel1.macos64_1.0.100.202509120712/tools/bin/../lib/gcc/arm-none-eabi/13.3.1/thumb/v7e-m+fp/hard/libgcc.a
LOAD /Applications/STM32CubeIDE.app/Contents/Eclipse/plugins/com.st.stm32cube.ide.mcu.externaltools.gnu-tools-for-stm32.13.3.rel1.macos64_1.0.100.202509120712/tools/bin/../lib/gcc/arm-none-eabi/13.3.1/../../../../arm-none-eabi/lib/thumb/v7e-m+fp/hard/libc_nano.a
LOAD /Applications/STM32CubeIDE.app/Contents/Eclipse/plugins/com.st.stm32cube.ide.mcu.externaltools.gnu-tools-for-stm32.13.3.rel1.macos64_1.0.100.202509120712/tools/bin/../lib/gcc/arm-none-eabi/13.3.1/../../../../arm-none-eabi/lib/thumb/v7e-m+fp/hard/libnosys.a
END GROUP
LOAD /Applications/STM32CubeIDE.app/Contents/Eclipse/plugins/com.st.stm32cube.ide.mcu.externaltools.gnu-tools-for-stm32.13.3.rel1.macos64_1.0.100.202509120712/tools/bin/../lib/gcc/arm-none-eabi/13.3.1/thumb/v7e-m+fp/hard/crtend.o
LOAD /Applications/STM32CubeIDE.app/Contents/Eclipse/plugins/com.st.stm32cube.ide.mcu.externaltools.gnu-tools-for-stm32.13.3.rel1.macos64_1.0.100.202509120712/tools/bin/../lib/gcc/arm-none-eabi/13.3.1/thumb/v7e-m+fp/hard/crtn.o
                0x20020000                        _estack = (ORIGIN (RAM) + LENGTH (RAM))
                0x00000200                        _Min_Heap_Size = 0x200
                0x00000400                        _Min_Stack_Size = 0x400

.isr_vector     0x08000000      0x198
                0x08000000                        . = ALIGN (0x4)
 *(.isr_vector)
 .isr_vector    0x08000000      0x198 ./Core/Startup/startup_stm32f411retx.o
                0x08000000                g_pfnVectors
                0x08000198                        . = ALIGN (0x4)

.text           0x080001a0     0x87a4
                0x080001a0                        . = ALIGN (0x4)
 *(.text)
 .text          0x080001a0       0x40 /Applications/STM32CubeIDE.app/Contents/Eclipse/plugins/com.st.stm32cube.ide.mcu.externaltools.gnu-tools-for-stm32.13.3.rel1.macos64_1.0.100.202509120712/tools/bin/../lib/gcc/arm-none-eabi/13.3.1/thumb/v7e-m+fp/hard/crtbegin.o
 .text          0x080001e0       0x10 /Applications/STM32CubeIDE.app/Contents/Eclipse/plugins/com.st.stm32cube.ide.mcu.externaltools.gnu-tools-for-stm32.13.3.rel1.macos64_1.0.100.202509120712/tools/bin/../lib/gcc/arm-none-eabi/13.3.1/../../../../arm-none-eabi/lib/thumb/v7e-m+fp/hard/libc_nano.a(libc_a-strlen.o)
                0x080001e0                strlen
 .text          0x080001f0       0xa0 /Applications/STM32CubeIDE.app/Contents/Eclipse/plugins/com.st.stm32cube.ide.mcu.externaltools.gnu-tools-for-stm32.13.3.rel1.macos64_1.0.100.202509120712/tools/bin/../lib/gcc/arm-none-eabi/13.3.1/../../../../arm-none-eabi/lib/thumb/v7e-m+fp/hard/libc_nano.a(libc_a-memchr.o)
                0x080001f0                memchr
 .text          0x08000290       0x30 /Applications/STM32CubeIDE.app/Contents/Eclipse/plugins/com.st.stm32cube.ide.mcu.externaltools.gnu-tools-for-stm32.13.3.rel1.macos64_1.0.100.202509120712/tools/bin/../lib/gcc/arm-none-eabi/13.3.1/thumb/v7e-m+fp/hard/libgcc.a(_aeabi_uldivmod.o)
                0x08000290                __aeabi_uldivmod
 .text          0x080002c0      0x2f8 /Applications/STM32CubeIDE.app/Contents/Eclipse/plugins/com.st.stm32cube.ide.mcu.externaltools.gnu-tools-for-stm32.13.3.rel1.macos64_1.0.100.202509120712/tools/bin/../lib/gcc/arm-none-eabi/13.3.1/thumb/v7e-m+fp/hard/libgcc.a(_udivmoddi4.o)
                0x080002c0                __udivmoddi4
 .text          0x080005b8        0x4 /Applications/STM32CubeIDE.app/Contents/Eclipse/plugins/com.st.stm32cube.ide.mcu.externaltools.gnu-tools-for-stm32.13.3.rel1.macos64_1.0.100.202509120712/tools/bin/../lib/gcc/arm-none-eabi/13.3.1/thumb/v7e-m+fp/hard/libgcc.a(_dvmd_tls.o)
                0x080005b8                __aeabi_ldiv0
                0x080005b8                __aeabi_idiv0
 *(.text*)
 .text.main     0x080005bc      0x178 ./Core/Src/main.o
                0x080005bc                main
 .text.SystemClock_Config
                0x08000734       0xd0 ./Core/Src/main.o
                0x08000734                SystemClock_Config
 .text.MX_ADC1_Init
                0x08000804       0xa4 ./Core/Src/main.o
 .text.MX_USART2_UART_Init
                0x080008a8       0x54 ./Core/Src/main.o
 .text.MX_GPIO_Init
                0x080008fc       0xf8 ./Core/Src/main.o
 .text.Error_Handler
                0x080009f4        0xc ./Core/Src/main.o
                0x080009f4                Error_Handler
 .text.HAL_MspInit
                0x08000a00       0x50 ./Core/Src/stm32f4xx_hal_msp.o
                0x08000a00                HAL_MspInit
 .text.HAL_ADC_MspInit
                0x08000a50       0x88 ./Core/Src/stm32f4xx_hal_msp.o
                0x08000a50                HAL_ADC_MspInit
 .text.HAL_UART_MspInit
                0x08000ad8       0x90 ./Core/Src/stm32f4xx_hal_msp.o
                0x08000ad8                HAL_UART_MspInit
 .text.NMI_Handler
                0x08000b68        0x8 ./Core/Src/stm32f4xx_it.o
                0x08000b68                NMI_Handler
 .text.HardFault_Handler
                0x08000b70        0x8 ./Core/Src/stm32f4xx_it.o
                0x08000b70                HardFault_Handler
 .text.MemManage_Handler
                0x08000b78        0x8 ./Core/Src/stm32f4xx_it.o
                0x08000b78                MemManage_Handler
 .text.BusFault_Handler
                0x08000b80        0x8 ./Core/Src/stm32f4xx_it.o
                0x08000b80                BusFault_Handler
 .text.UsageFault_Handler
                0x08000b88        0x8 ./Core/Src/stm32f4xx_it.o
                0x08000b88                UsageFault_Handler
 .text.SVC_Handler
                0x08000b90        0xe ./Core/Src/stm32f4xx_it.o
                0x08000b90                SVC_Handler
 .text.DebugMon_Handler
                0x08000b9e        0xe ./Core/Src/stm32f4xx_it.o
                0x08000b9e                DebugMon_Handler
 .text.PendSV_Handler
                0x08000bac        0xe ./Core/Src/stm32f4xx_it.o
                0x08000bac                PendSV_Handler
 .text.SysTick_Handler
                0x08000bba        0xc ./Core/Src/stm32f4xx_it.o
                0x08000bba                SysTick_Handler
 *fill*         0x08000bc6        0x2 
 .text.OTG_FS_IRQHandler
                0x08000bc8       0x14 ./Core/Src/stm32f4xx_it.o
                0x08000bc8                OTG_FS_IRQHandler
 .text._sbrk    0x08000bdc       0x6c ./Core/Src/sysmem.o
                0x08000bdc                _sbrk
 .text.SystemInit
                0x08000c48       0x24 ./Core/Src/system_stm32f4xx.o
                0x08000c48                SystemInit
 .text.Reset_Handler
                0x08000c6c       0x50 ./Core/Startup/startup_stm32f411retx.o
                0x08000c6c                Reset_Handler
 .text.Default_Handler
                0x08000cbc        0x2 ./Core/Startup/startup_stm32f411retx.o
                0x08000cbc                DMA1_Stream3_IRQHandler
                0x08000cbc                EXTI2_IRQHandler
                0x08000cbc                SPI4_IRQHandler
                0x08000cbc                TIM1_CC_IRQHandler
                0x08000cbc                DMA2_Stream5_IRQHandler
                0x08000cbc                DMA1_Stream5_IRQHandler
                0x08000cbc                PVD_IRQHandler
                0x08000cbc                SDIO_IRQHandler
                0x08000cbc                TAMP_STAMP_IRQHandler
                0x08000cbc                EXTI3_IRQHandler
                0x08000cbc                TIM1_UP_TIM10_IRQHandler
                0x08000cbc                I2C3_ER_IRQHandler
                0x08000cbc                EXTI0_IRQHandler
                0x08000cbc                I2C2_EV_IRQHandler
                0x08000cbc                DMA1_Stream2_IRQHandler
                0x08000cbc                FPU_IRQHandler
                0x08000cbc                DMA2_Stream2_IRQHandler
                0x08000cbc                SPI1_IRQHandler
                0x08000cbc                TIM1_BRK_TIM9_IRQHandler
                0x08000cbc                DMA2_Stream3_IRQHandler
                0x08000cbc                USART6_IRQHandler
                0x08000cbc                DMA2_Stream0_IRQHandler
                0x08000cbc                TIM4_IRQHandler
                0x08000cbc                I2C1_EV_IRQHandler
                0x08000cbc                DMA1_Stream6_IRQHandler
                0x08000cbc                DMA1_Stream1_IRQHandler
                0x08000cbc                TIM3_IRQHandler
                0x08000cbc                RCC_IRQHandler
                0x08000cbc                Default_Handler
                0x08000cbc                EXTI15_10_IRQHandler
                0x08000cbc                ADC_IRQHandler
                0x08000cbc                DMA1_Stream7_IRQHandler
                0x08000cbc                SPI5_IRQHandler
                0x08000cbc                TIM5_IRQHandler
                0x08000cbc                DMA2_Stream7_IRQHandler
                0x08000cbc                I2C3_EV_IRQHandler
                0x08000cbc                EXTI9_5_IRQHandler
                0x08000cbc                RTC_WKUP_IRQHandler
                0x08000cbc                SPI2_IRQHandler
                0x08000cbc                DMA1_Stream0_IRQHandler
                0x08000cbc                EXTI4_IRQHandler
                0x08000cbc                WWDG_IRQHandler
                0x08000cbc                TIM2_IRQHandler
                0x08000cbc                OTG_FS_WKUP_IRQHandler
                0x08000cbc                TIM1_TRG_COM_TIM11_IRQHandler
                0x08000cbc                EXTI1_IRQHandler
                0x08000cbc                USART2_IRQHandler
                0x08000cbc                I2C2_ER_IRQHandler
                0x08000cbc                DMA2_Stream1_IRQHandler
                0x08000cbc                FLASH_IRQHandler
                0x08000cbc                DMA2_Stream4_IRQHandler
                0x08000cbc                USART1_IRQHandler
                0x08000cbc                SPI3_IRQHandler
                0x08000cbc                DMA1_Stream4_IRQHandler
                0x08000cbc                I2C1_ER_IRQHandler
                0x08000cbc                DMA2_Stream6_IRQHandler
                0x08000cbc                RTC_Alarm_IRQHandler
 *fill*         0x08000cbe        0x2 
 .text.HAL_Init
                0x08000cc0       0x44 ./Drivers/STM32F4xx_HAL_Driver/Src/stm32f4xx_hal.o
                0x08000cc0                HAL_Init
 .text.HAL_InitTick
                0x08000d04       0x60 ./Drivers/STM32F4xx_HAL_Driver/Src/stm32f4xx_hal.o
                0x08000d04                HAL_InitTick
 .text.HAL_IncTick
                0x08000d64       0x28 ./Drivers/STM32F4xx_HAL_Driver/Src/stm32f4xx_hal.o
                0x08000d64                HAL_IncTick
 .text.HAL_GetTick
                0x08000d8c       0x18 ./Drivers/STM32F4xx_HAL_Driver/Src/stm32f4xx_hal.o
                0x08000d8c                HAL_GetTick
 .text.HAL_Delay
                0x08000da4       0x48 ./Drivers/STM32F4xx_HAL_Driver/Src/stm32f4xx_hal.o
                0x08000da4                HAL_Delay
 .text.HAL_ADC_Init
                0x08000dec       0x86 ./Drivers/STM32F4xx_HAL_Driver/Src/stm32f4xx_hal_adc.o
                0x08000dec                HAL_ADC_Init
 *fill*         0x08000e72        0x2 
 .text.HAL_ADC_Start
                0x08000e74      0x168 ./Drivers/STM32F4xx_HAL_Driver/Src/stm32f4xx_hal_adc.o
                0x08000e74                HAL_ADC_Start
 .text.HAL_ADC_PollForConversion
                0x08000fdc      0x116 ./Drivers/STM32F4xx_HAL_Driver/Src/stm32f4xx_hal_adc.o
                0x08000fdc                HAL_ADC_PollForConversion
 .text.HAL_ADC_GetValue
                0x080010f2       0x1a ./Drivers/STM32F4xx_HAL_Driver/Src/stm32f4xx_hal_adc.o
                0x080010f2                HAL_ADC_GetValue
 .text.HAL_ADC_ConfigChannel
                0x0800110c      0x264 ./Drivers/STM32F4xx_HAL_Driver/Src/stm32f4xx_hal_adc.o
                0x0800110c                HAL_ADC_ConfigChannel
 .text.ADC_Init
                0x08001370      0x1f8 ./Drivers/STM32F4xx_HAL_Driver/Src/stm32f4xx_hal_adc.o
 .text.__NVIC_SetPriorityGrouping
                0x08001568       0x48 ./Drivers/STM32F4xx_HAL_Driver/Src/stm32f4xx_hal_cortex.o
 .text.__NVIC_GetPriorityGrouping
                0x080015b0       0x1c ./Drivers/STM32F4xx_HAL_Driver/Src/stm32f4xx_hal_cortex.o
 .text.__NVIC_EnableIRQ
                0x080015cc       0x3c ./Drivers/STM32F4xx_HAL_Driver/Src/stm32f4xx_hal_cortex.o
 .text.__NVIC_SetPriority
                0x08001608       0x54 ./Drivers/STM32F4xx_HAL_Driver/Src/stm32f4xx_hal_cortex.o
 .text.NVIC_EncodePriority
                0x0800165c       0x66 ./Drivers/STM32F4xx_HAL_Driver/Src/stm32f4xx_hal_cortex.o
 *fill*         0x080016c2        0x2 
 .text.SysTick_Config
                0x080016c4       0x44 ./Drivers/STM32F4xx_HAL_Driver/Src/stm32f4xx_hal_cortex.o
 .text.HAL_NVIC_SetPriorityGrouping
                0x08001708       0x16 ./Drivers/STM32F4xx_HAL_Driver/Src/stm32f4xx_hal_cortex.o
                0x08001708                HAL_NVIC_SetPriorityGrouping
 .text.HAL_NVIC_SetPriority
                0x0800171e       0x38 ./Drivers/STM32F4xx_HAL_Driver/Src/stm32f4xx_hal_cortex.o
                0x0800171e                HAL_NVIC_SetPriority
 .text.HAL_NVIC_EnableIRQ
                0x08001756       0x1c ./Drivers/STM32F4xx_HAL_Driver/Src/stm32f4xx_hal_cortex.o
                0x08001756                HAL_NVIC_EnableIRQ
 .text.HAL_SYSTICK_Config
                0x08001772       0x18 ./Drivers/STM32F4xx_HAL_Driver/Src/stm32f4xx_hal_cortex.o
                0x08001772                HAL_SYSTICK_Config
 *fill*         0x0800178a        0x2 
 .text.HAL_GPIO_Init
                0x0800178c      0x308 ./Drivers/STM32F4xx_HAL_Driver/Src/stm32f4xx_hal_gpio.o
                0x0800178c                HAL_GPIO_Init
 .text.HAL_GPIO_ReadPin
                0x08001a94       0x30 ./Drivers/STM32F4xx_HAL_Driver/Src/stm32f4xx_hal_gpio.o
                0x08001a94                HAL_GPIO_ReadPin
 .text.HAL_GPIO_WritePin
                0x08001ac4       0x32 ./Drivers/STM32F4xx_HAL_Driver/Src/stm32f4xx_hal_gpio.o
                0x08001ac4                HAL_GPIO_WritePin
 .text.HAL_GPIO_TogglePin
                0x08001af6       0x34 ./Drivers/STM32F4xx_HAL_Driver/Src/stm32f4xx_hal_gpio.o
                0x08001af6                HAL_GPIO_TogglePin
 .text.HAL_PCD_Init
                0x08001b2a      0x21e ./Drivers/STM32F4xx_HAL_Driver/Src/stm32f4xx_hal_pcd.o
                0x08001b2a                HAL_PCD_Init
 .text.HAL_PCD_Start
                0x08001d48       0x6a ./Drivers/STM32F4xx_HAL_Driver/Src/stm32f4xx_hal_pcd.o
                0x08001d48                HAL_PCD_Start
 .text.HAL_PCD_IRQHandler
                0x08001db2      0x942 ./Drivers/STM32F4xx_HAL_Driver/Src/stm32f4xx_hal_pcd.o
                0x08001db2                HAL_PCD_IRQHandler
 .text.HAL_PCD_SetAddress
                0x080026f4       0x48 ./Drivers/STM32F4xx_HAL_Driver/Src/stm32f4xx_hal_pcd.o
                0x080026f4                HAL_PCD_SetAddress
 .text.HAL_PCD_EP_Open
                0x0800273c       0xd4 ./Drivers/STM32F4xx_HAL_Driver/Src/stm32f4xx_hal_pcd.o
                0x0800273c                HAL_PCD_EP_Open
 .text.HAL_PCD_EP_Close
                0x08002810       0x94 ./Drivers/STM32F4xx_HAL_Driver/Src/stm32f4xx_hal_pcd.o
                0x08002810                HAL_PCD_EP_Close
 .text.HAL_PCD_EP_Receive
                0x080028a4       0x76 ./Drivers/STM32F4xx_HAL_Driver/Src/stm32f4xx_hal_pcd.o
                0x080028a4                HAL_PCD_EP_Receive
 .text.HAL_PCD_EP_GetRxCount
                0x0800291a       0x30 ./Drivers/STM32F4xx_HAL_Driver/Src/stm32f4xx_hal_pcd.o
                0x0800291a                HAL_PCD_EP_GetRxCount
 .text.HAL_PCD_EP_Transmit
                0x0800294a       0x74 ./Drivers/STM32F4xx_HAL_Driver/Src/stm32f4xx_hal_pcd.o
                0x0800294a                HAL_PCD_EP_Transmit
 .text.HAL_PCD_EP_SetStall
                0x080029be       0xc6 ./Drivers/STM32F4xx_HAL_Driver/Src/stm32f4xx_hal_pcd.o
                0x080029be                HAL_PCD_EP_SetStall
 .text.HAL_PCD_EP_ClrStall
                0x08002a84       0xac ./Drivers/STM32F4xx_HAL_Driver/Src/stm32f4xx_hal_pcd.o
                0x08002a84                HAL_PCD_EP_ClrStall
 .text.HAL_PCD_EP_Abort
                0x08002b30       0x62 ./Drivers/STM32F4xx_HAL_Driver/Src/stm32f4xx_hal_pcd.o
                0x08002b30                HAL_PCD_EP_Abort
 .text.PCD_WriteEmptyTxFifo
                0x08002b92      0x118 ./Drivers/STM32F4xx_HAL_Driver/Src/stm32f4xx_hal_pcd.o
 *fill*         0x08002caa        0x2 
 .text.PCD_EP_OutXfrComplete_int
                0x08002cac      0x1d0 ./Drivers/STM32F4xx_HAL_Driver/Src/stm32f4xx_hal_pcd.o
 .text.PCD_EP_OutSetupPacket_int
                0x08002e7c       0x8c ./Drivers/STM32F4xx_HAL_Driver/Src/stm32f4xx_hal_pcd.o
 .text.HAL_PCDEx_SetTxFiFo
                0x08002f08       0x8e ./Drivers/STM32F4xx_HAL_Driver/Src/stm32f4xx_hal_pcd_ex.o
                0x08002f08                HAL_PCDEx_SetTxFiFo
 .text.HAL_PCDEx_SetRxFiFo
                0x08002f96       0x22 ./Drivers/STM32F4xx_HAL_Driver/Src/stm32f4xx_hal_pcd_ex.o
                0x08002f96                HAL_PCDEx_SetRxFiFo
 .text.HAL_PCDEx_LPM_Callback
                0x08002fb8       0x18 ./Drivers/STM32F4xx_HAL_Driver/Src/stm32f4xx_hal_pcd_ex.o
                0x08002fb8                HAL_PCDEx_LPM_Callback
 .text.HAL_RCC_OscConfig
                0x08002fd0      0x4f0 ./Drivers/STM32F4xx_HAL_Driver/Src/stm32f4xx_hal_rcc.o
                0x08002fd0                HAL_RCC_OscConfig
 .text.HAL_RCC_ClockConfig
                0x080034c0      0x1cc ./Drivers/STM32F4xx_HAL_Driver/Src/stm32f4xx_hal_rcc.o
                0x080034c0                HAL_RCC_ClockConfig
 .text.HAL_RCC_GetSysClockFreq
                0x0800368c      0x20c ./Drivers/STM32F4xx_HAL_Driver/Src/stm32f4xx_hal_rcc.o
                0x0800368c                HAL_RCC_GetSysClockFreq
 .text.HAL_RCC_GetHCLKFreq
                0x08003898       0x18 ./Drivers/STM32F4xx_HAL_Driver/Src/stm32f4xx_hal_rcc.o
                0x08003898                HAL_RCC_GetHCLKFreq
 .text.HAL_RCC_GetPCLK1Freq
                0x080038b0       0x28 ./Drivers/STM32F4xx_HAL_Driver/Src/stm32f4xx_hal_rcc.o
                0x080038b0                HAL_RCC_GetPCLK1Freq
 .text.HAL_RCC_GetPCLK2Freq
                0x080038d8       0x28 ./Drivers/STM32F4xx_HAL_Driver/Src/stm32f4xx_hal_rcc.o
                0x080038d8                HAL_RCC_GetPCLK2Freq
 .text.HAL_UART_Init
                0x08003900       0xa0 ./Drivers/STM32F4xx_HAL_Driver/Src/stm32f4xx_hal_uart.o
                0x08003900                HAL_UART_Init
 .text.UART_SetConfig
                0x080039a0      0x4e8 ./Drivers/STM32F4xx_HAL_Driver/Src/stm32f4xx_hal_uart.o
 .text.USB_CoreInit
                0x08003e88       0xc8 ./Drivers/STM32F4xx_HAL_Driver/Src/stm32f4xx_ll_usb.o
                0x08003e88                USB_CoreInit
 .text.USB_SetTurnaroundTime
                0x08003f50      0x144 ./Drivers/STM32F4xx_HAL_Driver/Src/stm32f4xx_ll_usb.o
                0x08003f50                USB_SetTurnaroundTime
 .text.USB_EnableGlobalInt
                0x08004094       0x22 ./Drivers/STM32F4xx_HAL_Driver/Src/stm32f4xx_ll_usb.o
                0x08004094                USB_EnableGlobalInt
 .text.USB_DisableGlobalInt
                0x080040b6       0x22 ./Drivers/STM32F4xx_HAL_Driver/Src/stm32f4xx_ll_usb.o
                0x080040b6                USB_DisableGlobalInt
 .text.USB_SetCurrentMode
                0x080040d8       0x98 ./Drivers/STM32F4xx_HAL_Driver/Src/stm32f4xx_ll_usb.o
                0x080040d8                USB_SetCurrentMode
 .text.USB_DevInit
                0x08004170      0x2c8 ./Drivers/STM32F4xx_HAL_Driver/Src/stm32f4xx_ll_usb.o
                0x08004170                USB_DevInit
 .text.USB_FlushTxFifo
                0x08004438       0x64 ./Drivers/STM32F4xx_HAL_Driver/Src/stm32f4xx_ll_usb.o
                0x08004438                USB_FlushTxFifo
 .text.USB_FlushRxFifo
                0x0800449c       0x5c ./Drivers/STM32F4xx_HAL_Driver/Src/stm32f4xx_ll_usb.o
                0x0800449c                USB_FlushRxFifo
 .text.USB_SetDevSpeed
                0x080044f8       0x32 ./Drivers/STM32F4xx_HAL_Driver/Src/stm32f4xx_ll_usb.o
                0x080044f8                USB_SetDevSpeed
 .text.USB_GetDevSpeed
                0x0800452a       0x4a ./Drivers/STM32F4xx_HAL_Driver/Src/stm32f4xx_ll_usb.o
                0x0800452a                USB_GetDevSpeed
 .text.USB_ActivateEndpoint
                0x08004574      0x10e ./Drivers/STM32F4xx_HAL_Driver/Src/stm32f4xx_ll_usb.o
                0x08004574                USB_ActivateEndpoint
 *fill*         0x08004682        0x2 
 .text.USB_DeactivateEndpoint
                0x08004684      0x1b8 ./Drivers/STM32F4xx_HAL_Driver/Src/stm32f4xx_ll_usb.o
                0x08004684                USB_DeactivateEndpoint
 .text.USB_EPStartXfer
                0x0800483c      0x53c ./Drivers/STM32F4xx_HAL_Driver/Src/stm32f4xx_ll_usb.o
                0x0800483c                USB_EPStartXfer
 .text.USB_EPStopXfer
                0x08004d78      0x154 ./Drivers/STM32F4xx_HAL_Driver/Src/stm32f4xx_ll_usb.o
                0x08004d78                USB_EPStopXfer
 .text.USB_WritePacket
                0x08004ecc       0x7c ./Drivers/STM32F4xx_HAL_Driver/Src/stm32f4xx_ll_usb.o
                0x08004ecc                USB_WritePacket
 .text.USB_ReadPacket
                0x08004f48       0xb0 ./Drivers/STM32F4xx_HAL_Driver/Src/stm32f4xx_ll_usb.o
                0x08004f48                USB_ReadPacket
 .text.USB_EPSetStall
                0x08004ff8       0xdc ./Drivers/STM32F4xx_HAL_Driver/Src/stm32f4xx_ll_usb.o
                0x08004ff8                USB_EPSetStall
 .text.USB_EPClearStall
                0x080050d4       0xcc ./Drivers/STM32F4xx_HAL_Driver/Src/stm32f4xx_ll_usb.o
                0x080050d4                USB_EPClearStall
 .text.USB_SetDevAddress
                0x080051a0       0x4c ./Drivers/STM32F4xx_HAL_Driver/Src/stm32f4xx_ll_usb.o
                0x080051a0                USB_SetDevAddress
 .text.USB_DevConnect
                0x080051ec       0x42 ./Drivers/STM32F4xx_HAL_Driver/Src/stm32f4xx_ll_usb.o
                0x080051ec                USB_DevConnect
 .text.USB_DevDisconnect
                0x0800522e       0x42 ./Drivers/STM32F4xx_HAL_Driver/Src/stm32f4xx_ll_usb.o
                0x0800522e                USB_DevDisconnect
 .text.USB_ReadInterrupts
                0x08005270       0x26 ./Drivers/STM32F4xx_HAL_Driver/Src/stm32f4xx_ll_usb.o
                0x08005270                USB_ReadInterrupts
 .text.USB_ReadDevAllOutEpInterrupt
                0x08005296       0x34 ./Drivers/STM32F4xx_HAL_Driver/Src/stm32f4xx_ll_usb.o
                0x08005296                USB_ReadDevAllOutEpInterrupt
 .text.USB_ReadDevAllInEpInterrupt
                0x080052ca       0x34 ./Drivers/STM32F4xx_HAL_Driver/Src/stm32f4xx_ll_usb.o
                0x080052ca                USB_ReadDevAllInEpInterrupt
 .text.USB_ReadDevOutEPInterrupt
                0x080052fe       0x3c ./Drivers/STM32F4xx_HAL_Driver/Src/stm32f4xx_ll_usb.o
                0x080052fe                USB_ReadDevOutEPInterrupt
 .text.USB_ReadDevInEPInterrupt
                0x0800533a       0x5c ./Drivers/STM32F4xx_HAL_Driver/Src/stm32f4xx_ll_usb.o
                0x0800533a                USB_ReadDevInEPInterrupt
 .text.USB_GetMode
                0x08005396       0x1c ./Drivers/STM32F4xx_HAL_Driver/Src/stm32f4xx_ll_usb.o
                0x08005396                USB_GetMode
 .text.USB_ActivateSetup
                0x080053b2       0x46 ./Drivers/STM32F4xx_HAL_Driver/Src/stm32f4xx_ll_usb.o
                0x080053b2                USB_ActivateSetup
 .text.USB_EP0_OutStart
                0x080053f8       0xbc ./Drivers/STM32F4xx_HAL_Driver/Src/stm32f4xx_ll_usb.o
                0x080053f8                USB_EP0_OutStart
 .text.USB_CoreReset
                0x080054b4       0x70 ./Drivers/STM32F4xx_HAL_Driver/Src/stm32f4xx_ll_usb.o
 .text.USBD_CDC_Init
                0x08005524      0x1f0 ./Middlewares/ST/STM32_USB_Device_Library/Class/CDC/Src/usbd_cdc.o
 .text.USBD_CDC_DeInit
                0x08005714      0x104 ./Middlewares/ST/STM32_USB_Device_Library/Class/CDC/Src/usbd_cdc.o
 .text.USBD_CDC_Setup
                0x08005818      0x1b8 ./Middlewares/ST/STM32_USB_Device_Library/Class/CDC/Src/usbd_cdc.o
 .text.USBD_CDC_DataIn
                0x080059d0       0xfe ./Middlewares/ST/STM32_USB_Device_Library/Class/CDC/Src/usbd_cdc.o
 .text.USBD_CDC_DataOut
                0x08005ace       0x70 ./Middlewares/ST/STM32_USB_Device_Library/Class/CDC/Src/usbd_cdc.o
 .text.USBD_CDC_EP0_RxReady
                0x08005b3e       0x74 ./Middlewares/ST/STM32_USB_Device_Library/Class/CDC/Src/usbd_cdc.o
 *fill*         0x08005bb2        0x2 
 .text.USBD_CDC_GetFSCfgDesc
                0x08005bb4       0x70 ./Middlewares/ST/STM32_USB_Device_Library/Class/CDC/Src/usbd_cdc.o
 .text.USBD_CDC_GetHSCfgDesc
                0x08005c24       0x70 ./Middlewares/ST/STM32_USB_Device_Library/Class/CDC/Src/usbd_cdc.o
 .text.USBD_CDC_GetOtherSpeedCfgDesc
                0x08005c94       0x70 ./Middlewares/ST/STM32_USB_Device_Library/Class/CDC/Src/usbd_cdc.o
 .text.USBD_CDC_GetDeviceQualifierDescriptor
                0x08005d04       0x20 ./Middlewares/ST/STM32_USB_Device_Library/Class/CDC/Src/usbd_cdc.o
                0x08005d04                USBD_CDC_GetDeviceQualifierDescriptor
 .text.USBD_CDC_RegisterInterface
                0x08005d24       0x34 ./Middlewares/ST/STM32_USB_Device_Library/Class/CDC/Src/usbd_cdc.o
                0x08005d24                USBD_CDC_RegisterInterface
 .text.USBD_CDC_SetTxBuffer
                0x08005d58       0x44 ./Middlewares/ST/STM32_USB_Device_Library/Class/CDC/Src/usbd_cdc.o
                0x08005d58                USBD_CDC_SetTxBuffer
 .text.USBD_CDC_SetRxBuffer
                0x08005d9c       0x3a ./Middlewares/ST/STM32_USB_Device_Library/Class/CDC/Src/usbd_cdc.o
                0x08005d9c                USBD_CDC_SetRxBuffer
 *fill*         0x08005dd6        0x2 
 .text.USBD_CDC_TransmitPacket
                0x08005dd8       0x80 ./Middlewares/ST/STM32_USB_Device_Library/Class/CDC/Src/usbd_cdc.o
                0x08005dd8                USBD_CDC_TransmitPacket
 .text.USBD_CDC_ReceivePacket
                0x08005e58       0x6c ./Middlewares/ST/STM32_USB_Device_Library/Class/CDC/Src/usbd_cdc.o
                0x08005e58                USBD_CDC_ReceivePacket
 .text.USBD_Init
                0x08005ec4       0x60 ./Middlewares/ST/STM32_USB_Device_Library/Core/Src/usbd_core.o
                0x08005ec4                USBD_Init
 .text.USBD_RegisterClass
                0x08005f24       0x6c ./Middlewares/ST/STM32_USB_Device_Library/Core/Src/usbd_core.o
                0x08005f24                USBD_RegisterClass
 .text.USBD_Start
                0x08005f90       0x18 ./Middlewares/ST/STM32_USB_Device_Library/Core/Src/usbd_core.o
                0x08005f90                USBD_Start
 .text.USBD_RunTestMode
                0x08005fa8       0x16 ./Middlewares/ST/STM32_USB_Device_Library/Core/Src/usbd_core.o
                0x08005fa8                USBD_RunTestMode
 .text.USBD_SetClassConfig
                0x08005fbe       0x38 ./Middlewares/ST/STM32_USB_Device_Library/Core/Src/usbd_core.o
                0x08005fbe                USBD_SetClassConfig
 .text.USBD_ClrClassConfig
                0x08005ff6       0x34 ./Middlewares/ST/STM32_USB_Device_Library/Core/Src/usbd_core.o
                0x08005ff6                USBD_ClrClassConfig
 .text.USBD_LL_SetupStage
                0x0800602a       0xaa ./Middlewares/ST/STM32_USB_Device_Library/Core/Src/usbd_core.o
                0x0800602a                USBD_LL_SetupStage
 .text.USBD_LL_DataOutStage
                0x080060d4      0x178 ./Middlewares/ST/STM32_USB_Device_Library/Core/Src/usbd_core.o
                0x080060d4                USBD_LL_DataOutStage
 .text.USBD_LL_DataInStage
                0x0800624c      0x176 ./Middlewares/ST/STM32_USB_Device_Library/Core/Src/usbd_core.o
                0x0800624c                USBD_LL_DataInStage
 .text.USBD_LL_Reset
                0x080063c2       0xa6 ./Middlewares/ST/STM32_USB_Device_Library/Core/Src/usbd_core.o
                0x080063c2                USBD_LL_Reset
 .text.USBD_LL_SetSpeed
                0x08006468       0x20 ./Middlewares/ST/STM32_USB_Device_Library/Core/Src/usbd_core.o
                0x08006468                USBD_LL_SetSpeed
 .text.USBD_LL_Suspend
                0x08006488       0x38 ./Middlewares/ST/STM32_USB_Device_Library/Core/Src/usbd_core.o
                0x08006488                USBD_LL_Suspend
 .text.USBD_LL_Resume
                0x080064c0       0x30 ./Middlewares/ST/STM32_USB_Device_Library/Core/Src/usbd_core.o
                0x080064c0                USBD_LL_Resume
 .text.USBD_LL_SOF
                0x080064f0       0x40 ./Middlewares/ST/STM32_USB_Device_Library/Core/Src/usbd_core.o
                0x080064f0                USBD_LL_SOF
 .text.USBD_LL_IsoINIncomplete
                0x08006530       0x64 ./Middlewares/ST/STM32_USB_Device_Library/Core/Src/usbd_core.o
                0x08006530                USBD_LL_IsoINIncomplete
 .text.USBD_LL_IsoOUTIncomplete
                0x08006594       0x64 ./Middlewares/ST/STM32_USB_Device_Library/Core/Src/usbd_core.o
                0x08006594                USBD_LL_IsoOUTIncomplete
 .text.USBD_LL_DevConnected
                0x080065f8       0x16 ./Middlewares/ST/STM32_USB_Device_Library/Core/Src/usbd_core.o
                0x080065f8                USBD_LL_DevConnected
 .text.USBD_LL_DevDisconnected
                0x0800660e       0x46 ./Middlewares/ST/STM32_USB_Device_Library/Core/Src/usbd_core.o
                0x0800660e                USBD_LL_DevDisconnected
 .text.USBD_CoreFindIF
                0x08006654       0x1a ./Middlewares/ST/STM32_USB_Device_Library/Core/Src/usbd_core.o
                0x08006654                USBD_CoreFindIF
 .text.USBD_CoreFindEP
                0x0800666e       0x1a ./Middlewares/ST/STM32_USB_Device_Library/Core/Src/usbd_core.o
                0x0800666e                USBD_CoreFindEP
 .text.USBD_GetEpDesc
                0x08006688       0x70 ./Middlewares/ST/STM32_USB_Device_Library/Core/Src/usbd_core.o
                0x08006688                USBD_GetEpDesc
 .text.USBD_GetNextDesc
                0x080066f8       0x38 ./Middlewares/ST/STM32_USB_Device_Library/Core/Src/usbd_core.o
                0x080066f8                USBD_GetNextDesc
 .text.SWAPBYTE
                0x08006730       0x3e ./Middlewares/ST/STM32_USB_Device_Library/Core/Src/usbd_ctlreq.o
 *fill*         0x0800676e        0x2 
 .text.USBD_StdDevReq
                0x08006770       0xe4 ./Middlewares/ST/STM32_USB_Device_Library/Core/Src/usbd_ctlreq.o
                0x08006770                USBD_StdDevReq
 .text.USBD_StdItfReq
                0x08006854       0xd8 ./Middlewares/ST/STM32_USB_Device_Library/Core/Src/usbd_ctlreq.o
                0x08006854                USBD_StdItfReq
 .text.USBD_StdEPReq
                0x0800692c      0x33e ./Middlewares/ST/STM32_USB_Device_Library/Core/Src/usbd_ctlreq.o
                0x0800692c                USBD_StdEPReq
 *fill*         0x08006c6a        0x2 
 .text.USBD_GetDescriptor
                0x08006c6c      0x2d4 ./Middlewares/ST/STM32_USB_Device_Library/Core/Src/usbd_ctlreq.o
 .text.USBD_SetAddress
                0x08006f40       0x88 ./Middlewares/ST/STM32_USB_Device_Library/Core/Src/usbd_ctlreq.o
 .text.USBD_SetConfig
                0x08006fc8      0x154 ./Middlewares/ST/STM32_USB_Device_Library/Core/Src/usbd_ctlreq.o
 .text.USBD_GetConfig
                0x0800711c       0x6c ./Middlewares/ST/STM32_USB_Device_Library/Core/Src/usbd_ctlreq.o
 .text.USBD_GetStatus
                0x08007188       0x68 ./Middlewares/ST/STM32_USB_Device_Library/Core/Src/usbd_ctlreq.o
 .text.USBD_SetFeature
                0x080071f0       0x52 ./Middlewares/ST/STM32_USB_Device_Library/Core/Src/usbd_ctlreq.o
 .text.USBD_ClrFeature
                0x08007242       0x44 ./Middlewares/ST/STM32_USB_Device_Library/Core/Src/usbd_ctlreq.o
 .text.USBD_ParseSetupRequest
                0x08007286       0x74 ./Middlewares/ST/STM32_USB_Device_Library/Core/Src/usbd_ctlreq.o
                0x08007286                USBD_ParseSetupRequest
 .text.USBD_CtlError
                0x080072fa       0x22 ./Middlewares/ST/STM32_USB_Device_Library/Core/Src/usbd_ctlreq.o
                0x080072fa                USBD_CtlError
 .text.USBD_GetString
                0x0800731c       0xa4 ./Middlewares/ST/STM32_USB_Device_Library/Core/Src/usbd_ctlreq.o
                0x0800731c                USBD_GetString
 .text.USBD_GetLen
                0x080073c0       0x34 ./Middlewares/ST/STM32_USB_Device_Library/Core/Src/usbd_ctlreq.o
 .text.USBD_CtlSendData
                0x080073f4       0x3c ./Middlewares/ST/STM32_USB_Device_Library/Core/Src/usbd_ioreq.o
                0x080073f4                USBD_CtlSendData
 .text.USBD_CtlContinueSendData
                0x08007430       0x22 ./Middlewares/ST/STM32_USB_Device_Library/Core/Src/usbd_ioreq.o
                0x08007430                USBD_CtlContinueSendData
 .text.USBD_CtlPrepareRx
                0x08007452       0x42 ./Middlewares/ST/STM32_USB_Device_Library/Core/Src/usbd_ioreq.o
                0x08007452                USBD_CtlPrepareRx
 .text.USBD_CtlContinueRx
                0x08007494       0x22 ./Middlewares/ST/STM32_USB_Device_Library/Core/Src/usbd_ioreq.o
                0x08007494                USBD_CtlContinueRx
 .text.USBD_CtlSendStatus
                0x080074b6       0x26 ./Middlewares/ST/STM32_USB_Device_Library/Core/Src/usbd_ioreq.o
                0x080074b6                USBD_CtlSendStatus
 .text.USBD_CtlReceiveStatus
                0x080074dc       0x26 ./Middlewares/ST/STM32_USB_Device_Library/Core/Src/usbd_ioreq.o
                0x080074dc                USBD_CtlReceiveStatus
 *fill*         0x08007502        0x2 
 .text.MX_USB_DEVICE_Init
                0x08007504       0x60 ./USB_DEVICE/App/usb_device.o
                0x08007504                MX_USB_DEVICE_Init
 .text.CDC_Init_FS
                0x08007564       0x28 ./USB_DEVICE/App/usbd_cdc_if.o
 .text.CDC_DeInit_FS
                0x0800758c       0x10 ./USB_DEVICE/App/usbd_cdc_if.o
 .text.CDC_Control_FS
                0x0800759c      0x15c ./USB_DEVICE/App/usbd_cdc_if.o
 .text.CDC_Receive_FS
                0x080076f8       0x28 ./USB_DEVICE/App/usbd_cdc_if.o
 .text.CDC_Transmit_FS
                0x08007720       0x4c ./USB_DEVICE/App/usbd_cdc_if.o
                0x08007720                CDC_Transmit_FS
 .text.CDC_TransmitCplt_FS
                0x0800776c       0x22 ./USB_DEVICE/App/usbd_cdc_if.o
 *fill*         0x0800778e        0x2 
 .text.USBD_FS_DeviceDescriptor
                0x08007790       0x24 ./USB_DEVICE/App/usbd_desc.o
                0x08007790                USBD_FS_DeviceDescriptor
 .text.USBD_FS_LangIDStrDescriptor
                0x080077b4       0x24 ./USB_DEVICE/App/usbd_desc.o
                0x080077b4                USBD_FS_LangIDStrDescriptor
 .text.USBD_FS_ProductStrDescriptor
                0x080077d8       0x3c ./USB_DEVICE/App/usbd_desc.o
                0x080077d8                USBD_FS_ProductStrDescriptor
 .text.USBD_FS_ManufacturerStrDescriptor
                0x08007814       0x28 ./USB_DEVICE/App/usbd_desc.o
                0x08007814                USBD_FS_ManufacturerStrDescriptor
 .text.USBD_FS_SerialStrDescriptor
                0x0800783c       0x24 ./USB_DEVICE/App/usbd_desc.o
                0x0800783c                USBD_FS_SerialStrDescriptor
 .text.USBD_FS_ConfigStrDescriptor
                0x08007860       0x3c ./USB_DEVICE/App/usbd_desc.o
                0x08007860                USBD_FS_ConfigStrDescriptor
 .text.USBD_FS_InterfaceStrDescriptor
                0x0800789c       0x3c ./USB_DEVICE/App/usbd_desc.o
                0x0800789c                USBD_FS_InterfaceStrDescriptor
 .text.Get_SerialNum
                0x080078d8       0x58 ./USB_DEVICE/App/usbd_desc.o
 .text.IntToUnicode
                0x08007930       0x7e ./USB_DEVICE/App/usbd_desc.o
 *fill*         0x080079ae        0x2 
 .text.HAL_PCD_MspInit
                0x080079b0       0xa8 ./USB_DEVICE/Target/usbd_conf.o
                0x080079b0                HAL_PCD_MspInit
 .text.HAL_PCD_SetupStageCallback
                0x08007a58       0x24 ./USB_DEVICE/Target/usbd_conf.o
                0x08007a58                HAL_PCD_SetupStageCallback
 .text.HAL_PCD_DataOutStageCallback
                0x08007a7c       0x36 ./USB_DEVICE/Target/usbd_conf.o
                0x08007a7c                HAL_PCD_DataOutStageCallback
 .text.HAL_PCD_DataInStageCallback
                0x08007ab2       0x34 ./USB_DEVICE/Target/usbd_conf.o
                0x08007ab2                HAL_PCD_DataInStageCallback
 .text.HAL_PCD_SOFCallback
                0x08007ae6       0x1c ./USB_DEVICE/Target/usbd_conf.o
                0x08007ae6                HAL_PCD_SOFCallback
 .text.HAL_PCD_ResetCallback
                0x08007b02       0x3c ./USB_DEVICE/Target/usbd_conf.o
                0x08007b02                HAL_PCD_ResetCallback
 *fill*         0x08007b3e        0x2 
 .text.HAL_PCD_SuspendCallback
                0x08007b40       0x4c ./USB_DEVICE/Target/usbd_conf.o
                0x08007b40                HAL_PCD_SuspendCallback
 .text.HAL_PCD_ResumeCallback
                0x08007b8c       0x1c ./USB_DEVICE/Target/usbd_conf.o
                0x08007b8c                HAL_PCD_ResumeCallback
 .text.HAL_PCD_ISOOUTIncompleteCallback
                0x08007ba8       0x24 ./USB_DEVICE/Target/usbd_conf.o
                0x08007ba8                HAL_PCD_ISOOUTIncompleteCallback
 .text.HAL_PCD_ISOINIncompleteCallback
                0x08007bcc       0x24 ./USB_DEVICE/Target/usbd_conf.o
                0x08007bcc                HAL_PCD_ISOINIncompleteCallback
 .text.HAL_PCD_ConnectCallback
                0x08007bf0       0x1c ./USB_DEVICE/Target/usbd_conf.o
                0x08007bf0                HAL_PCD_ConnectCallback
 .text.HAL_PCD_DisconnectCallback
                0x08007c0c       0x1c ./USB_DEVICE/Target/usbd_conf.o
                0x08007c0c                HAL_PCD_DisconnectCallback
 .text.USBD_LL_Init
                0x08007c28       0x98 ./USB_DEVICE/Target/usbd_conf.o
                0x08007c28                USBD_LL_Init
 .text.USBD_LL_Start
                0x08007cc0       0x36 ./USB_DEVICE/Target/usbd_conf.o
                0x08007cc0                USBD_LL_Start
 .text.USBD_LL_OpenEP
                0x08007cf6       0x4c ./USB_DEVICE/Target/usbd_conf.o
                0x08007cf6                USBD_LL_OpenEP
 .text.USBD_LL_CloseEP
                0x08007d42       0x3e ./USB_DEVICE/Target/usbd_conf.o
                0x08007d42                USBD_LL_CloseEP
 .text.USBD_LL_StallEP
                0x08007d80       0x3e ./USB_DEVICE/Target/usbd_conf.o
                0x08007d80                USBD_LL_StallEP
 .text.USBD_LL_ClearStallEP
                0x08007dbe       0x3e ./USB_DEVICE/Target/usbd_conf.o
                0x08007dbe                USBD_LL_ClearStallEP
 .text.USBD_LL_IsStallEP
                0x08007dfc       0x58 ./USB_DEVICE/Target/usbd_conf.o
                0x08007dfc                USBD_LL_IsStallEP
 .text.USBD_LL_SetUSBAddress
                0x08007e54       0x3e ./USB_DEVICE/Target/usbd_conf.o
                0x08007e54                USBD_LL_SetUSBAddress
 .text.USBD_LL_Transmit
                0x08007e92       0x42 ./USB_DEVICE/Target/usbd_conf.o
                0x08007e92                USBD_LL_Transmit
 .text.USBD_LL_PrepareReceive
                0x08007ed4       0x42 ./USB_DEVICE/Target/usbd_conf.o
                0x08007ed4                USBD_LL_PrepareReceive
 .text.USBD_LL_GetRxDataSize
                0x08007f16       0x26 ./USB_DEVICE/Target/usbd_conf.o
                0x08007f16                USBD_LL_GetRxDataSize
 .text.USBD_static_malloc
                0x08007f3c       0x1c ./USB_DEVICE/Target/usbd_conf.o
                0x08007f3c                USBD_static_malloc
 .text.USBD_static_free
                0x08007f58       0x14 ./USB_DEVICE/Target/usbd_conf.o
                0x08007f58                USBD_static_free
 .text.USBD_Get_USB_Status
                0x08007f6c       0x58 ./USB_DEVICE/Target/usbd_conf.o
                0x08007f6c                USBD_Get_USB_Status
 .text.snprintf
                0x08007fc4       0x6c /Applications/STM32CubeIDE.app/Contents/Eclipse/plugins/com.st.stm32cube.ide.mcu.externaltools.gnu-tools-for-stm32.13.3.rel1.macos64_1.0.100.202509120712/tools/bin/../lib/gcc/arm-none-eabi/13.3.1/../../../../arm-none-eabi/lib/thumb/v7e-m+fp/hard/libc_nano.a(libc_a-snprintf.o)
                0x08007fc4                snprintf
                0x08007fc4                sniprintf
 .text.memset   0x08008030       0x10 /Applications/STM32CubeIDE.app/Contents/Eclipse/plugins/com.st.stm32cube.ide.mcu.externaltools.gnu-tools-for-stm32.13.3.rel1.macos64_1.0.100.202509120712/tools/bin/../lib/gcc/arm-none-eabi/13.3.1/../../../../arm-none-eabi/lib/thumb/v7e-m+fp/hard/libc_nano.a(libc_a-memset.o)
                0x08008030                memset
 .text.__errno  0x08008040        0xc /Applications/STM32CubeIDE.app/Contents/Eclipse/plugins/com.st.stm32cube.ide.mcu.externaltools.gnu-tools-for-stm32.13.3.rel1.macos64_1.0.100.202509120712/tools/bin/../lib/gcc/arm-none-eabi/13.3.1/../../../../arm-none-eabi/lib/thumb/v7e-m+fp/hard/libc_nano.a(libc_a-errno.o)
                0x08008040                __errno
 .text.__libc_init_array
                0x0800804c       0x48 /Applications/STM32CubeIDE.app/Contents/Eclipse/plugins/com.st.stm32cube.ide.mcu.externaltools.gnu-tools-for-stm32.13.3.rel1.macos64_1.0.100.202509120712/tools/bin/../lib/gcc/arm-none-eabi/13.3.1/../../../../arm-none-eabi/lib/thumb/v7e-m+fp/hard/libc_nano.a(libc_a-init.o)
                0x0800804c                __libc_init_array
 .text.__retarget_lock_acquire_recursive
                0x08008094        0x2 /Applications/STM32CubeIDE.app/Contents/Eclipse/plugins/com.st.stm32cube.ide.mcu.externaltools.gnu-tools-for-stm32.13.3.rel1.macos64_1.0.100.202509120712/tools/bin/../lib/gcc/arm-none-eabi/13.3.1/../../../../arm-none-eabi/lib/thumb/v7e-m+fp/hard/libc_nano.a(libc_a-lock.o)
                0x08008094                __retarget_lock_acquire_recursive
 .text.__retarget_lock_release_recursive
                0x08008096        0x2 /Applications/STM32CubeIDE.app/Contents/Eclipse/plugins/com.st.stm32cube.ide.mcu.externaltools.gnu-tools-for-stm32.13.3.rel1.macos64_1.0.100.202509120712/tools/bin/../lib/gcc/arm-none-eabi/13.3.1/../../../../arm-none-eabi/lib/thumb/v7e-m+fp/hard/libc_nano.a(libc_a-lock.o)
                0x08008096                __retarget_lock_release_recursive
 .text.memcpy   0x08008098       0x1c /Applications/STM32CubeIDE.app/Contents/Eclipse/plugins/com.st.stm32cube.ide.mcu.externaltools.gnu-tools-for-stm32.13.3.rel1.macos64_1.0.100.202509120712/tools/bin/../lib/gcc/arm-none-eabi/13.3.1/../../../../arm-none-eabi/lib/thumb/v7e-m+fp/hard/libc_nano.a(libc_a-memcpy-stub.o)
                0x08008098                memcpy
 .text.__ssputs_r
                0x080080b4       0xb6 /Applications/STM32CubeIDE.app/Contents/Eclipse/plugins/com.st.stm32cube.ide.mcu.externaltools.gnu-tools-for-stm32.13.3.rel1.macos64_1.0.100.202509120712/tools/bin/../lib/gcc/arm-none-eabi/13.3.1/../../../../arm-none-eabi/lib/thumb/v7e-m+fp/hard/libc_nano.a(libc_a-nano-svfprintf.o)
                0x080080b4                __ssputs_r
 *fill*         0x0800816a        0x2 
 .text._svfprintf_r
                0x0800816c      0x1f8 /Applications/STM32CubeIDE.app/Contents/Eclipse/plugins/com.st.stm32cube.ide.mcu.externaltools.gnu-tools-for-stm32.13.3.rel1.macos64_1.0.100.202509120712/tools/bin/../lib/gcc/arm-none-eabi/13.3.1/../../../../arm-none-eabi/lib/thumb/v7e-m+fp/hard/libc_nano.a(libc_a-nano-svfprintf.o)
                0x0800816c                _svfprintf_r
                0x0800816c                _svfiprintf_r
 .text.sbrk_aligned
                0x08008364       0x44 /Applications/STM32CubeIDE.app/Contents/Eclipse/plugins/com.st.stm32cube.ide.mcu.externaltools.gnu-tools-for-stm32.13.3.rel1.macos64_1.0.100.202509120712/tools/bin/../lib/gcc/arm-none-eabi/13.3.1/../../../../arm-none-eabi/lib/thumb/v7e-m+fp/hard/libc_nano.a(libc_a-mallocr.o)
 .text._malloc_r
                0x080083a8      0x100 /Applications/STM32CubeIDE.app/Contents/Eclipse/plugins/com.st.stm32cube.ide.mcu.externaltools.gnu-tools-for-stm32.13.3.rel1.macos64_1.0.100.202509120712/tools/bin/../lib/gcc/arm-none-eabi/13.3.1/../../../../arm-none-eabi/lib/thumb/v7e-m+fp/hard/libc_nano.a(libc_a-mallocr.o)
                0x080083a8                _malloc_r
 .text._printf_common
                0x080084a8       0xda /Applications/STM32CubeIDE.app/Contents/Eclipse/plugins/com.st.stm32cube.ide.mcu.externaltools.gnu-tools-for-stm32.13.3.rel1.macos64_1.0.100.202509120712/tools/bin/../lib/gcc/arm-none-eabi/13.3.1/../../../../arm-none-eabi/lib/thumb/v7e-m+fp/hard/libc_nano.a(libc_a-nano-vfprintf_i.o)
                0x080084a8                _printf_common
 *fill*         0x08008582        0x2 
 .text._printf_i
                0x08008584      0x23c /Applications/STM32CubeIDE.app/Contents/Eclipse/plugins/com.st.stm32cube.ide.mcu.externaltools.gnu-tools-for-stm32.13.3.rel1.macos64_1.0.100.202509120712/tools/bin/../lib/gcc/arm-none-eabi/13.3.1/../../../../arm-none-eabi/lib/thumb/v7e-m+fp/hard/libc_nano.a(libc_a-nano-vfprintf_i.o)
                0x08008584                _printf_i
 .text.__malloc_lock
                0x080087c0        0xc /Applications/STM32CubeIDE.app/Contents/Eclipse/plugins/com.st.stm32cube.ide.mcu.externaltools.gnu-tools-for-stm32.13.3.rel1.macos64_1.0.100.202509120712/tools/bin/../lib/gcc/arm-none-eabi/13.3.1/../../../../arm-none-eabi/lib/thumb/v7e-m+fp/hard/libc_nano.a(libc_a-mlock.o)
                0x080087c0                __malloc_lock
 .text.__malloc_unlock
                0x080087cc        0xc /Applications/STM32CubeIDE.app/Contents/Eclipse/plugins/com.st.stm32cube.ide.mcu.externaltools.gnu-tools-for-stm32.13.3.rel1.macos64_1.0.100.202509120712/tools/bin/../lib/gcc/arm-none-eabi/13.3.1/../../../../arm-none-eabi/lib/thumb/v7e-m+fp/hard/libc_nano.a(libc_a-mlock.o)
                0x080087cc                __malloc_unlock
 .text._realloc_r
                0x080087d8       0x5c /Applications/STM32CubeIDE.app/Contents/Eclipse/plugins/com.st.stm32cube.ide.mcu.externaltools.gnu-tools-for-stm32.13.3.rel1.macos64_1.0.100.202509120712/tools/bin/../lib/gcc/arm-none-eabi/13.3.1/../../../../arm-none-eabi/lib/thumb/v7e-m+fp/hard/libc_nano.a(libc_a-reallocr.o)
                0x080087d8                _realloc_r
 .text.memmove  0x08008834       0x34 /Applications/STM32CubeIDE.app/Contents/Eclipse/plugins/com.st.stm32cube.ide.mcu.externaltools.gnu-tools-for-stm32.13.3.rel1.macos64_1.0.100.202509120712/tools/bin/../lib/gcc/arm-none-eabi/13.3.1/../../../../arm-none-eabi/lib/thumb/v7e-m+fp/hard/libc_nano.a(libc_a-memmove.o)
                0x08008834                memmove
 .text._sbrk_r  0x08008868       0x20 /Applications/STM32CubeIDE.app/Contents/Eclipse/plugins/com.st.stm32cube.ide.mcu.externaltools.gnu-tools-for-stm32.13.3.rel1.macos64_1.0.100.202509120712/tools/bin/../lib/gcc/arm-none-eabi/13.3.1/../../../../arm-none-eabi/lib/thumb/v7e-m+fp/hard/libc_nano.a(libc_a-sbrkr.o)
                0x08008868                _sbrk_r
 .text._free_r  0x08008888       0x94 /Applications/STM32CubeIDE.app/Contents/Eclipse/plugins/com.st.stm32cube.ide.mcu.externaltools.gnu-tools-for-stm32.13.3.rel1.macos64_1.0.100.202509120712/tools/bin/../lib/gcc/arm-none-eabi/13.3.1/../../../../arm-none-eabi/lib/thumb/v7e-m+fp/hard/libc_nano.a(libc_a-freer.o)
                0x08008888                _free_r
 .text._malloc_usable_size_r
                0x0800891c       0x10 /Applications/STM32CubeIDE.app/Contents/Eclipse/plugins/com.st.stm32cube.ide.mcu.externaltools.gnu-tools-for-stm32.13.3.rel1.macos64_1.0.100.202509120712/tools/bin/../lib/gcc/arm-none-eabi/13.3.1/../../../../arm-none-eabi/lib/thumb/v7e-m+fp/hard/libc_nano.a(libc_a-msizer.o)
                0x0800891c                _malloc_usable_size_r
 *(.glue_7)
 .glue_7        0x0800892c        0x0 linker stubs
 *(.glue_7t)
 .glue_7t       0x0800892c        0x0 linker stubs
 *(.eh_frame)
 .eh_frame      0x0800892c        0x0 /Applications/STM32CubeIDE.app/Contents/Eclipse/plugins/com.st.stm32cube.ide.mcu.externaltools.gnu-tools-for-stm32.13.3.rel1.macos64_1.0.100.202509120712/tools/bin/../lib/gcc/arm-none-eabi/13.3.1/thumb/v7e-m+fp/hard/crtbegin.o
 *(.init)
 .init          0x0800892c        0x4 /Applications/STM32CubeIDE.app/Contents/Eclipse/plugins/com.st.stm32cube.ide.mcu.externaltools.gnu-tools-for-stm32.13.3.rel1.macos64_1.0.100.202509120712/tools/bin/../lib/gcc/arm-none-eabi/13.3.1/thumb/v7e-m+fp/hard/crti.o
                0x0800892c                _init
 .init          0x08008930        0x8 /Applications/STM32CubeIDE.app/Contents/Eclipse/plugins/com.st.stm32cube.ide.mcu.externaltools.gnu-tools-for-stm32.13.3.rel1.macos64_1.0.100.202509120712/tools/bin/../lib/gcc/arm-none-eabi/13.3.1/thumb/v7e-m+fp/hard/crtn.o
 *(.fini)
 .fini          0x08008938        0x4 /Applications/STM32CubeIDE.app/Contents/Eclipse/plugins/com.st.stm32cube.ide.mcu.externaltools.gnu-tools-for-stm32.13.3.rel1.macos64_1.0.100.202509120712/tools/bin/../lib/gcc/arm-none-eabi/13.3.1/thumb/v7e-m+fp/hard/crti.o
                0x08008938                _fini
 .fini          0x0800893c        0x8 /Applications/STM32CubeIDE.app/Contents/Eclipse/plugins/com.st.stm32cube.ide.mcu.externaltools.gnu-tools-for-stm32.13.3.rel1.macos64_1.0.100.202509120712/tools/bin/../lib/gcc/arm-none-eabi/13.3.1/thumb/v7e-m+fp/hard/crtn.o
                0x08008944                        . = ALIGN (0x4)
                0x08008944                        _etext = .

.vfp11_veneer   0x08008944        0x0
 .vfp11_veneer  0x08008944        0x0 linker stubs

.v4_bx          0x08008944        0x0
 .v4_bx         0x08008944        0x0 linker stubs

.iplt           0x08008944        0x0
 .iplt          0x08008944        0x0 /Applications/STM32CubeIDE.app/Contents/Eclipse/plugins/com.st.stm32cube.ide.mcu.externaltools.gnu-tools-for-stm32.13.3.rel1.macos64_1.0.100.202509120712/tools/bin/../lib/gcc/arm-none-eabi/13.3.1/thumb/v7e-m+fp/hard/crtbegin.o

.rodata         0x08008944       0xc0
                0x08008944                        . = ALIGN (0x4)
 *(.rodata)
 .rodata        0x08008944       0x2b ./Core/Src/main.o
 *fill*         0x0800896f        0x1 
 .rodata        0x08008970       0x46 ./USB_DEVICE/App/usbd_desc.o
 *(.rodata*)
 *fill*         0x080089b6        0x2 
 .rodata.AHBPrescTable
                0x080089b8       0x10 ./Core/Src/system_stm32f4xx.o
                0x080089b8                AHBPrescTable
 .rodata.APBPrescTable
                0x080089c8        0x8 ./Core/Src/system_stm32f4xx.o
                0x080089c8                APBPrescTable
 .rodata._svfprintf_r.str1.1
                0x080089d0       0x33 /Applications/STM32CubeIDE.app/Contents/Eclipse/plugins/com.st.stm32cube.ide.mcu.externaltools.gnu-tools-for-stm32.13.3.rel1.macos64_1.0.100.202509120712/tools/bin/../lib/gcc/arm-none-eabi/13.3.1/../../../../arm-none-eabi/lib/thumb/v7e-m+fp/hard/libc_nano.a(libc_a-nano-svfprintf.o)
                                 0x11 (size before relaxing)
 .rodata._printf_i.str1.1
                0x08008a03        0x0 /Applications/STM32CubeIDE.app/Contents/Eclipse/plugins/com.st.stm32cube.ide.mcu.externaltools.gnu-tools-for-stm32.13.3.rel1.macos64_1.0.100.202509120712/tools/bin/../lib/gcc/arm-none-eabi/13.3.1/../../../../arm-none-eabi/lib/thumb/v7e-m+fp/hard/libc_nano.a(libc_a-nano-vfprintf_i.o)
                                 0x22 (size before relaxing)
                0x08008a04                        . = ALIGN (0x4)
 *fill*         0x08008a03        0x1 

.ARM.extab      0x08008a04        0x0
                0x08008a04                        . = ALIGN (0x4)
 *(.ARM.extab* .gnu.linkonce.armextab.*)
                0x08008a04                        . = ALIGN (0x4)

.ARM            0x08008a04        0x8
                0x08008a04                        . = ALIGN (0x4)
                0x08008a04                        __exidx_start = .
 *(.ARM.exidx*)
 .ARM.exidx     0x08008a04        0x8 /Applications/STM32CubeIDE.app/Contents/Eclipse/plugins/com.st.stm32cube.ide.mcu.externaltools.gnu-tools-for-stm32.13.3.rel1.macos64_1.0.100.202509120712/tools/bin/../lib/gcc/arm-none-eabi/13.3.1/../../../../arm-none-eabi/lib/thumb/v7e-m+fp/hard/libc_nano.a(libc_a-strlen.o)
 .ARM.exidx     0x08008a0c        0x0 /Applications/STM32CubeIDE.app/Contents/Eclipse/plugins/com.st.stm32cube.ide.mcu.externaltools.gnu-tools-for-stm32.13.3.rel1.macos64_1.0.100.202509120712/tools/bin/../lib/gcc/arm-none-eabi/13.3.1/../../../../arm-none-eabi/lib/thumb/v7e-m+fp/hard/libc_nano.a(libc_a-memchr.o)
                                  0x8 (size before relaxing)
 .ARM.exidx     0x08008a0c        0x0 /Applications/STM32CubeIDE.app/Contents/Eclipse/plugins/com.st.stm32cube.ide.mcu.externaltools.gnu-tools-for-stm32.13.3.rel1.macos64_1.0.100.202509120712/tools/bin/../lib/gcc/arm-none-eabi/13.3.1/thumb/v7e-m+fp/hard/libgcc.a(_udivmoddi4.o)
                                  0x8 (size before relaxing)
                0x08008a0c                        __exidx_end = .
                0x08008a0c                        . = ALIGN (0x4)

.preinit_array  0x08008a0c        0x0
                0x08008a0c                        . = ALIGN (0x4)
                0x08008a0c                        PROVIDE (__preinit_array_start = .)
 *(.preinit_array*)
                0x08008a0c                        PROVIDE (__preinit_array_end = .)
                0x08008a0c                        . = ALIGN (0x4)

.init_array     0x08008a0c        0x4
                0x08008a0c                        . = ALIGN (0x4)
                0x08008a0c                        PROVIDE (__init_array_start = .)
 *(SORT_BY_NAME(.init_array.*))
 *(.init_array*)
 .init_array    0x08008a0c        0x4 /Applications/STM32CubeIDE.app/Contents/Eclipse/plugins/com.st.stm32cube.ide.mcu.externaltools.gnu-tools-for-stm32.13.3.rel1.macos64_1.0.100.202509120712/tools/bin/../lib/gcc/arm-none-eabi/13.3.1/thumb/v7e-m+fp/hard/crtbegin.o
                0x08008a10                        PROVIDE (__init_array_end = .)
                0x08008a10                        . = ALIGN (0x4)

.fini_array     0x08008a10        0x4
                0x08008a10                        . = ALIGN (0x4)
                [!provide]                        PROVIDE (__fini_array_start = .)
 *(SORT_BY_NAME(.fini_array.*))
 *(.fini_array*)
 .fini_array    0x08008a10        0x4 /Applications/STM32CubeIDE.app/Contents/Eclipse/plugins/com.st.stm32cube.ide.mcu.externaltools.gnu-tools-for-stm32.13.3.rel1.macos64_1.0.100.202509120712/tools/bin/../lib/gcc/arm-none-eabi/13.3.1/thumb/v7e-m+fp/hard/crtbegin.o
                [!provide]                        PROVIDE (__fini_array_end = .)
                0x08008a14                        . = ALIGN (0x4)
                0x08008a14                        _sidata = LOADADDR (.data)

.rel.dyn        0x08008a14        0x0
 .rel.iplt      0x08008a14        0x0 /Applications/STM32CubeIDE.app/Contents/Eclipse/plugins/com.st.stm32cube.ide.mcu.externaltools.gnu-tools-for-stm32.13.3.rel1.macos64_1.0.100.202509120712/tools/bin/../lib/gcc/arm-none-eabi/13.3.1/thumb/v7e-m+fp/hard/crtbegin.o

.data           0x20000000      0x154 load address 0x08008a14
                0x20000000                        . = ALIGN (0x4)
                0x20000000                        _sdata = .
 *(.data)
 *(.data*)
 .data.SystemCoreClock
                0x20000000        0x4 ./Core/Src/system_stm32f4xx.o
                0x20000000                SystemCoreClock
 .data.uwTickPrio
                0x20000004        0x4 ./Drivers/STM32F4xx_HAL_Driver/Src/stm32f4xx_hal.o
                0x20000004                uwTickPrio
 .data.uwTickFreq
                0x20000008        0x1 ./Drivers/STM32F4xx_HAL_Driver/Src/stm32f4xx_hal.o
                0x20000008                uwTickFreq
 *fill*         0x20000009        0x3 
 .data.USBD_CDC_DeviceQualifierDesc
                0x2000000c        0xa ./Middlewares/ST/STM32_USB_Device_Library/Class/CDC/Src/usbd_cdc.o
 *fill*         0x20000016        0x2 
 .data.USBD_CDC
                0x20000018       0x38 ./Middlewares/ST/STM32_USB_Device_Library/Class/CDC/Src/usbd_cdc.o
                0x20000018                USBD_CDC
 .data.USBD_CDC_CfgDesc
                0x20000050       0x43 ./Middlewares/ST/STM32_USB_Device_Library/Class/CDC/Src/usbd_cdc.o
 .data.CDCInEpAdd
                0x20000093        0x1 ./Middlewares/ST/STM32_USB_Device_Library/Class/CDC/Src/usbd_cdc.o
 .data.CDCOutEpAdd
                0x20000094        0x1 ./Middlewares/ST/STM32_USB_Device_Library/Class/CDC/Src/usbd_cdc.o
 .data.CDCCmdEpAdd
                0x20000095        0x1 ./Middlewares/ST/STM32_USB_Device_Library/Class/CDC/Src/usbd_cdc.o
 *fill*         0x20000096        0x2 
 .data.LineCoding
                0x20000098        0x8 ./USB_DEVICE/App/usbd_cdc_if.o
                0x20000098                LineCoding
 .data.USBD_Interface_fops_FS
                0x200000a0       0x14 ./USB_DEVICE/App/usbd_cdc_if.o
                0x200000a0                USBD_Interface_fops_FS
 .data.FS_Desc  0x200000b4       0x1c ./USB_DEVICE/App/usbd_desc.o
                0x200000b4                FS_Desc
 .data.USBD_FS_DeviceDesc
                0x200000d0       0x12 ./USB_DEVICE/App/usbd_desc.o
                0x200000d0                USBD_FS_DeviceDesc
 *fill*         0x200000e2        0x2 
 .data.USBD_LangIDDesc
                0x200000e4        0x4 ./USB_DEVICE/App/usbd_desc.o
                0x200000e4                USBD_LangIDDesc
 .data.USBD_StringSerial
                0x200000e8       0x1a ./USB_DEVICE/App/usbd_desc.o
                0x200000e8                USBD_StringSerial
 *fill*         0x20000102        0x2 
 .data._impure_ptr
                0x20000104        0x4 /Applications/STM32CubeIDE.app/Contents/Eclipse/plugins/com.st.stm32cube.ide.mcu.externaltools.gnu-tools-for-stm32.13.3.rel1.macos64_1.0.100.202509120712/tools/bin/../lib/gcc/arm-none-eabi/13.3.1/../../../../arm-none-eabi/lib/thumb/v7e-m+fp/hard/libc_nano.a(libc_a-impure.o)
                0x20000104                _impure_ptr
 .data._impure_data
                0x20000108       0x4c /Applications/STM32CubeIDE.app/Contents/Eclipse/plugins/com.st.stm32cube.ide.mcu.externaltools.gnu-tools-for-stm32.13.3.rel1.macos64_1.0.100.202509120712/tools/bin/../lib/gcc/arm-none-eabi/13.3.1/../../../../arm-none-eabi/lib/thumb/v7e-m+fp/hard/libc_nano.a(libc_a-impure.o)
                0x20000108                _impure_data
 *(.RamFunc)
 *(.RamFunc*)
                0x20000154                        . = ALIGN (0x4)
                0x20000154                        _edata = .

.igot.plt       0x20000154        0x0 load address 0x08008b68
 .igot.plt      0x20000154        0x0 /Applications/STM32CubeIDE.app/Contents/Eclipse/plugins/com.st.stm32cube.ide.mcu.externaltools.gnu-tools-for-stm32.13.3.rel1.macos64_1.0.100.202509120712/tools/bin/../lib/gcc/arm-none-eabi/13.3.1/thumb/v7e-m+fp/hard/crtbegin.o
                0x20000154                        . = ALIGN (0x4)

.bss            0x20000154     0x1e60 load address 0x08008b68
                0x20000154                        _sbss = .
                0x20000154                        __bss_start__ = _sbss
 *(.bss)
 .bss           0x20000154       0x1c /Applications/STM32CubeIDE.app/Contents/Eclipse/plugins/com.st.stm32cube.ide.mcu.externaltools.gnu-tools-for-stm32.13.3.rel1.macos64_1.0.100.202509120712/tools/bin/../lib/gcc/arm-none-eabi/13.3.1/thumb/v7e-m+fp/hard/crtbegin.o
 *(.bss*)
 .bss.hadc1     0x20000170       0x48 ./Core/Src/main.o
                0x20000170                hadc1
 .bss.huart2    0x200001b8       0x48 ./Core/Src/main.o
                0x200001b8                huart2
 .bss.usbTxBuf  0x20000200       0x80 ./Core/Src/main.o
                0x20000200                usbTxBuf
 .bss.__sbrk_heap_end
                0x20000280        0x4 ./Core/Src/sysmem.o
 .bss.uwTick    0x20000284        0x4 ./Drivers/STM32F4xx_HAL_Driver/Src/stm32f4xx_hal.o
                0x20000284                uwTick
 .bss.cfgidx.0  0x20000288        0x1 ./Middlewares/ST/STM32_USB_Device_Library/Core/Src/usbd_ctlreq.o
 *fill*         0x20000289        0x3 
 .bss.hUsbDeviceFS
                0x2000028c      0x2dc ./USB_DEVICE/App/usb_device.o
                0x2000028c                hUsbDeviceFS
 .bss.UserRxBufferFS
                0x20000568      0x800 ./USB_DEVICE/App/usbd_cdc_if.o
                0x20000568                UserRxBufferFS
 .bss.UserTxBufferFS
                0x20000d68      0x800 ./USB_DEVICE/App/usbd_cdc_if.o
                0x20000d68                UserTxBufferFS
 .bss.USBD_StrDesc
                0x20001568      0x200 ./USB_DEVICE/App/usbd_desc.o
                0x20001568                USBD_StrDesc
 .bss.hpcd_USB_OTG_FS
                0x20001768      0x4e4 ./USB_DEVICE/Target/usbd_conf.o
                0x20001768                hpcd_USB_OTG_FS
 .bss.mem.0     0x20001c4c      0x220 ./USB_DEVICE/Target/usbd_conf.o
 .bss.__sf      0x20001e6c      0x138 /Applications/STM32CubeIDE.app/Contents/Eclipse/plugins/com.st.stm32cube.ide.mcu.externaltools.gnu-tools-for-stm32.13.3.rel1.macos64_1.0.100.202509120712/tools/bin/../lib/gcc/arm-none-eabi/13.3.1/../../../../arm-none-eabi/lib/thumb/v7e-m+fp/hard/libc_nano.a(libc_a-findfp.o)
                0x20001e6c                __sf
 .bss.__lock___malloc_recursive_mutex
                0x20001fa4        0x1 /Applications/STM32CubeIDE.app/Contents/Eclipse/plugins/com.st.stm32cube.ide.mcu.externaltools.gnu-tools-for-stm32.13.3.rel1.macos64_1.0.100.202509120712/tools/bin/../lib/gcc/arm-none-eabi/13.3.1/../../../../arm-none-eabi/lib/thumb/v7e-m+fp/hard/libc_nano.a(libc_a-lock.o)
                0x20001fa4                __lock___malloc_recursive_mutex
 *fill*         0x20001fa5        0x3 
 .bss.__malloc_sbrk_start
                0x20001fa8        0x4 /Applications/STM32CubeIDE.app/Contents/Eclipse/plugins/com.st.stm32cube.ide.mcu.externaltools.gnu-tools-for-stm32.13.3.rel1.macos64_1.0.100.202509120712/tools/bin/../lib/gcc/arm-none-eabi/13.3.1/../../../../arm-none-eabi/lib/thumb/v7e-m+fp/hard/libc_nano.a(libc_a-mallocr.o)
                0x20001fa8                __malloc_sbrk_start
 .bss.__malloc_free_list
                0x20001fac        0x4 /Applications/STM32CubeIDE.app/Contents/Eclipse/plugins/com.st.stm32cube.ide.mcu.externaltools.gnu-tools-for-stm32.13.3.rel1.macos64_1.0.100.202509120712/tools/bin/../lib/gcc/arm-none-eabi/13.3.1/../../../../arm-none-eabi/lib/thumb/v7e-m+fp/hard/libc_nano.a(libc_a-mallocr.o)
                0x20001fac                __malloc_free_list
 .bss.errno     0x20001fb0        0x4 /Applications/STM32CubeIDE.app/Contents/Eclipse/plugins/com.st.stm32cube.ide.mcu.externaltools.gnu-tools-for-stm32.13.3.rel1.macos64_1.0.100.202509120712/tools/bin/../lib/gcc/arm-none-eabi/13.3.1/../../../../arm-none-eabi/lib/thumb/v7e-m+fp/hard/libc_nano.a(libc_a-reent.o)
                0x20001fb0                errno
 *(COMMON)
                0x20001fb4                        . = ALIGN (0x4)
                0x20001fb4                        _ebss = .
                0x20001fb4                        __bss_end__ = _ebss

._user_heap_stack
                0x20001fb4      0x604 load address 0x08008b68
                0x20001fb8                        . = ALIGN (0x8)
 *fill*         0x20001fb4        0x4 
                [!provide]                        PROVIDE (end = .)
                0x20001fb8                        PROVIDE (_end = .)
                0x200021b8                        . = (. + _Min_Heap_Size)
 *fill*         0x20001fb8      0x200 
                0x200025b8                        . = (. + _Min_Stack_Size)
 *fill*         0x200021b8      0x400 
                0x200025b8                        . = ALIGN (0x8)

/DISCARD/
 libc.a(*)
 libm.a(*)
 libgcc.a(*)

.ARM.attributes
                0x00000000       0x30
 *(.ARM.attributes)
 .ARM.attributes
                0x00000000       0x22 /Applications/STM32CubeIDE.app/Contents/Eclipse/plugins/com.st.stm32cube.ide.mcu.externaltools.gnu-tools-for-stm32.13.3.rel1.macos64_1.0.100.202509120712/tools/bin/../lib/gcc/arm-none-eabi/13.3.1/thumb/v7e-m+fp/hard/crti.o
 .ARM.attributes
                0x00000022       0x34 /Applications/STM32CubeIDE.app/Contents/Eclipse/plugins/com.st.stm32cube.ide.mcu.externaltools.gnu-tools-for-stm32.13.3.rel1.macos64_1.0.100.202509120712/tools/bin/../lib/gcc/arm-none-eabi/13.3.1/thumb/v7e-m+fp/hard/crtbegin.o
 .ARM.attributes
                0x00000056       0x34 ./Core/Src/main.o
 .ARM.attributes
                0x0000008a       0x34 ./Core/Src/stm32f4xx_hal_msp.o
 .ARM.attributes
                0x000000be       0x34 ./Core/Src/stm32f4xx_it.o
 .ARM.attributes
                0x000000f2       0x34 ./Core/Src/sysmem.o
 .ARM.attributes
                0x00000126       0x34 ./Core/Src/system_stm32f4xx.o
 .ARM.attributes
                0x0000015a       0x21 ./Core/Startup/startup_stm32f411retx.o
 .ARM.attributes
                0x0000017b       0x34 ./Drivers/STM32F4xx_HAL_Driver/Src/stm32f4xx_hal.o
 .ARM.attributes
                0x000001af       0x34 ./Drivers/STM32F4xx_HAL_Driver/Src/stm32f4xx_hal_adc.o
 .ARM.attributes
                0x000001e3       0x34 ./Drivers/STM32F4xx_HAL_Driver/Src/stm32f4xx_hal_cortex.o
 .ARM.attributes
                0x00000217       0x34 ./Drivers/STM32F4xx_HAL_Driver/Src/stm32f4xx_hal_gpio.o
 .ARM.attributes
                0x0000024b       0x34 ./Drivers/STM32F4xx_HAL_Driver/Src/stm32f4xx_hal_pcd.o
 .ARM.attributes
                0x0000027f       0x34 ./Drivers/STM32F4xx_HAL_Driver/Src/stm32f4xx_hal_pcd_ex.o
 .ARM.attributes
                0x000002b3       0x34 ./Drivers/STM32F4xx_HAL_Driver/Src/stm32f4xx_hal_rcc.o
 .ARM.attributes
                0x000002e7       0x34 ./Drivers/STM32F4xx_HAL_Driver/Src/stm32f4xx_hal_uart.o
 .ARM.attributes
                0x0000031b       0x34 ./Drivers/STM32F4xx_HAL_Driver/Src/stm32f4xx_ll_usb.o
 .ARM.attributes
                0x0000034f       0x34 ./Middlewares/ST/STM32_USB_Device_Library/Class/CDC/Src/usbd_cdc.o
 .ARM.attributes
                0x00000383       0x34 ./Middlewares/ST/STM32_USB_Device_Library/Core/Src/usbd_core.o
 .ARM.attributes
                0x000003b7       0x34 ./Middlewares/ST/STM32_USB_Device_Library/Core/Src/usbd_ctlreq.o
 .ARM.attributes
                0x000003eb       0x34 ./Middlewares/ST/STM32_USB_Device_Library/Core/Src/usbd_ioreq.o
 .ARM.attributes
                0x0000041f       0x34 ./USB_DEVICE/App/usb_device.o
 .ARM.attributes
                0x00000453       0x34 ./USB_DEVICE/App/usbd_cdc_if.o
 .ARM.attributes
                0x00000487       0x34 ./USB_DEVICE/App/usbd_desc.o
 .ARM.attributes
                0x000004bb       0x34 ./USB_DEVICE/Target/usbd_conf.o
 .ARM.attributes
                0x000004ef       0x34 /Applications/STM32CubeIDE.app/Contents/Eclipse/plugins/com.st.stm32cube.ide.mcu.externaltools.gnu-tools-for-stm32.13.3.rel1.macos64_1.0.100.202509120712/tools/bin/../lib/gcc/arm-none-eabi/13.3.1/../../../../arm-none-eabi/lib/thumb/v7e-m+fp/hard/libc_nano.a(libc_a-snprintf.o)
 .ARM.attributes
                0x00000523       0x34 /Applications/STM32CubeIDE.app/Contents/Eclipse/plugins/com.st.stm32cube.ide.mcu.externaltools.gnu-tools-for-stm32.13.3.rel1.macos64_1.0.100.202509120712/tools/bin/../lib/gcc/arm-none-eabi/13.3.1/../../../../arm-none-eabi/lib/thumb/v7e-m+fp/hard/libc_nano.a(libc_a-findfp.o)
 .ARM.attributes
                0x00000557       0x34 /Applications/STM32CubeIDE.app/Contents/Eclipse/plugins/com.st.stm32cube.ide.mcu.externaltools.gnu-tools-for-stm32.13.3.rel1.macos64_1.0.100.202509120712/tools/bin/../lib/gcc/arm-none-eabi/13.3.1/../../../../arm-none-eabi/lib/thumb/v7e-m+fp/hard/libc_nano.a(libc_a-memset.o)
 .ARM.attributes
                0x0000058b       0x34 /Applications/STM32CubeIDE.app/Contents/Eclipse/plugins/com.st.stm32cube.ide.mcu.externaltools.gnu-tools-for-stm32.13.3.rel1.macos64_1.0.100.202509120712/tools/bin/../lib/gcc/arm-none-eabi/13.3.1/../../../../arm-none-eabi/lib/thumb/v7e-m+fp/hard/libc_nano.a(libc_a-errno.o)
 .ARM.attributes
                0x000005bf       0x34 /Applications/STM32CubeIDE.app/Contents/Eclipse/plugins/com.st.stm32cube.ide.mcu.externaltools.gnu-tools-for-stm32.13.3.rel1.macos64_1.0.100.202509120712/tools/bin/../lib/gcc/arm-none-eabi/13.3.1/../../../../arm-none-eabi/lib/thumb/v7e-m+fp/hard/libc_nano.a(libc_a-init.o)
 .ARM.attributes
                0x000005f3       0x34 /Applications/STM32CubeIDE.app/Contents/Eclipse/plugins/com.st.stm32cube.ide.mcu.externaltools.gnu-tools-for-stm32.13.3.rel1.macos64_1.0.100.202509120712/tools/bin/../lib/gcc/arm-none-eabi/13.3.1/../../../../arm-none-eabi/lib/thumb/v7e-m+fp/hard/libc_nano.a(libc_a-lock.o)
 .ARM.attributes
                0x00000627       0x34 /Applications/STM32CubeIDE.app/Contents/Eclipse/plugins/com.st.stm32cube.ide.mcu.externaltools.gnu-tools-for-stm32.13.3.rel1.macos64_1.0.100.202509120712/tools/bin/../lib/gcc/arm-none-eabi/13.3.1/../../../../arm-none-eabi/lib/thumb/v7e-m+fp/hard/libc_nano.a(libc_a-impure.o)
 .ARM.attributes
                0x0000065b       0x34 /Applications/STM32CubeIDE.app/Contents/Eclipse/plugins/com.st.stm32cube.ide.mcu.externaltools.gnu-tools-for-stm32.13.3.rel1.macos64_1.0.100.202509120712/tools/bin/../lib/gcc/arm-none-eabi/13.3.1/../../../../arm-none-eabi/lib/thumb/v7e-m+fp/hard/libc_nano.a(libc_a-memcpy-stub.o)
 .ARM.attributes
                0x0000068f       0x17 /Applications/STM32CubeIDE.app/Contents/Eclipse/plugins/com.st.stm32cube.ide.mcu.externaltools.gnu-tools-for-stm32.13.3.rel1.macos64_1.0.100.202509120712/tools/bin/../lib/gcc/arm-none-eabi/13.3.1/../../../../arm-none-eabi/lib/thumb/v7e-m+fp/hard/libc_nano.a(libc_a-strlen.o)
 .ARM.attributes
                0x000006a6       0x34 /Applications/STM32CubeIDE.app/Contents/Eclipse/plugins/com.st.stm32cube.ide.mcu.externaltools.gnu-tools-for-stm32.13.3.rel1.macos64_1.0.100.202509120712/tools/bin/../lib/gcc/arm-none-eabi/13.3.1/../../../../arm-none-eabi/lib/thumb/v7e-m+fp/hard/libc_nano.a(libc_a-nano-svfprintf.o)
 .ARM.attributes
                0x000006da       0x34 /Applications/STM32CubeIDE.app/Contents/Eclipse/plugins/com.st.stm32cube.ide.mcu.externaltools.gnu-tools-for-stm32.13.3.rel1.macos64_1.0.100.202509120712/tools/bin/../lib/gcc/arm-none-eabi/13.3.1/../../../../arm-none-eabi/lib/thumb/v7e-m+fp/hard/libc_nano.a(libc_a-mallocr.o)
 .ARM.attributes
                0x0000070e       0x34 /Applications/STM32CubeIDE.app/Contents/Eclipse/plugins/com.st.stm32cube.ide.mcu.externaltools.gnu-tools-for-stm32.13.3.rel1.macos64_1.0.100.202509120712/tools/bin/../lib/gcc/arm-none-eabi/13.3.1/../../../../arm-none-eabi/lib/thumb/v7e-m+fp/hard/libc_nano.a(libc_a-nano-vfprintf_i.o)
 .ARM.attributes
                0x00000742       0x34 /Applications/STM32CubeIDE.app/Contents/Eclipse/plugins/com.st.stm32cube.ide.mcu.externaltools.gnu-tools-for-stm32.13.3.rel1.macos64_1.0.100.202509120712/tools/bin/../lib/gcc/arm-none-eabi/13.3.1/../../../../arm-none-eabi/lib/thumb/v7e-m+fp/hard/libc_nano.a(libc_a-mlock.o)
 .ARM.attributes
                0x00000776       0x34 /Applications/STM32CubeIDE.app/Contents/Eclipse/plugins/com.st.stm32cube.ide.mcu.externaltools.gnu-tools-for-stm32.13.3.rel1.macos64_1.0.100.202509120712/tools/bin/../lib/gcc/arm-none-eabi/13.3.1/../../../../arm-none-eabi/lib/thumb/v7e-m+fp/hard/libc_nano.a(libc_a-reallocr.o)
 .ARM.attributes
                0x000007aa       0x34 /Applications/STM32CubeIDE.app/Contents/Eclipse/plugins/com.st.stm32cube.ide.mcu.externaltools.gnu-tools-for-stm32.13.3.rel1.macos64_1.0.100.202509120712/tools/bin/../lib/gcc/arm-none-eabi/13.3.1/../../../../arm-none-eabi/lib/thumb/v7e-m+fp/hard/libc_nano.a(libc_a-memmove.o)
 .ARM.attributes
                0x000007de       0x34 /Applications/STM32CubeIDE.app/Contents/Eclipse/plugins/com.st.stm32cube.ide.mcu.externaltools.gnu-tools-for-stm32.13.3.rel1.macos64_1.0.100.202509120712/tools/bin/../lib/gcc/arm-none-eabi/13.3.1/../../../../arm-none-eabi/lib/thumb/v7e-m+fp/hard/libc_nano.a(libc_a-sbrkr.o)
 .ARM.attributes
                0x00000812       0x34 /Applications/STM32CubeIDE.app/Contents/Eclipse/plugins/com.st.stm32cube.ide.mcu.externaltools.gnu-tools-for-stm32.13.3.rel1.macos64_1.0.100.202509120712/tools/bin/../lib/gcc/arm-none-eabi/13.3.1/../../../../arm-none-eabi/lib/thumb/v7e-m+fp/hard/libc_nano.a(libc_a-reent.o)
 .ARM.attributes
                0x00000846       0x1c /Applications/STM32CubeIDE.app/Contents/Eclipse/plugins/com.st.stm32cube.ide.mcu.externaltools.gnu-tools-for-stm32.13.3.rel1.macos64_1.0.100.202509120712/tools/bin/../lib/gcc/arm-none-eabi/13.3.1/../../../../arm-none-eabi/lib/thumb/v7e-m+fp/hard/libc_nano.a(libc_a-memchr.o)
 .ARM.attributes
                0x00000862       0x34 /Applications/STM32CubeIDE.app/Contents/Eclipse/plugins/com.st.stm32cube.ide.mcu.externaltools.gnu-tools-for-stm32.13.3.rel1.macos64_1.0.100.202509120712/tools/bin/../lib/gcc/arm-none-eabi/13.3.1/../../../../arm-none-eabi/lib/thumb/v7e-m+fp/hard/libc_nano.a(libc_a-freer.o)
 .ARM.attributes
                0x00000896       0x34 /Applications/STM32CubeIDE.app/Contents/Eclipse/plugins/com.st.stm32cube.ide.mcu.externaltools.gnu-tools-for-stm32.13.3.rel1.macos64_1.0.100.202509120712/tools/bin/../lib/gcc/arm-none-eabi/13.3.1/../../../../arm-none-eabi/lib/thumb/v7e-m+fp/hard/libc_nano.a(libc_a-msizer.o)
 .ARM.attributes
                0x000008ca       0x22 /Applications/STM32CubeIDE.app/Contents/Eclipse/plugins/com.st.stm32cube.ide.mcu.externaltools.gnu-tools-for-stm32.13.3.rel1.macos64_1.0.100.202509120712/tools/bin/../lib/gcc/arm-none-eabi/13.3.1/thumb/v7e-m+fp/hard/libgcc.a(_aeabi_uldivmod.o)
 .ARM.attributes
                0x000008ec       0x34 /Applications/STM32CubeIDE.app/Contents/Eclipse/plugins/com.st.stm32cube.ide.mcu.externaltools.gnu-tools-for-stm32.13.3.rel1.macos64_1.0.100.202509120712/tools/bin/../lib/gcc/arm-none-eabi/13.3.1/thumb/v7e-m+fp/hard/libgcc.a(_udivmoddi4.o)
 .ARM.attributes
                0x00000920       0x22 /Applications/STM32CubeIDE.app/Contents/Eclipse/plugins/com.st.stm32cube.ide.mcu.externaltools.gnu-tools-for-stm32.13.3.rel1.macos64_1.0.100.202509120712/tools/bin/../lib/gcc/arm-none-eabi/13.3.1/thumb/v7e-m+fp/hard/libgcc.a(_dvmd_tls.o)
 .ARM.attributes
                0x00000942       0x22 /Applications/STM32CubeIDE.app/Contents/Eclipse/plugins/com.st.stm32cube.ide.mcu.externaltools.gnu-tools-for-stm32.13.3.rel1.macos64_1.0.100.202509120712/tools/bin/../lib/gcc/arm-none-eabi/13.3.1/thumb/v7e-m+fp/hard/crtn.o
OUTPUT(nucleo411.elf elf32-littlearm)
LOAD linker stubs
LOAD /Applications/STM32CubeIDE.app/Contents/Eclipse/plugins/com.st.stm32cube.ide.mcu.externaltools.gnu-tools-for-stm32.13.3.rel1.macos64_1.0.100.202509120712/tools/bin/../lib/gcc/arm-none-eabi/13.3.1/../../../../arm-none-eabi/lib/thumb/v7e-m+fp/hard/libc.a
LOAD /Applications/STM32CubeIDE.app/Contents/Eclipse/plugins/com.st.stm32cube.ide.mcu.externaltools.gnu-tools-for-stm32.13.3.rel1.macos64_1.0.100.202509120712/tools/bin/../lib/gcc/arm-none-eabi/13.3.1/../../../../arm-none-eabi/lib/thumb/v7e-m+fp/hard/libm.a
LOAD /Applications/STM32CubeIDE.app/Contents/Eclipse/plugins/com.st.stm32cube.ide.mcu.externaltools.gnu-tools-for-stm32.13.3.rel1.macos64_1.0.100.202509120712/tools/bin/../lib/gcc/arm-none-eabi/13.3.1/thumb/v7e-m+fp/hard/libgcc.a

.debug_info     0x00000000    0x125f2
 .debug_info    0x00000000     0x1106 ./Core/Src/main.o
 .debug_info    0x00001106      0xc1b ./Core/Src/stm32f4xx_hal_msp.o
 .debug_info    0x00001d21      0x627 ./Core/Src/stm32f4xx_it.o
 .debug_info    0x00002348      0x168 ./Core/Src/sysmem.o
 .debug_info    0x000024b0      0x53e ./Core/Src/system_stm32f4xx.o
 .debug_info    0x000029ee       0x30 ./Core/Startup/startup_stm32f411retx.o
 .debug_info    0x00002a1e      0x8c4 ./Drivers/STM32F4xx_HAL_Driver/Src/stm32f4xx_hal.o
 .debug_info    0x000032e2      0xce0 ./Drivers/STM32F4xx_HAL_Driver/Src/stm32f4xx_hal_adc.o
 .debug_info    0x00003fc2      0xcfc ./Drivers/STM32F4xx_HAL_Driver/Src/stm32f4xx_hal_cortex.o
 .debug_info    0x00004cbe      0x6f9 ./Drivers/STM32F4xx_HAL_Driver/Src/stm32f4xx_hal_gpio.o
 .debug_info    0x000053b7     0x1577 ./Drivers/STM32F4xx_HAL_Driver/Src/stm32f4xx_hal_pcd.o
 .debug_info    0x0000692e      0x6ea ./Drivers/STM32F4xx_HAL_Driver/Src/stm32f4xx_hal_pcd_ex.o
 .debug_info    0x00007018      0x904 ./Drivers/STM32F4xx_HAL_Driver/Src/stm32f4xx_hal_rcc.o
 .debug_info    0x0000791c     0x2f56 ./Drivers/STM32F4xx_HAL_Driver/Src/stm32f4xx_hal_uart.o
 .debug_info    0x0000a872     0x1993 ./Drivers/STM32F4xx_HAL_Driver/Src/stm32f4xx_ll_usb.o
 .debug_info    0x0000c205     0x12b1 ./Middlewares/ST/STM32_USB_Device_Library/Class/CDC/Src/usbd_cdc.o
 .debug_info    0x0000d4b6      0xe12 ./Middlewares/ST/STM32_USB_Device_Library/Core/Src/usbd_core.o
 .debug_info    0x0000e2c8      0xaeb ./Middlewares/ST/STM32_USB_Device_Library/Core/Src/usbd_ctlreq.o
 .debug_info    0x0000edb3      0x762 ./Middlewares/ST/STM32_USB_Device_Library/Core/Src/usbd_ioreq.o
 .debug_info    0x0000f515      0x70e ./USB_DEVICE/App/usb_device.o
 .debug_info    0x0000fc23      0x964 ./USB_DEVICE/App/usbd_cdc_if.o
 .debug_info    0x00010587      0x458 ./USB_DEVICE/App/usbd_desc.o
 .debug_info    0x000109df     0x1c13 ./USB_DEVICE/Target/usbd_conf.o

.debug_abbrev   0x00000000     0x3115
 .debug_abbrev  0x00000000      0x2a2 ./Core/Src/main.o
 .debug_abbrev  0x000002a2      0x1c1 ./Core/Src/stm32f4xx_hal_msp.o
 .debug_abbrev  0x00000463      0x1a4 ./Core/Src/stm32f4xx_it.o
 .debug_abbrev  0x00000607       0xbc ./Core/Src/sysmem.o
 .debug_abbrev  0x000006c3      0x11a ./Core/Src/system_stm32f4xx.o
 .debug_abbrev  0x000007dd       0x24 ./Core/Startup/startup_stm32f411retx.o
 .debug_abbrev  0x00000801      0x24b ./Drivers/STM32F4xx_HAL_Driver/Src/stm32f4xx_hal.o
 .debug_abbrev  0x00000a4c      0x20e ./Drivers/STM32F4xx_HAL_Driver/Src/stm32f4xx_hal_adc.o
 .debug_abbrev  0x00000c5a      0x31d ./Drivers/STM32F4xx_HAL_Driver/Src/stm32f4xx_hal_cortex.o
 .debug_abbrev  0x00000f77      0x1d3 ./Drivers/STM32F4xx_HAL_Driver/Src/stm32f4xx_hal_gpio.o
 .debug_abbrev  0x0000114a      0x2b6 ./Drivers/STM32F4xx_HAL_Driver/Src/stm32f4xx_hal_pcd.o
 .debug_abbrev  0x00001400      0x1da ./Drivers/STM32F4xx_HAL_Driver/Src/stm32f4xx_hal_pcd_ex.o
 .debug_abbrev  0x000015da      0x2b6 ./Drivers/STM32F4xx_HAL_Driver/Src/stm32f4xx_hal_rcc.o
 .debug_abbrev  0x00001890      0x31b ./Drivers/STM32F4xx_HAL_Driver/Src/stm32f4xx_hal_uart.o
 .debug_abbrev  0x00001bab      0x2b3 ./Drivers/STM32F4xx_HAL_Driver/Src/stm32f4xx_ll_usb.o
 .debug_abbrev  0x00001e5e      0x2d2 ./Middlewares/ST/STM32_USB_Device_Library/Class/CDC/Src/usbd_cdc.o
 .debug_abbrev  0x00002130      0x27c ./Middlewares/ST/STM32_USB_Device_Library/Core/Src/usbd_core.o
 .debug_abbrev  0x000023ac      0x26f ./Middlewares/ST/STM32_USB_Device_Library/Core/Src/usbd_ctlreq.o
 .debug_abbrev  0x0000261b      0x19a ./Middlewares/ST/STM32_USB_Device_Library/Core/Src/usbd_ioreq.o
 .debug_abbrev  0x000027b5      0x195 ./USB_DEVICE/App/usb_device.o
 .debug_abbrev  0x0000294a      0x2ab ./USB_DEVICE/App/usbd_cdc_if.o
 .debug_abbrev  0x00002bf5      0x1e1 ./USB_DEVICE/App/usbd_desc.o
 .debug_abbrev  0x00002dd6      0x33f ./USB_DEVICE/Target/usbd_conf.o

.debug_aranges  0x00000000      0xe90
 .debug_aranges
                0x00000000       0x48 ./Core/Src/main.o
 .debug_aranges
                0x00000048       0x40 ./Core/Src/stm32f4xx_hal_msp.o
 .debug_aranges
                0x00000088       0x68 ./Core/Src/stm32f4xx_it.o
 .debug_aranges
                0x000000f0       0x20 ./Core/Src/sysmem.o
 .debug_aranges
                0x00000110       0x28 ./Core/Src/system_stm32f4xx.o
 .debug_aranges
                0x00000138       0x28 ./Core/Startup/startup_stm32f411retx.o
 .debug_aranges
                0x00000160       0xf0 ./Drivers/STM32F4xx_HAL_Driver/Src/stm32f4xx_hal.o
 .debug_aranges
                0x00000250       0xe8 ./Drivers/STM32F4xx_HAL_Driver/Src/stm32f4xx_hal_adc.o
 .debug_aranges
                0x00000338      0x130 ./Drivers/STM32F4xx_HAL_Driver/Src/stm32f4xx_hal_cortex.o
 .debug_aranges
                0x00000468       0x58 ./Drivers/STM32F4xx_HAL_Driver/Src/stm32f4xx_hal_gpio.o
 .debug_aranges
                0x000004c0      0x148 ./Drivers/STM32F4xx_HAL_Driver/Src/stm32f4xx_hal_pcd.o
 .debug_aranges
                0x00000608       0x38 ./Drivers/STM32F4xx_HAL_Driver/Src/stm32f4xx_hal_pcd_ex.o
 .debug_aranges
                0x00000640       0x88 ./Drivers/STM32F4xx_HAL_Driver/Src/stm32f4xx_hal_rcc.o
 .debug_aranges
                0x000006c8      0x208 ./Drivers/STM32F4xx_HAL_Driver/Src/stm32f4xx_hal_uart.o
 .debug_aranges
                0x000008d0      0x1a0 ./Drivers/STM32F4xx_HAL_Driver/Src/stm32f4xx_ll_usb.o
 .debug_aranges
                0x00000a70       0x90 ./Middlewares/ST/STM32_USB_Device_Library/Class/CDC/Src/usbd_cdc.o
 .debug_aranges
                0x00000b00       0xd8 ./Middlewares/ST/STM32_USB_Device_Library/Core/Src/usbd_core.o
 .debug_aranges
                0x00000bd8       0x90 ./Middlewares/ST/STM32_USB_Device_Library/Core/Src/usbd_ctlreq.o
 .debug_aranges
                0x00000c68       0x50 ./Middlewares/ST/STM32_USB_Device_Library/Core/Src/usbd_ioreq.o
 .debug_aranges
                0x00000cb8       0x20 ./USB_DEVICE/App/usb_device.o
 .debug_aranges
                0x00000cd8       0x48 ./USB_DEVICE/App/usbd_cdc_if.o
 .debug_aranges
                0x00000d20       0x60 ./USB_DEVICE/App/usbd_desc.o
 .debug_aranges
                0x00000d80      0x110 ./USB_DEVICE/Target/usbd_conf.o

.debug_rnglists
                0x00000000      0xb00
 .debug_rnglists
                0x00000000       0x35 ./Core/Src/main.o
 .debug_rnglists
                0x00000035       0x2d ./Core/Src/stm32f4xx_hal_msp.o
 .debug_rnglists
                0x00000062       0x49 ./Core/Src/stm32f4xx_it.o
 .debug_rnglists
                0x000000ab       0x13 ./Core/Src/sysmem.o
 .debug_rnglists
                0x000000be       0x1a ./Core/Src/system_stm32f4xx.o
 .debug_rnglists
                0x000000d8       0x19 ./Core/Startup/startup_stm32f411retx.o
 .debug_rnglists
                0x000000f1       0xaf ./Drivers/STM32F4xx_HAL_Driver/Src/stm32f4xx_hal.o
 .debug_rnglists
                0x000001a0       0xb5 ./Drivers/STM32F4xx_HAL_Driver/Src/stm32f4xx_hal_adc.o
 .debug_rnglists
                0x00000255       0xe0 ./Drivers/STM32F4xx_HAL_Driver/Src/stm32f4xx_hal_cortex.o
 .debug_rnglists
                0x00000335       0x3f ./Drivers/STM32F4xx_HAL_Driver/Src/stm32f4xx_hal_gpio.o
 .debug_rnglists
                0x00000374       0xfa ./Drivers/STM32F4xx_HAL_Driver/Src/stm32f4xx_hal_pcd.o
 .debug_rnglists
                0x0000046e       0x26 ./Drivers/STM32F4xx_HAL_Driver/Src/stm32f4xx_hal_pcd_ex.o
 .debug_rnglists
                0x00000494       0x66 ./Drivers/STM32F4xx_HAL_Driver/Src/stm32f4xx_hal_rcc.o
 .debug_rnglists
                0x000004fa      0x1bc ./Drivers/STM32F4xx_HAL_Driver/Src/stm32f4xx_hal_uart.o
 .debug_rnglists
                0x000006b6      0x147 ./Drivers/STM32F4xx_HAL_Driver/Src/stm32f4xx_ll_usb.o
 .debug_rnglists
                0x000007fd       0x6c ./Middlewares/ST/STM32_USB_Device_Library/Class/CDC/Src/usbd_cdc.o
 .debug_rnglists
                0x00000869       0xa1 ./Middlewares/ST/STM32_USB_Device_Library/Core/Src/usbd_core.o
 .debug_rnglists
                0x0000090a       0x6e ./Middlewares/ST/STM32_USB_Device_Library/Core/Src/usbd_ctlreq.o
 .debug_rnglists
                0x00000978       0x37 ./Middlewares/ST/STM32_USB_Device_Library/Core/Src/usbd_ioreq.o
 .debug_rnglists
                0x000009af       0x13 ./USB_DEVICE/App/usb_device.o
 .debug_rnglists
                0x000009c2       0x32 ./USB_DEVICE/App/usbd_cdc_if.o
 .debug_rnglists
                0x000009f4       0x43 ./USB_DEVICE/App/usbd_desc.o
 .debug_rnglists
                0x00000a37       0xc9 ./USB_DEVICE/Target/usbd_conf.o

.debug_macro    0x00000000    0x19ae5
 .debug_macro   0x00000000      0x3c9 ./Core/Src/main.o
 .debug_macro   0x000003c9      0xad8 ./Core/Src/main.o
 .debug_macro   0x00000ea1      0x2a1 ./Core/Src/main.o
 .debug_macro   0x00001142       0x2e ./Core/Src/main.o
 .debug_macro   0x00001170       0x28 ./Core/Src/main.o
 .debug_macro   0x00001198       0x22 ./Core/Src/main.o
 .debug_macro   0x000011ba       0x8e ./Core/Src/main.o
 .debug_macro   0x00001248       0x51 ./Core/Src/main.o
 .debug_macro   0x00001299      0x103 ./Core/Src/main.o
 .debug_macro   0x0000139c       0x6a ./Core/Src/main.o
 .debug_macro   0x00001406      0x1df ./Core/Src/main.o
 .debug_macro   0x000015e5       0x1c ./Core/Src/main.o
 .debug_macro   0x00001601       0x22 ./Core/Src/main.o
 .debug_macro   0x00001623       0xfb ./Core/Src/main.o
 .debug_macro   0x0000171e     0x1011 ./Core/Src/main.o
 .debug_macro   0x0000272f      0x11f ./Core/Src/main.o
 .debug_macro   0x0000284e     0xb968 ./Core/Src/main.o
 .debug_macro   0x0000e1b6       0x6d ./Core/Src/main.o
 .debug_macro   0x0000e223     0x3693 ./Core/Src/main.o
 .debug_macro   0x000118b6      0x190 ./Core/Src/main.o
 .debug_macro   0x00011a46       0x5c ./Core/Src/main.o
 .debug_macro   0x00011aa2      0x45c ./Core/Src/main.o
 .debug_macro   0x00011efe      0x9e9 ./Core/Src/main.o
 .debug_macro   0x000128e7      0x115 ./Core/Src/main.o
 .debug_macro   0x000129fc      0x11b ./Core/Src/main.o
 .debug_macro   0x00012b17       0xa5 ./Core/Src/main.o
 .debug_macro   0x00012bbc      0x15f ./Core/Src/main.o
 .debug_macro   0x00012d1b      0x287 ./Core/Src/main.o
 .debug_macro   0x00012fa2       0x5f ./Core/Src/main.o
 .debug_macro   0x00013001      0x236 ./Core/Src/main.o
 .debug_macro   0x00013237      0x9e1 ./Core/Src/main.o
 .debug_macro   0x00013c18      0x38b ./Core/Src/main.o
 .debug_macro   0x00013fa3      0x17d ./Core/Src/main.o
 .debug_macro   0x00014120       0xf9 ./Core/Src/main.o
 .debug_macro   0x00014219      0x132 ./Core/Src/main.o
 .debug_macro   0x0001434b      0x264 ./Core/Src/main.o
 .debug_macro   0x000145af       0x2e ./Core/Src/main.o
 .debug_macro   0x000145dd      0x127 ./Core/Src/main.o
 .debug_macro   0x00014704       0x85 ./Core/Src/main.o
 .debug_macro   0x00014789       0x89 ./Core/Src/main.o
 .debug_macro   0x00014812      0x2aa ./Core/Src/main.o
 .debug_macro   0x00014abc      0x293 ./Core/Src/main.o
 .debug_macro   0x00014d4f       0xba ./Core/Src/main.o
 .debug_macro   0x00014e09      0x126 ./Core/Src/main.o
 .debug_macro   0x00014f2f       0x4c ./Core/Src/main.o
 .debug_macro   0x00014f7b       0x61 ./Core/Src/main.o
 .debug_macro   0x00014fdc       0x2a ./Core/Src/main.o
 .debug_macro   0x00015006       0x43 ./Core/Src/main.o
 .debug_macro   0x00015049       0x34 ./Core/Src/main.o
 .debug_macro   0x0001507d       0x16 ./Core/Src/main.o
 .debug_macro   0x00015093       0x3c ./Core/Src/main.o
 .debug_macro   0x000150cf      0x370 ./Core/Src/main.o
 .debug_macro   0x0001543f       0x10 ./Core/Src/main.o
 .debug_macro   0x0001544f       0x16 ./Core/Src/main.o
 .debug_macro   0x00015465       0x4a ./Core/Src/main.o
 .debug_macro   0x000154af       0x34 ./Core/Src/main.o
 .debug_macro   0x000154e3       0x10 ./Core/Src/main.o
 .debug_macro   0x000154f3       0x58 ./Core/Src/main.o
 .debug_macro   0x0001554b       0x8e ./Core/Src/main.o
 .debug_macro   0x000155d9       0x1c ./Core/Src/main.o
 .debug_macro   0x000155f5      0x185 ./Core/Src/main.o
 .debug_macro   0x0001577a       0x16 ./Core/Src/main.o
 .debug_macro   0x00015790       0x16 ./Core/Src/main.o
 .debug_macro   0x000157a6      0x146 ./Core/Src/main.o
 .debug_macro   0x000158ec       0x16 ./Core/Src/main.o
 .debug_macro   0x00015902       0x16 ./Core/Src/main.o
 .debug_macro   0x00015918       0x29 ./Core/Src/main.o
 .debug_macro   0x00015941       0x16 ./Core/Src/main.o
 .debug_macro   0x00015957       0x20 ./Core/Src/main.o
 .debug_macro   0x00015977       0x65 ./Core/Src/main.o
 .debug_macro   0x000159dc      0x20f ./Core/Src/main.o
 .debug_macro   0x00015beb       0x95 ./Core/Src/main.o
 .debug_macro   0x00015c80       0x10 ./Core/Src/main.o
 .debug_macro   0x00015c90      0x215 ./Core/Src/stm32f4xx_hal_msp.o
 .debug_macro   0x00015ea5      0x21f ./Core/Src/stm32f4xx_it.o
 .debug_macro   0x000160c4      0x112 ./Core/Src/sysmem.o
 .debug_macro   0x000161d6      0x23c ./Core/Src/sysmem.o
 .debug_macro   0x00016412      0x206 ./Core/Src/system_stm32f4xx.o
 .debug_macro   0x00016618      0x266 ./Drivers/STM32F4xx_HAL_Driver/Src/stm32f4xx_hal.o
 .debug_macro   0x0001687e      0x207 ./Drivers/STM32F4xx_HAL_Driver/Src/stm32f4xx_hal_adc.o
 .debug_macro   0x00016a85      0x206 ./Drivers/STM32F4xx_HAL_Driver/Src/stm32f4xx_hal_cortex.o
 .debug_macro   0x00016c8b      0x20c ./Drivers/STM32F4xx_HAL_Driver/Src/stm32f4xx_hal_gpio.o
 .debug_macro   0x00016e97      0x212 ./Drivers/STM32F4xx_HAL_Driver/Src/stm32f4xx_hal_pcd.o
 .debug_macro   0x000170a9      0x206 ./Drivers/STM32F4xx_HAL_Driver/Src/stm32f4xx_hal_pcd_ex.o
 .debug_macro   0x000172af      0x22a ./Drivers/STM32F4xx_HAL_Driver/Src/stm32f4xx_hal_rcc.o
 .debug_macro   0x000174d9      0x207 ./Drivers/STM32F4xx_HAL_Driver/Src/stm32f4xx_hal_uart.o