Archive member included to satisfy reference by file (symbol)

/Applications/STM32CubeIDE.app/Contents/Eclipse/plugins/com.st.stm32cube.ide.mcu.externaltools.gnu-tools-for-stm32.13.3.rel1.macos64_1.0.100.202509120712/tools/bin/../lib/gcc/arm-none-eabi/13.3.1/../../../../arm-none-eabi/lib/thumb/v7e-m+fp/hard/libc_nano.a(libc_a-exit.o)
                              /Applications/STM32CubeIDE.app/Contents/Eclipse/plugins/com.st.stm32cube.ide.mcu.externaltools.gnu-tools-for-stm32.13.3.rel1.macos64_1.0.100.202509120712/tools/bin/../lib/gcc/arm-none-eabi/13.3.1/../../../../arm-none-eabi/lib/thumb/v7e-m+fp/hard/crt0.o (exit)
/Applications/STM32CubeIDE.app/Contents/Eclipse/plugins/com.st.stm32cube.ide.mcu.externaltools.gnu-tools-for-stm32.13.3.rel1.macos64_1.0.100.202509120712/tools/bin/../lib/gcc/arm-none-eabi/13.3.1/../../../../arm-none-eabi/lib/thumb/v7e-m+fp/hard/libc_nano.a(libc_a-findfp.o)
                              /Applications/STM32CubeIDE.app/Contents/Eclipse/plugins/com.st.stm32cube.ide.mcu.externaltools.gnu-tools-for-stm32.13.3.rel1.macos64_1.0.100.202509120712/tools/bin/../lib/gcc/arm-none-eabi/13.3.1/../../../../arm-none-eabi/lib/thumb/v7e-m+fp/hard/libc_nano.a(libc_a-exit.o) (__stdio_exit_handler)
/Applications/STM32CubeIDE.app/Contents/Eclipse/plugins/com.st.stm32cube.ide.mcu.externaltools.gnu-tools-for-stm32.13.3.rel1.macos64_1.0.100.202509120712/tools/bin/../lib/gcc/arm-none-eabi/13.3.1/../../../../arm-none-eabi/lib/thumb/v7e-m+fp/hard/libc_nano.a(libc_a-fwalk.o)
                              /Applications/STM32CubeIDE.app/Contents/Eclipse/plugins/com.st.stm32cube.ide.mcu.externaltools.gnu-tools-for-stm32.13.3.rel1.macos64_1.0.100.202509120712/tools/bin/../lib/gcc/arm-none-eabi/13.3.1/../../../../arm-none-eabi/lib/thumb/v7e-m+fp/hard/libc_nano.a(libc_a-findfp.o) (_fwalk_sglue)
/Applications/STM32CubeIDE.app/Contents/Eclipse/plugins/com.st.stm32cube.ide.mcu.externaltools.gnu-tools-for-stm32.13.3.rel1.macos64_1.0.100.202509120712/tools/bin/../lib/gcc/arm-none-eabi/13.3.1/../../../../arm-none-eabi/lib/thumb/v7e-m+fp/hard/libc_nano.a(libc_a-memset.o)
                              /Applications/STM32CubeIDE.app/Contents/Eclipse/plugins/com.st.stm32cube.ide.mcu.externaltools.gnu-tools-for-stm32.13.3.rel1.macos64_1.0.100.202509120712/tools/bin/../lib/gcc/arm-none-eabi/13.3.1/../../../../arm-none-eabi/lib/thumb/v7e-m+fp/hard/crt0.o (memset)
/Applications/STM32CubeIDE.app/Contents/Eclipse/plugins/com.st.stm32cube.ide.mcu.externaltools.gnu-tools-for-stm32.13.3.rel1.macos64_1.0.100.202509120712/tools/bin/../lib/gcc/arm-none-eabi/13.3.1/../../../../arm-none-eabi/lib/thumb/v7e-m+fp/hard/libc_nano.a(libc_a-errno.o)
                              ./Core/Src/syscalls.o (__errno)
/Applications/STM32CubeIDE.app/Contents/Eclipse/plugins/com.st.stm32cube.ide.mcu.externaltools.gnu-tools-for-stm32.13.3.rel1.macos64_1.0.100.202509120712/tools/bin/../lib/gcc/arm-none-eabi/13.3.1/../../../../arm-none-eabi/lib/thumb/v7e-m+fp/hard/libc_nano.a(libc_a-init.o)
                              /Applications/STM32CubeIDE.app/Contents/Eclipse/plugins/com.st.stm32cube.ide.mcu.externaltools.gnu-tools-for-stm32.13.3.rel1.macos64_1.0.100.202509120712/tools/bin/../lib/gcc/arm-none-eabi/13.3.1/../../../../arm-none-eabi/lib/thumb/v7e-m+fp/hard/crt0.o (__libc_init_array)
/Applications/STM32CubeIDE.app/Contents/Eclipse/plugins/com.st.stm32cube.ide.mcu.externaltools.gnu-tools-for-stm32.13.3.rel1.macos64_1.0.100.202509120712/tools/bin/../lib/gcc/arm-none-eabi/13.3.1/../../../../arm-none-eabi/lib/thumb/v7e-m+fp/hard/libc_nano.a(libc_a-lock.o)
                              /Applications/STM32CubeIDE.app/Contents/Eclipse/plugins/com.st.stm32cube.ide.mcu.externaltools.gnu-tools-for-stm32.13.3.rel1.macos64_1.0.100.202509120712/tools/bin/../lib/gcc/arm-none-eabi/13.3.1/../../../../arm-none-eabi/lib/thumb/v7e-m+fp/hard/libc_nano.a(libc_a-findfp.o) (__retarget_lock_init_recursive)
/Applications/STM32CubeIDE.app/Contents/Eclipse/plugins/com.st.stm32cube.ide.mcu.externaltools.gnu-tools-for-stm32.13.3.rel1.macos64_1.0.100.202509120712/tools/bin/../lib/gcc/arm-none-eabi/13.3.1/../../../../arm-none-eabi/lib/thumb/v7e-m+fp/hard/libc_nano.a(libc_a-impure.o)
                              /Applications/STM32CubeIDE.app/Contents/Eclipse/plugins/com.st.stm32cube.ide.mcu.externaltools.gnu-tools-for-stm32.13.3.rel1.macos64_1.0.100.202509120712/tools/bin/../lib/gcc/arm-none-eabi/13.3.1/../../../../arm-none-eabi/lib/thumb/v7e-m+fp/hard/libc_nano.a(libc_a-errno.o) (_impure_ptr)
/Applications/STM32CubeIDE.app/Contents/Eclipse/plugins/com.st.stm32cube.ide.mcu.externaltools.gnu-tools-for-stm32.13.3.rel1.macos64_1.0.100.202509120712/tools/bin/../lib/gcc/arm-none-eabi/13.3.1/../../../../arm-none-eabi/lib/thumb/v7e-m+fp/hard/libc_nano.a(libc_a-memcpy-stub.o)
                              ./Core/tinyusb/src/class/midi/midi_device.o (memcpy)
[...]
Memory Configuration

Name             Origin             Length             Attributes
RAM              0x20000000         0x00020000         xrw
FLASH            0x08000000         0x00080000         xr
*default*        0x00000000         0xffffffff

Linker script and memory map

LOAD /Applications/STM32CubeIDE.app/Contents/Eclipse/plugins/com.st.stm32cube.ide.mcu.externaltools.gnu-tools-for-stm32.13.3.rel1.macos64_1.0.100.202509120712/tools/bin/../lib/gcc/arm-none-eabi/13.3.1/thumb/v7e-m+fp/hard/crti.o
LOAD /Applications/STM32CubeIDE.app/Contents/Eclipse/plugins/com.st.stm32cube.ide.mcu.externaltools.gnu-tools-for-stm32.13.3.rel1.macos64_1.0.100.202509120712/tools/bin/../lib/gcc/arm-none-eabi/13.3.1/thumb/v7e-m+fp/hard/crtbegin.o
LOAD /Applications/STM32CubeIDE.app/Contents/Eclipse/plugins/com.st.stm32cube.ide.mcu.externaltools.gnu-tools-for-stm32.13.3.rel1.macos64_1.0.100.202509120712/tools/bin/../lib/gcc/arm-none-eabi/13.3.1/../../../../arm-none-eabi/lib/thumb/v7e-m+fp/hard/crt0.o
LOAD ./Core/Src/main.o
LOAD ./Core/Src/stm32f4xx_hal_msp.o
LOAD ./Core/Src/stm32f4xx_it.o
LOAD ./Core/Src/syscalls.o
LOAD ./Core/Src/sysmem.o
LOAD ./Core/Src/system_stm32f4xx.o
LOAD ./Core/Src/usb_descriptors.o
LOAD ./Core/Startup/startup_stm32f411retx.o
LOAD ./Core/tinyusb/src/class/audio/audio_device.o
LOAD ./Core/tinyusb/src/class/bth/bth_device.o
LOAD ./Core/tinyusb/src/class/cdc/cdc_device.o
LOAD ./Core/tinyusb/src/class/cdc/cdc_host.o
LOAD ./Core/tinyusb/src/class/dfu/dfu_device.o
LOAD ./Core/tinyusb/src/class/dfu/dfu_rt_device.o
LOAD ./Core/tinyusb/src/class/hid/hid_device.o
LOAD ./Core/tinyusb/src/class/hid/hid_host.o
LOAD ./Core/tinyusb/src/class/midi/midi_device.o
LOAD ./Core/tinyusb/src/class/midi/midi_host.o
LOAD ./Core/tinyusb/src/class/msc/msc_device.o
LOAD ./Core/tinyusb/src/class/msc/msc_host.o
LOAD ./Core/tinyusb/src/class/mtp/mtp_device.o
LOAD ./Core/tinyusb/src/class/net/ecm_rndis_device.o
LOAD ./Core/tinyusb/src/class/net/ncm_device.o
LOAD ./Core/tinyusb/src/class/printer/printer_device.o
LOAD ./Core/tinyusb/src/class/usbtmc/usbtmc_device.o
LOAD ./Core/tinyusb/src/class/vendor/vendor_device.o
LOAD ./Core/tinyusb/src/class/vendor/vendor_host.o
LOAD ./Core/tinyusb/src/class/video/video_device.o
LOAD ./Core/tinyusb/src/common/tusb_fifo.o
LOAD ./Core/tinyusb/src/device/usbd.o
LOAD ./Core/tinyusb/src/device/usbd_control.o
LOAD ./Core/tinyusb/src/host/hub.o
LOAD ./Core/tinyusb/src/host/usbh.o
LOAD ./Core/tinyusb/src/portable/analog/max3421/hcd_max3421.o
LOAD ./Core/tinyusb/src/portable/bridgetek/ft9xx/dcd_ft9xx.o
LOAD ./Core/tinyusb/src/portable/chipidea/ci_fs/dcd_ci_fs.o
LOAD ./Core/tinyusb/src/portable/chipidea/ci_hs/dcd_ci_hs.o
LOAD ./Core/tinyusb/src/portable/chipidea/ci_hs/hcd_ci_hs.o
LOAD ./Core/tinyusb/src/portable/dialog/da146xx/dcd_da146xx.o
LOAD ./Core/tinyusb/src/portable/ehci/ehci.o
LOAD ./Core/tinyusb/src/portable/mentor/musb/dcd_musb.o
LOAD ./Core/tinyusb/src/portable/mentor/musb/hcd_musb.o
LOAD ./Core/tinyusb/src/portable/microchip/pic/dcd_pic.o
LOAD ./Core/tinyusb/src/portable/microchip/pic32mz/dcd_pic32mz.o
LOAD ./Core/tinyusb/src/portable/microchip/samd/dcd_samd.o
LOAD ./Core/tinyusb/src/portable/microchip/samd/hcd_samd.o
LOAD ./Core/tinyusb/src/portable/microchip/samg/dcd_samg.o
LOAD ./Core/tinyusb/src/portable/microchip/samx7x/dcd_samx7x.o
LOAD ./Core/tinyusb/src/portable/mindmotion/mm32/dcd_mm32f327x_otg.o
LOAD ./Core/tinyusb/src/portable/nordic/nrf5x/dcd_nrf5x.o
LOAD ./Core/tinyusb/src/portable/nuvoton/nuc120/dcd_nuc120.o
LOAD ./Core/tinyusb/src/portable/nuvoton/nuc121/dcd_nuc121.o
LOAD ./Core/tinyusb/src/portable/nuvoton/nuc505/dcd_nuc505.o
LOAD ./Core/tinyusb/src/portable/nxp/khci/dcd_khci.o
LOAD ./Core/tinyusb/src/portable/nxp/khci/hcd_khci.o
LOAD ./Core/tinyusb/src/portable/nxp/lpc17_40/dcd_lpc17_40.o
LOAD ./Core/tinyusb/src/portable/nxp/lpc_ip3511/dcd_lpc_ip3511.o
LOAD ./Core/tinyusb/src/portable/nxp/lpc_ip3516/hcd_lpc_ip3516.o
LOAD ./Core/tinyusb/src/portable/ohci/ohci.o
LOAD ./Core/tinyusb/src/portable/raspberrypi/pio_usb/dcd_pio_usb.o
LOAD ./Core/tinyusb/src/portable/raspberrypi/pio_usb/hcd_pio_usb.o
LOAD ./Core/tinyusb/src/portable/raspberrypi/rp2040/dcd_rp2040.o
LOAD ./Core/tinyusb/src/portable/raspberrypi/rp2040/hcd_rp2040.o
LOAD ./Core/tinyusb/src/portable/raspberrypi/rp2040/rp2040_usb.o
LOAD ./Core/tinyusb/src/portable/renesas/rusb2/dcd_rusb2.o
LOAD ./Core/tinyusb/src/portable/renesas/rusb2/hcd_rusb2.o
LOAD ./Core/tinyusb/src/portable/renesas/rusb2/rusb2_common.o
LOAD ./Core/tinyusb/src/portable/sony/cxd56/dcd_cxd56.o
LOAD ./Core/tinyusb/src/portable/st/stm32_fsdev/dcd_stm32_fsdev.o
LOAD ./Core/tinyusb/src/portable/st/stm32_fsdev/fsdev_common.o
LOAD ./Core/tinyusb/src/portable/st/stm32_fsdev/hcd_stm32_fsdev.o
LOAD ./Core/tinyusb/src/portable/st/typec/typec_stm32.o
LOAD ./Core/tinyusb/src/portable/sunxi/dcd_sunxi_musb.o
LOAD ./Core/tinyusb/src/portable/synopsys/dwc2/dcd_dwc2.o
LOAD ./Core/tinyusb/src/portable/synopsys/dwc2/dwc2_common.o
LOAD ./Core/tinyusb/src/portable/synopsys/dwc2/hcd_dwc2.o
LOAD ./Core/tinyusb/src/portable/template/dcd_template.o
LOAD ./Core/tinyusb/src/portable/template/hcd_template.o
LOAD ./Core/tinyusb/src/portable/ti/msp430x5xx/dcd_msp430x5xx.o
LOAD ./Core/tinyusb/src/portable/valentyusb/eptri/dcd_eptri.o
LOAD ./Core/tinyusb/src/portable/wch/dcd_ch32_usbfs.o
LOAD ./Core/tinyusb/src/portable/wch/dcd_ch32_usbhs.o
LOAD ./Core/tinyusb/src/portable/wch/hcd_ch32_usbfs.o
LOAD ./Core/tinyusb/src/tusb.o
LOAD ./Core/tinyusb/src/typec/usbc.o
LOAD ./Drivers/STM32F4xx_HAL_Driver/Src/stm32f4xx_hal.o
LOAD ./Drivers/STM32F4xx_HAL_Driver/Src/stm32f4xx_hal_adc.o
LOAD ./Drivers/STM32F4xx_HAL_Driver/Src/stm32f4xx_hal_adc_ex.o
LOAD ./Drivers/STM32F4xx_HAL_Driver/Src/stm32f4xx_hal_cortex.o
LOAD ./Drivers/STM32F4xx_HAL_Driver/Src/stm32f4xx_hal_dma.o
LOAD ./Drivers/STM32F4xx_HAL_Driver/Src/stm32f4xx_hal_dma_ex.o
LOAD ./Drivers/STM32F4xx_HAL_Driver/Src/stm32f4xx_hal_exti.o
LOAD ./Drivers/STM32F4xx_HAL_Driver/Src/stm32f4xx_hal_flash.o
LOAD ./Drivers/STM32F4xx_HAL_Driver/Src/stm32f4xx_hal_flash_ex.o
LOAD ./Drivers/STM32F4xx_HAL_Driver/Src/stm32f4xx_hal_flash_ramfunc.o
LOAD ./Drivers/STM32F4xx_HAL_Driver/Src/stm32f4xx_hal_gpio.o
LOAD ./Drivers/STM32F4xx_HAL_Driver/Src/stm32f4xx_hal_pcd.o
LOAD ./Drivers/STM32F4xx_HAL_Driver/Src/stm32f4xx_hal_pcd_ex.o
LOAD ./Drivers/STM32F4xx_HAL_Driver/Src/stm32f4xx_hal_pwr.o
LOAD ./Drivers/STM32F4xx_HAL_Driver/Src/stm32f4xx_hal_pwr_ex.o
LOAD ./Drivers/STM32F4xx_HAL_Driver/Src/stm32f4xx_hal_rcc.o
LOAD ./Drivers/STM32F4xx_HAL_Driver/Src/stm32f4xx_hal_rcc_ex.o
LOAD ./Drivers/STM32F4xx_HAL_Driver/Src/stm32f4xx_ll_usb.o
START GROUP
LOAD /Applications/STM32CubeIDE.app/Contents/Eclipse/plugins/com.st.stm32cube.ide.mcu.externaltools.gnu-tools-for-stm32.13.3.rel1.macos64_1.0.100.202509120712/tools/bin/../lib/gcc/arm-none-eabi/13.3.1/../../../../arm-none-eabi/lib/thumb/v7e-m+fp/hard/libc_nano.a
LOAD /Applications/STM32CubeIDE.app/Contents/Eclipse/plugins/com.st.stm32cube.ide.mcu.externaltools.gnu-tools-for-stm32.13.3.rel1.macos64_1.0.100.202509120712/tools/bin/../lib/gcc/arm-none-eabi/13.3.1/../../../../arm-none-eabi/lib/thumb/v7e-m+fp/hard/libm.a
END GROUP
START GROUP
LOAD /Applications/STM32CubeIDE.app/Contents/Eclipse/plugins/com.st.stm32cube.ide.mcu.externaltools.gnu-tools-for-stm32.13.3.rel1.macos64_1.0.100.202509120712/tools/bin/../lib/gcc/arm-none-eabi/13.3.1/thumb/v7e-m+fp/hard/libgcc.a
LOAD /Applications/STM32CubeIDE.app/Contents/Eclipse/plugins/com.st.stm32cube.ide.mcu.externaltools.gnu-tools-for-stm32.13.3.rel1.macos64_1.0.100.202509120712/tools/bin/../lib/gcc/arm-none-eabi/13.3.1/../../../../arm-none-eabi/lib/thumb/v7e-m+fp/hard/libc_nano.a
END GROUP
START GROUP
LOAD /Applications/STM32CubeIDE.app/Contents/Eclipse/plugins/com.st.stm32cube.ide.mcu.externaltools.gnu-tools-for-stm32.13.3.rel1.macos64_1.0.100.202509120712/tools/bin/../lib/gcc/arm-none-eabi/13.3.1/thumb/v7e-m+fp/hard/libgcc.a
LOAD /Applications/STM32CubeIDE.app/Contents/Eclipse/plugins/com.st.stm32cube.ide.mcu.externaltools.gnu-tools-for-stm32.13.3.rel1.macos64_1.0.100.202509120712/tools/bin/../lib/gcc/arm-none-eabi/13.3.1/../../../../arm-none-eabi/lib/thumb/v7e-m+fp/hard/libc_nano.a
LOAD /Applications/STM32CubeIDE.app/Contents/Eclipse/plugins/com.st.stm32cube.ide.mcu.externaltools.gnu-tools-for-stm32.13.3.rel1.macos64_1.0.100.202509120712/tools/bin/../lib/gcc/arm-none-eabi/13.3.1/../../../../arm-none-eabi/lib/thumb/v7e-m+fp/hard/libnosys.a
END GROUP
START GROUP
LOAD /Applications/STM32CubeIDE.app/Contents/Eclipse/plugins/com.st.stm32cube.ide.mcu.externaltools.gnu-tools-for-stm32.13.3.rel1.macos64_1.0.100.202509120712/tools/bin/../lib/gcc/arm-none-eabi/13.3.1/thumb/v7e-m+fp/hard/libgcc.a
LOAD /Applications/STM32CubeIDE.app/Contents/Eclipse/plugins/com.st.stm32cube.ide.mcu.externaltools.gnu-tools-for-stm32.13.3.rel1.macos64_1.0.100.202509120712/tools/bin/../lib/gcc/arm-none-eabi/13.3.1/../../../../arm-none-eabi/lib/thumb/v7e-m+fp/hard/libc_nano.a
LOAD /Applications/STM32CubeIDE.app/Contents/Eclipse/plugins/com.st.stm32cube.ide.mcu.externaltools.gnu-tools-for-stm32.13.3.rel1.macos64_1.0.100.202509120712/tools/bin/../lib/gcc/arm-none-eabi/13.3.1/../../../../arm-none-eabi/lib/thumb/v7e-m+fp/hard/libnosys.a
END GROUP
LOAD /Applications/STM32CubeIDE.app/Contents/Eclipse/plugins/com.st.stm32cube.ide.mcu.externaltools.gnu-tools-for-stm32.13.3.rel1.macos64_1.0.100.202509120712/tools/bin/../lib/gcc/arm-none-eabi/13.3.1/thumb/v7e-m+fp/hard/crtend.o
LOAD /Applications/STM32CubeIDE.app/Contents/Eclipse/plugins/com.st.stm32cube.ide.mcu.externaltools.gnu-tools-for-stm32.13.3.rel1.macos64_1.0.100.202509120712/tools/bin/../lib/gcc/arm-none-eabi/13.3.1/thumb/v7e-m+fp/hard/crtn.o
                0x20020000                        _estack = (ORIGIN (RAM) + LENGTH (RAM))
                0x00000200                        _Min_Heap_Size = 0x200
                0x00000400                        _Min_Stack_Size = 0x400

.isr_vector     0x08000000      0x198
                0x08000000                        . = ALIGN (0x4)
 *(.isr_vector)
 .isr_vector    0x08000000      0x198 ./Core/Startup/startup_stm32f411retx.o
                0x08000000                g_pfnVectors
                0x08000198                        . = ALIGN (0x4)

.text           0x08000198     0x8cc0
                0x08000198                        . = ALIGN (0x4)
 *(.text)
 .text          0x08000198       0x40 /Applications/STM32CubeIDE.app/Contents/Eclipse/plugins/com.st.stm32cube.ide.mcu.externaltools.gnu-tools-for-stm32.13.3.rel1.macos64_1.0.100.202509120712/tools/bin/../lib/gcc/arm-none-eabi/13.3.1/thumb/v7e-m+fp/hard/crtbegin.o
 .text          0x080001d8       0x10 /Applications/STM32CubeIDE.app/Contents/Eclipse/plugins/com.st.stm32cube.ide.mcu.externaltools.gnu-tools-for-stm32.13.3.rel1.macos64_1.0.100.202509120712/tools/bin/../lib/gcc/arm-none-eabi/13.3.1/../../../../arm-none-eabi/lib/thumb/v7e-m+fp/hard/libc_nano.a(libc_a-strlen.o)
                0x080001d8                strlen
 .text          0x080001e8       0x30 /Applications/STM32CubeIDE.app/Contents/Eclipse/plugins/com.st.stm32cube.ide.mcu.externaltools.gnu-tools-for-stm32.13.3.rel1.macos64_1.0.100.202509120712/tools/bin/../lib/gcc/arm-none-eabi/13.3.1/thumb/v7e-m+fp/hard/libgcc.a(_aeabi_uldivmod.o)
                0x080001e8                __aeabi_uldivmod
 .text          0x08000218      0x2f8 /Applications/STM32CubeIDE.app/Contents/Eclipse/plugins/com.st.stm32cube.ide.mcu.externaltools.gnu-tools-for-stm32.13.3.rel1.macos64_1.0.100.202509120712/tools/bin/../lib/gcc/arm-none-eabi/13.3.1/thumb/v7e-m+fp/hard/libgcc.a(_udivmoddi4.o)
                0x08000218                __udivmoddi4
 .text          0x08000510        0x4 /Applications/STM32CubeIDE.app/Contents/Eclipse/plugins/com.st.stm32cube.ide.mcu.externaltools.gnu-tools-for-stm32.13.3.rel1.macos64_1.0.100.202509120712/tools/bin/../lib/gcc/arm-none-eabi/13.3.1/thumb/v7e-m+fp/hard/libgcc.a(_dvmd_tls.o)
                0x08000510                __aeabi_ldiv0
                0x08000510                __aeabi_idiv0
 *(.text*)
 .text.MIDI_SendCC
                0x08000514       0x36 ./Core/Src/main.o
 .text.MIDI_SendPC
                0x0800054a       0x30 ./Core/Src/main.o
 *fill*         0x0800057a        0x2 
 .text.main     0x0800057c      0x26c ./Core/Src/main.o
                0x0800057c                main
 .text.SystemClock_Config
                0x080007e8       0xec ./Core/Src/main.o
                0x080007e8                SystemClock_Config
 .text.MX_ADC1_Init
                0x080008d4       0xf8 ./Core/Src/main.o
 .text.MX_USB_OTG_FS_PCD_Init
                0x080009cc       0x5c ./Core/Src/main.o
 .text.MX_GPIO_Init
                0x08000a28      0x19c ./Core/Src/main.o
 .text.Error_Handler
                0x08000bc4        0xc ./Core/Src/main.o
                0x08000bc4                Error_Handler
 .text.HAL_MspInit
                0x08000bd0       0x50 ./Core/Src/stm32f4xx_hal_msp.o
                0x08000bd0                HAL_MspInit
 .text.HAL_ADC_MspInit
                0x08000c20       0xd0 ./Core/Src/stm32f4xx_hal_msp.o
                0x08000c20                HAL_ADC_MspInit
 .text.HAL_PCD_MspInit
                0x08000cf0       0xa8 ./Core/Src/stm32f4xx_hal_msp.o
                0x08000cf0                HAL_PCD_MspInit
 .text.NMI_Handler
                0x08000d98        0x8 ./Core/Src/stm32f4xx_it.o
                0x08000d98                NMI_Handler
 .text.HardFault_Handler
                0x08000da0        0x8 ./Core/Src/stm32f4xx_it.o
                0x08000da0                HardFault_Handler
 .text.MemManage_Handler
                0x08000da8        0x8 ./Core/Src/stm32f4xx_it.o
                0x08000da8                MemManage_Handler
 .text.BusFault_Handler
                0x08000db0        0x8 ./Core/Src/stm32f4xx_it.o
                0x08000db0                BusFault_Handler
 .text.UsageFault_Handler
                0x08000db8        0x8 ./Core/Src/stm32f4xx_it.o
                0x08000db8                UsageFault_Handler
 .text.SVC_Handler
                0x08000dc0        0xe ./Core/Src/stm32f4xx_it.o
                0x08000dc0                SVC_Handler
 .text.DebugMon_Handler
                0x08000dce        0xe ./Core/Src/stm32f4xx_it.o
                0x08000dce                DebugMon_Handler
 .text.PendSV_Handler
                0x08000ddc        0xe ./Core/Src/stm32f4xx_it.o
                0x08000ddc                PendSV_Handler
 .text.SysTick_Handler
                0x08000dea        0xc ./Core/Src/stm32f4xx_it.o
                0x08000dea                SysTick_Handler
 *fill*         0x08000df6        0x2 
 .text.ADC_IRQHandler
                0x08000df8       0x14 ./Core/Src/stm32f4xx_it.o
                0x08000df8                ADC_IRQHandler
 .text.OTG_FS_IRQHandler
                0x08000e0c       0x10 ./Core/Src/stm32f4xx_it.o
                0x08000e0c                OTG_FS_IRQHandler
 .text.SystemInit
                0x08000e1c       0x24 ./Core/Src/system_stm32f4xx.o
                0x08000e1c                SystemInit
 .text.board_usb_get_serial
                0x08000e40       0x4c ./Core/Src/usb_descriptors.o
                0x08000e40                board_usb_get_serial
 .text.tud_descriptor_device_cb
                0x08000e8c       0x14 ./Core/Src/usb_descriptors.o
                0x08000e8c                tud_descriptor_device_cb
 .text.tud_descriptor_configuration_cb
                0x08000ea0       0x1c ./Core/Src/usb_descriptors.o
                0x08000ea0                tud_descriptor_configuration_cb
 .text.tud_descriptor_string_cb
                0x08000ebc       0xc0 ./Core/Src/usb_descriptors.o
                0x08000ebc                tud_descriptor_string_cb
 .text.Reset_Handler
                0x08000f7c       0x50 ./Core/Startup/startup_stm32f411retx.o
                0x08000f7c                Reset_Handler
 .text.Default_Handler
                0x08000fcc        0x2 ./Core/Startup/startup_stm32f411retx.o
                0x08000fcc                DMA1_Stream3_IRQHandler
                0x08000fcc                EXTI2_IRQHandler
                0x08000fcc                SPI4_IRQHandler
                0x08000fcc                TIM1_CC_IRQHandler
                0x08000fcc                DMA2_Stream5_IRQHandler
                0x08000fcc                DMA1_Stream5_IRQHandler
                0x08000fcc                PVD_IRQHandler
                0x08000fcc                SDIO_IRQHandler
                0x08000fcc                TAMP_STAMP_IRQHandler
                0x08000fcc                EXTI3_IRQHandler
                0x08000fcc                TIM1_UP_TIM10_IRQHandler
                0x08000fcc                I2C3_ER_IRQHandler
                0x08000fcc                EXTI0_IRQHandler
                0x08000fcc                I2C2_EV_IRQHandler
                0x08000fcc                DMA1_Stream2_IRQHandler
                0x08000fcc                FPU_IRQHandler
                0x08000fcc                DMA2_Stream2_IRQHandler
                0x08000fcc                SPI1_IRQHandler
                0x08000fcc                TIM1_BRK_TIM9_IRQHandler
                0x08000fcc                DMA2_Stream3_IRQHandler
                0x08000fcc                USART6_IRQHandler
                0x08000fcc                DMA2_Stream0_IRQHandler
                0x08000fcc                TIM4_IRQHandler
                0x08000fcc                I2C1_EV_IRQHandler
                0x08000fcc                DMA1_Stream6_IRQHandler
                0x08000fcc                DMA1_Stream1_IRQHandler
                0x08000fcc                TIM3_IRQHandler
                0x08000fcc                RCC_IRQHandler
                0x08000fcc                Default_Handler
                0x08000fcc                EXTI15_10_IRQHandler
                0x08000fcc                DMA1_Stream7_IRQHandler
                0x08000fcc                SPI5_IRQHandler
                0x08000fcc                TIM5_IRQHandler
                0x08000fcc                DMA2_Stream7_IRQHandler
                0x08000fcc                I2C3_EV_IRQHandler
                0x08000fcc                EXTI9_5_IRQHandler
                0x08000fcc                RTC_WKUP_IRQHandler
                0x08000fcc                SPI2_IRQHandler
                0x08000fcc                DMA1_Stream0_IRQHandler
                0x08000fcc                EXTI4_IRQHandler
                0x08000fcc                WWDG_IRQHandler
                0x08000fcc                TIM2_IRQHandler
                0x08000fcc                OTG_FS_WKUP_IRQHandler
                0x08000fcc                TIM1_TRG_COM_TIM11_IRQHandler
                0x08000fcc                EXTI1_IRQHandler
                0x08000fcc                USART2_IRQHandler
                0x08000fcc                I2C2_ER_IRQHandler
                0x08000fcc                DMA2_Stream1_IRQHandler
                0x08000fcc                FLASH_IRQHandler
                0x08000fcc                DMA2_Stream4_IRQHandler
                0x08000fcc                USART1_IRQHandler
                0x08000fcc                SPI3_IRQHandler
                0x08000fcc                DMA1_Stream4_IRQHandler
                0x08000fcc                I2C1_ER_IRQHandler
                0x08000fcc                DMA2_Stream6_IRQHandler
                0x08000fcc                RTC_Alarm_IRQHandler
 .text.tud_midi_rx_cb
                0x08000fce       0x16 ./Core/tinyusb/src/class/midi/midi_device.o
                0x08000fce                tud_midi_rx_cb
 .text.tud_midi_n_packet_write
                0x08000fe4       0x7c ./Core/tinyusb/src/class/midi/midi_device.o
                0x08000fe4                tud_midi_n_packet_write
 .text.midid_init
                0x08001060       0x84 ./Core/tinyusb/src/class/midi/midi_device.o
                0x08001060                midid_init
 .text.midid_deinit
                0x080010e4       0x4c ./Core/tinyusb/src/class/midi/midi_device.o
                0x080010e4                midid_deinit
 .text.midid_reset
                0x08001130       0x84 ./Core/tinyusb/src/class/midi/midi_device.o
                0x08001130                midid_reset
 .text.midid_open
                0x080011b4      0x3e0 ./Core/tinyusb/src/class/midi/midi_device.o
                0x080011b4                midid_open
 .text.midid_control_xfer_cb
                0x08001594       0x1e ./Core/tinyusb/src/class/midi/midi_device.o
                0x08001594                midid_control_xfer_cb
 *fill*         0x080015b2        0x2 
 .text.midid_xfer_cb
                0x080015b4      0x13c ./Core/tinyusb/src/class/midi/midi_device.o
                0x080015b4                midid_xfer_cb
 .text.tu_fifo_config
                0x080016f0       0x4e ./Core/tinyusb/src/common/tusb_fifo.o
                0x080016f0                tu_fifo_config
 .text.tu_fifo_clear
                0x0800173e       0x20 ./Core/tinyusb/src/common/tusb_fifo.o
                0x0800173e                tu_fifo_clear
 .text.tu_hwfifo_write
                0x0800175e       0xa2 ./Core/tinyusb/src/common/tusb_fifo.o
                0x0800175e                tu_hwfifo_write
 .text.tu_hwfifo_read
                0x08001800       0xaa ./Core/tinyusb/src/common/tusb_fifo.o
                0x08001800                tu_hwfifo_read
 .text.hwff_push_n
                0x080018aa      0x16c ./Core/tinyusb/src/common/tusb_fifo.o
 .text.hwff_pull_n
                0x08001a16      0x16c ./Core/tinyusb/src/common/tusb_fifo.o
 .text.ff_push_n
                0x08001b82       0x6e ./Core/tinyusb/src/common/tusb_fifo.o
 .text.ff_pull_n
                0x08001bf0       0x6e ./Core/tinyusb/src/common/tusb_fifo.o
 .text.advance_index
                0x08001c5e       0x4c ./Core/tinyusb/src/common/tusb_fifo.o
 .text.correct_read_index
                0x08001caa       0x40 ./Core/tinyusb/src/common/tusb_fifo.o
 .text.tu_fifo_peek_n_access_mode
                0x08001cea       0xcc ./Core/tinyusb/src/common/tusb_fifo.o
                0x08001cea                tu_fifo_peek_n_access_mode
 .text.tu_fifo_read_n_access_mode
                0x08001db6       0x5a ./Core/tinyusb/src/common/tusb_fifo.o
                0x08001db6                tu_fifo_read_n_access_mode
 .text.tu_fifo_write_n_access_mode
                0x08001e10      0x1a6 ./Core/tinyusb/src/common/tusb_fifo.o
                0x08001e10                tu_fifo_write_n_access_mode
 .text.tud_event_hook_cb
                0x08001fb6       0x1c ./Core/tinyusb/src/device/usbd.o
                0x08001fb6                tud_event_hook_cb
 .text.tud_sof_cb
                0x08001fd2       0x14 ./Core/tinyusb/src/device/usbd.o
                0x08001fd2                tud_sof_cb
 .text.tud_descriptor_bos_cb
                0x08001fe6       0x10 ./Core/tinyusb/src/device/usbd.o
                0x08001fe6                tud_descriptor_bos_cb
 .text.tud_descriptor_device_qualifier_cb
                0x08001ff6       0x10 ./Core/tinyusb/src/device/usbd.o
                0x08001ff6                tud_descriptor_device_qualifier_cb
 .text.tud_descriptor_other_speed_configuration_cb
                0x08002006       0x18 ./Core/tinyusb/src/device/usbd.o
                0x08002006                tud_descriptor_other_speed_configuration_cb
 .text.tud_mount_cb
                0x0800201e        0xe ./Core/tinyusb/src/device/usbd.o
                0x0800201e                tud_mount_cb
 .text.tud_umount_cb
                0x0800202c        0xe ./Core/tinyusb/src/device/usbd.o
                0x0800202c                tud_umount_cb
 .text.tud_suspend_cb
                0x0800203a       0x16 ./Core/tinyusb/src/device/usbd.o
                0x0800203a                tud_suspend_cb
 .text.tud_resume_cb
                0x08002050        0xe ./Core/tinyusb/src/device/usbd.o
                0x08002050                tud_resume_cb
 .text.tud_vendor_control_xfer_cb
                0x0800205e       0x1e ./Core/tinyusb/src/device/usbd.o
                0x0800205e                tud_vendor_control_xfer_cb
 .text.usbd_app_driver_get_cb
                0x0800207c       0x1c ./Core/tinyusb/src/device/usbd.o
                0x0800207c                usbd_app_driver_get_cb
 .text.tud_inited
                0x08002098       0x20 ./Core/tinyusb/src/device/usbd.o
                0x08002098                tud_inited
 .text.tud_rhport_init
                0x080020b8      0x1ac ./Core/tinyusb/src/device/usbd.o
                0x080020b8                tud_rhport_init
 .text.configuration_reset
                0x08002264       0xd8 ./Core/tinyusb/src/device/usbd.o
 .text.usbd_reset
                0x0800233c       0x1e ./Core/tinyusb/src/device/usbd.o
 *fill*         0x0800235a        0x2 
 .text.tud_task_ext
                0x0800235c      0x388 ./Core/tinyusb/src/device/usbd.o
                0x0800235c                tud_task_ext
 .text.invoke_class_control
                0x080026e4       0x2e ./Core/tinyusb/src/device/usbd.o
 *fill*         0x08002712        0x2 
 .text.process_control_request
                0x08002714      0x5c0 ./Core/tinyusb/src/device/usbd.o
 .text.process_set_config
                0x08002cd4      0x250 ./Core/tinyusb/src/device/usbd.o
 .text.process_get_descriptor
                0x08002f24      0x1b4 ./Core/tinyusb/src/device/usbd.o
 .text.dcd_event_handler
                0x080030d8      0x5d0 ./Core/tinyusb/src/device/usbd.o
                0x080030d8                dcd_event_handler
 .text.usbd_int_set
                0x080036a8       0x34 ./Core/tinyusb/src/device/usbd.o
                0x080036a8                usbd_int_set
 .text.usbd_spin_lock
                0x080036dc       0x48 ./Core/tinyusb/src/device/usbd.o
                0x080036dc                usbd_spin_lock
 .text.usbd_spin_unlock
                0x08003724       0x50 ./Core/tinyusb/src/device/usbd.o
                0x08003724                usbd_spin_unlock
 .text.usbd_edpt_open
                0x08003774       0xa0 ./Core/tinyusb/src/device/usbd.o
                0x08003774                usbd_edpt_open
 .text.usbd_edpt_claim
                0x08003814       0x54 ./Core/tinyusb/src/device/usbd.o
                0x08003814                usbd_edpt_claim
 .text.usbd_edpt_release
                0x08003868       0x54 ./Core/tinyusb/src/device/usbd.o
                0x08003868                usbd_edpt_release
 .text.usbd_edpt_xfer
                0x080038bc       0xf4 ./Core/tinyusb/src/device/usbd.o
                0x080038bc                usbd_edpt_xfer
 .text.usbd_edpt_xfer_fifo
                0x080039b0       0xf4 ./Core/tinyusb/src/device/usbd.o
                0x080039b0                usbd_edpt_xfer_fifo
 .text.usbd_edpt_stall
                0x08003aa4       0x7c ./Core/tinyusb/src/device/usbd.o
                0x08003aa4                usbd_edpt_stall
 .text.usbd_edpt_clear_stall
                0x08003b20       0x7c ./Core/tinyusb/src/device/usbd.o
                0x08003b20                usbd_edpt_clear_stall
 .text.usbd_edpt_stalled
                0x08003b9c       0x5c ./Core/tinyusb/src/device/usbd.o
                0x08003b9c                usbd_edpt_stalled
 .text.dcd_edpt0_status_complete
                0x08003bf8       0x18 ./Core/tinyusb/src/device/usbd_control.o
                0x08003bf8                dcd_edpt0_status_complete
 .text.status_stage_xact
                0x08003c10       0x3c ./Core/tinyusb/src/device/usbd_control.o
 .text.tud_control_status
                0x08003c4c       0x40 ./Core/tinyusb/src/device/usbd_control.o
                0x08003c4c                tud_control_status
 .text.data_stage_xact
                0x08003c8c       0xd4 ./Core/tinyusb/src/device/usbd_control.o
 .text.tud_control_xfer
                0x08003d60       0xe0 ./Core/tinyusb/src/device/usbd_control.o
                0x08003d60                tud_control_xfer
 .text.usbd_control_reset
                0x08003e40       0x18 ./Core/tinyusb/src/device/usbd_control.o
                0x08003e40                usbd_control_reset
 .text.usbd_control_set_complete_callback
                0x08003e58       0x20 ./Core/tinyusb/src/device/usbd_control.o
                0x08003e58                usbd_control_set_complete_callback
 .text.usbd_control_set_request
                0x08003e78       0x34 ./Core/tinyusb/src/device/usbd_control.o
                0x08003e78                usbd_control_set_request
 .text.usbd_control_xfer_cb
                0x08003eac      0x170 ./Core/tinyusb/src/device/usbd_control.o
                0x08003eac                usbd_control_xfer_cb
 .text.__NVIC_EnableIRQ
                0x0800401c       0x3c ./Core/tinyusb/src/portable/synopsys/dwc2/dcd_dwc2.o
 .text.__NVIC_DisableIRQ
                0x08004058       0x48 ./Core/tinyusb/src/portable/synopsys/dwc2/dcd_dwc2.o
 .text.dwc2_stm32_gccfg_cfg
                0x080040a0       0xe2 ./Core/tinyusb/src/portable/synopsys/dwc2/dcd_dwc2.o
 *fill*         0x08004182        0x2 
 .text.dma_setup_prepare
                0x08004184       0x80 ./Core/tinyusb/src/portable/synopsys/dwc2/dcd_dwc2.o
 .text.dfifo_alloc
                0x08004204      0x1e8 ./Core/tinyusb/src/portable/synopsys/dwc2/dcd_dwc2.o
 .text.dfifo_device_init
                0x080043ec       0xb4 ./Core/tinyusb/src/portable/synopsys/dwc2/dcd_dwc2.o
 .text.edpt_activate
                0x080044a0      0x164 ./Core/tinyusb/src/portable/synopsys/dwc2/dcd_dwc2.o
 .text.edpt_disable
                0x08004604      0x1c0 ./Core/tinyusb/src/portable/synopsys/dwc2/dcd_dwc2.o
 .text.edpt_schedule_packets
                0x080047c4      0x1a0 ./Core/tinyusb/src/portable/synopsys/dwc2/dcd_dwc2.o
 .text.dcd_init
                0x08004964      0x15c ./Core/tinyusb/src/portable/synopsys/dwc2/dcd_dwc2.o
                0x08004964                dcd_init
 .text.dcd_int_enable
                0x08004ac0       0x50 ./Core/tinyusb/src/portable/synopsys/dwc2/dcd_dwc2.o
                0x08004ac0                dcd_int_enable
 .text.dcd_int_disable
                0x08004b10       0x50 ./Core/tinyusb/src/portable/synopsys/dwc2/dcd_dwc2.o
                0x08004b10                dcd_int_disable
 .text.dcd_set_address
                0x08004b60       0x74 ./Core/tinyusb/src/portable/synopsys/dwc2/dcd_dwc2.o
                0x08004b60                dcd_set_address
 .text.dcd_connect
                0x08004bd4       0x44 ./Core/tinyusb/src/portable/synopsys/dwc2/dcd_dwc2.o
                0x08004bd4                dcd_connect
 .text.dcd_disconnect
                0x08004c18       0x44 ./Core/tinyusb/src/portable/synopsys/dwc2/dcd_dwc2.o
                0x08004c18                dcd_disconnect
 .text.dcd_sof_enable
                0x08004c5c       0x6c ./Core/tinyusb/src/portable/synopsys/dwc2/dcd_dwc2.o
                0x08004c5c                dcd_sof_enable
 .text.dcd_edpt_open
                0x08004cc8       0x74 ./Core/tinyusb/src/portable/synopsys/dwc2/dcd_dwc2.o
                0x08004cc8                dcd_edpt_open
 .text.dcd_edpt_close_all
                0x08004d3c      0x130 ./Core/tinyusb/src/portable/synopsys/dwc2/dcd_dwc2.o
                0x08004d3c                dcd_edpt_close_all
 .text.dcd_edpt_xfer
                0x08004e6c       0xb0 ./Core/tinyusb/src/portable/synopsys/dwc2/dcd_dwc2.o
                0x08004e6c                dcd_edpt_xfer
 .text.dcd_edpt_xfer_fifo
                0x08004f1c       0x9c ./Core/tinyusb/src/portable/synopsys/dwc2/dcd_dwc2.o
                0x08004f1c                dcd_edpt_xfer_fifo
 .text.dcd_edpt_stall
                0x08004fb8       0x6c ./Core/tinyusb/src/portable/synopsys/dwc2/dcd_dwc2.o
                0x08004fb8                dcd_edpt_stall
 .text.dcd_edpt_clear_stall
                0x08005024       0x8c ./Core/tinyusb/src/portable/synopsys/dwc2/dcd_dwc2.o
                0x08005024                dcd_edpt_clear_stall
 .text.handle_bus_reset
                0x080050b0      0x208 ./Core/tinyusb/src/portable/synopsys/dwc2/dcd_dwc2.o
 .text.handle_enum_done
                0x080052b8       0x8c ./Core/tinyusb/src/portable/synopsys/dwc2/dcd_dwc2.o
 .text.epin_write_tx_fifo
                0x08005344      0x10c ./Core/tinyusb/src/portable/synopsys/dwc2/dcd_dwc2.o
 .text.handle_rxflvl_irq
                0x08005450      0x16c ./Core/tinyusb/src/portable/synopsys/dwc2/dcd_dwc2.o
 .text.handle_epout_slave
                0x080055bc      0x144 ./Core/tinyusb/src/portable/synopsys/dwc2/dcd_dwc2.o
 .text.handle_epin_slave
                0x08005700      0x140 ./Core/tinyusb/src/portable/synopsys/dwc2/dcd_dwc2.o
 .text.handle_ep_irq
                0x08005840      0x128 ./Core/tinyusb/src/portable/synopsys/dwc2/dcd_dwc2.o
 .text.handle_incomplete_iso_in
                0x08005968      0x1bc ./Core/tinyusb/src/portable/synopsys/dwc2/dcd_dwc2.o
 .text.dcd_int_handler
                0x08005b24      0x288 ./Core/tinyusb/src/portable/synopsys/dwc2/dcd_dwc2.o
                0x08005b24                dcd_int_handler
 .text.dwc2_phy_init
                0x08005dac       0x38 ./Core/tinyusb/src/portable/synopsys/dwc2/dwc2_common.o
 .text.dwc2_phy_update
                0x08005de4       0xec ./Core/tinyusb/src/portable/synopsys/dwc2/dwc2_common.o
 .text.reset_core
                0x08005ed0       0x7a ./Core/tinyusb/src/portable/synopsys/dwc2/dwc2_common.o
 .text.phy_fs_init
                0x08005f4a       0x50 ./Core/tinyusb/src/portable/synopsys/dwc2/dwc2_common.o
 .text.phy_hs_init
                0x08005f9a       0xe6 ./Core/tinyusb/src/portable/synopsys/dwc2/dwc2_common.o
 .text.check_dwc2
                0x08006080       0x60 ./Core/tinyusb/src/portable/synopsys/dwc2/dwc2_common.o
 .text.dwc2_core_is_highspeed_phy
                0x080060e0       0x6a ./Core/tinyusb/src/portable/synopsys/dwc2/dwc2_common.o
                0x080060e0                dwc2_core_is_highspeed_phy
 *fill*         0x0800614a        0x2 
 .text.dwc2_core_init
                0x0800614c      0x118 ./Core/tinyusb/src/portable/synopsys/dwc2/dwc2_common.o
                0x0800614c                dwc2_core_init
 .text.tusb_rhport_init
                0x08006264       0xc8 ./Core/tinyusb/src/tusb.o
                0x08006264                tusb_rhport_init
 .text.tusb_int_handler
                0x0800632c       0x34 ./Core/tinyusb/src/tusb.o
                0x0800632c                tusb_int_handler
 .text.tu_edpt_claim
                0x08006360       0x78 ./Core/tinyusb/src/tusb.o
                0x08006360                tu_edpt_claim
 .text.tu_edpt_release
                0x080063d8       0x54 ./Core/tinyusb/src/tusb.o
                0x080063d8                tu_edpt_release
 .text.tu_bind_driver_to_ep_itf
                0x0800642c      0x11c ./Core/tinyusb/src/tusb.o
                0x0800642c                tu_bind_driver_to_ep_itf
 .text.tu_edpt_stream_init
                0x08006548       0x50 ./Core/tinyusb/src/tusb.o
                0x08006548                tu_edpt_stream_init
 .text.stream_claim
                0x08006598       0x3a ./Core/tinyusb/src/tusb.o
 .text.stream_xfer
                0x080065d2       0x66 ./Core/tinyusb/src/tusb.o
 .text.stream_release
                0x08006638       0x2e ./Core/tinyusb/src/tusb.o
 *fill*         0x08006666        0x2 
 .text.tu_edpt_stream_write_zlp_if_needed
                0x08006668       0x9c ./Core/tinyusb/src/tusb.o
                0x08006668                tu_edpt_stream_write_zlp_if_needed
 .text.tu_edpt_stream_write_xfer
                0x08006704      0x16c ./Core/tinyusb/src/tusb.o
                0x08006704                tu_edpt_stream_write_xfer
 .text.tu_edpt_stream_write
                0x08006870       0xba ./Core/tinyusb/src/tusb.o
                0x08006870                tu_edpt_stream_write
 .text.tu_edpt_stream_write_available
                0x0800692a       0x78 ./Core/tinyusb/src/tusb.o
                0x0800692a                tu_edpt_stream_write_available
 *fill*         0x080069a2        0x2 
 .text.tu_edpt_stream_read_xfer
                0x080069a4      0x190 ./Core/tinyusb/src/tusb.o
                0x080069a4                tu_edpt_stream_read_xfer
 .text.HAL_Init
                0x08006b34       0x44 ./Drivers/STM32F4xx_HAL_Driver/Src/stm32f4xx_hal.o
                0x08006b34                HAL_Init
 .text.HAL_InitTick
                0x08006b78       0x60 ./Drivers/STM32F4xx_HAL_Driver/Src/stm32f4xx_hal.o
                0x08006b78                HAL_InitTick
 .text.HAL_IncTick
                0x08006bd8       0x28 ./Drivers/STM32F4xx_HAL_Driver/Src/stm32f4xx_hal.o
                0x08006bd8                HAL_IncTick
 .text.HAL_GetTick
                0x08006c00       0x18 ./Drivers/STM32F4xx_HAL_Driver/Src/stm32f4xx_hal.o
                0x08006c00                HAL_GetTick
 .text.HAL_Delay
                0x08006c18       0x48 ./Drivers/STM32F4xx_HAL_Driver/Src/stm32f4xx_hal.o
                0x08006c18                HAL_Delay
 .text.HAL_ADC_Init
                0x08006c60       0x86 ./Drivers/STM32F4xx_HAL_Driver/Src/stm32f4xx_hal_adc.o
                0x08006c60                HAL_ADC_Init
 *fill*         0x08006ce6        0x2 
 .text.HAL_ADC_Start
                0x08006ce8      0x168 ./Drivers/STM32F4xx_HAL_Driver/Src/stm32f4xx_hal_adc.o
                0x08006ce8                HAL_ADC_Start
 .text.HAL_ADC_PollForConversion
                0x08006e50      0x116 ./Drivers/STM32F4xx_HAL_Driver/Src/stm32f4xx_hal_adc.o
                0x08006e50                HAL_ADC_PollForConversion
 .text.HAL_ADC_IRQHandler
                0x08006f66      0x220 ./Drivers/STM32F4xx_HAL_Driver/Src/stm32f4xx_hal_adc.o
                0x08006f66                HAL_ADC_IRQHandler
 .text.HAL_ADC_GetValue
                0x08007186       0x1a ./Drivers/STM32F4xx_HAL_Driver/Src/stm32f4xx_hal_adc.o
                0x08007186                HAL_ADC_GetValue
 .text.HAL_ADC_ConvCpltCallback
                0x080071a0       0x14 ./Drivers/STM32F4xx_HAL_Driver/Src/stm32f4xx_hal_adc.o
                0x080071a0                HAL_ADC_ConvCpltCallback
 .text.HAL_ADC_LevelOutOfWindowCallback
                0x080071b4       0x14 ./Drivers/STM32F4xx_HAL_Driver/Src/stm32f4xx_hal_adc.o
                0x080071b4                HAL_ADC_LevelOutOfWindowCallback
 .text.HAL_ADC_ErrorCallback
                0x080071c8       0x14 ./Drivers/STM32F4xx_HAL_Driver/Src/stm32f4xx_hal_adc.o
                0x080071c8                HAL_ADC_ErrorCallback
 .text.HAL_ADC_ConfigChannel
                0x080071dc      0x264 ./Drivers/STM32F4xx_HAL_Driver/Src/stm32f4xx_hal_adc.o
                0x080071dc                HAL_ADC_ConfigChannel
 .text.ADC_Init
                0x08007440      0x1f8 ./Drivers/STM32F4xx_HAL_Driver/Src/stm32f4xx_hal_adc.o
 .text.HAL_ADCEx_InjectedConvCpltCallback
                0x08007638       0x14 ./Drivers/STM32F4xx_HAL_Driver/Src/stm32f4xx_hal_adc_ex.o
                0x08007638                HAL_ADCEx_InjectedConvCpltCallback
 .text.__NVIC_SetPriorityGrouping
                0x0800764c       0x48 ./Drivers/STM32F4xx_HAL_Driver/Src/stm32f4xx_hal_cortex.o
 .text.__NVIC_GetPriorityGrouping
                0x08007694       0x1c ./Drivers/STM32F4xx_HAL_Driver/Src/stm32f4xx_hal_cortex.o
 .text.__NVIC_EnableIRQ
                0x080076b0       0x3c ./Drivers/STM32F4xx_HAL_Driver/Src/stm32f4xx_hal_cortex.o
 .text.__NVIC_SetPriority
                0x080076ec       0x54 ./Drivers/STM32F4xx_HAL_Driver/Src/stm32f4xx_hal_cortex.o
 .text.NVIC_EncodePriority
                0x08007740       0x66 ./Drivers/STM32F4xx_HAL_Driver/Src/stm32f4xx_hal_cortex.o
 *fill*         0x080077a6        0x2 
 .text.SysTick_Config
                0x080077a8       0x44 ./Drivers/STM32F4xx_HAL_Driver/Src/stm32f4xx_hal_cortex.o
 .text.HAL_NVIC_SetPriorityGrouping
                0x080077ec       0x16 ./Drivers/STM32F4xx_HAL_Driver/Src/stm32f4xx_hal_cortex.o
                0x080077ec                HAL_NVIC_SetPriorityGrouping
 .text.HAL_NVIC_SetPriority
                0x08007802       0x38 ./Drivers/STM32F4xx_HAL_Driver/Src/stm32f4xx_hal_cortex.o
                0x08007802                HAL_NVIC_SetPriority
 .text.HAL_NVIC_EnableIRQ
                0x0800783a       0x1c ./Drivers/STM32F4xx_HAL_Driver/Src/stm32f4xx_hal_cortex.o
                0x0800783a                HAL_NVIC_EnableIRQ
 .text.HAL_SYSTICK_Config
                0x08007856       0x18 ./Drivers/STM32F4xx_HAL_Driver/Src/stm32f4xx_hal_cortex.o
                0x08007856                HAL_SYSTICK_Config
 *fill*         0x0800786e        0x2 
 .text.HAL_GPIO_Init
                0x08007870      0x308 ./Drivers/STM32F4xx_HAL_Driver/Src/stm32f4xx_hal_gpio.o
                0x08007870                HAL_GPIO_Init
 .text.HAL_GPIO_ReadPin
                0x08007b78       0x30 ./Drivers/STM32F4xx_HAL_Driver/Src/stm32f4xx_hal_gpio.o
                0x08007b78                HAL_GPIO_ReadPin
 .text.HAL_GPIO_WritePin
                0x08007ba8       0x32 ./Drivers/STM32F4xx_HAL_Driver/Src/stm32f4xx_hal_gpio.o
                0x08007ba8                HAL_GPIO_WritePin
 .text.HAL_GPIO_TogglePin
                0x08007bda       0x34 ./Drivers/STM32F4xx_HAL_Driver/Src/stm32f4xx_hal_gpio.o
                0x08007bda                HAL_GPIO_TogglePin
 .text.HAL_PCD_Init
                0x08007c0e      0x21e ./Drivers/STM32F4xx_HAL_Driver/Src/stm32f4xx_hal_pcd.o
                0x08007c0e                HAL_PCD_Init
 .text.HAL_RCC_OscConfig
                0x08007e2c      0x4f0 ./Drivers/STM32F4xx_HAL_Driver/Src/stm32f4xx_hal_rcc.o
                0x08007e2c                HAL_RCC_OscConfig
 .text.HAL_RCC_ClockConfig
                0x0800831c      0x1cc ./Drivers/STM32F4xx_HAL_Driver/Src/stm32f4xx_hal_rcc.o
                0x0800831c                HAL_RCC_ClockConfig
 .text.HAL_RCC_MCOConfig
                0x080084e8       0xd0 ./Drivers/STM32F4xx_HAL_Driver/Src/stm32f4xx_hal_rcc.o
                0x080084e8                HAL_RCC_MCOConfig
 .text.HAL_RCC_GetSysClockFreq
                0x080085b8      0x208 ./Drivers/STM32F4xx_HAL_Driver/Src/stm32f4xx_hal_rcc.o
                0x080085b8                HAL_RCC_GetSysClockFreq
 .text.USB_CoreInit
                0x080087c0       0xc8 ./Drivers/STM32F4xx_HAL_Driver/Src/stm32f4xx_ll_usb.o
                0x080087c0                USB_CoreInit
 .text.USB_DisableGlobalInt
                0x08008888       0x22 ./Drivers/STM32F4xx_HAL_Driver/Src/stm32f4xx_ll_usb.o
                0x08008888                USB_DisableGlobalInt
 .text.USB_SetCurrentMode
                0x080088aa       0x98 ./Drivers/STM32F4xx_HAL_Driver/Src/stm32f4xx_ll_usb.o
                0x080088aa                USB_SetCurrentMode
 *fill*         0x08008942        0x2 
 .text.USB_DevInit
                0x08008944      0x2c8 ./Drivers/STM32F4xx_HAL_Driver/Src/stm32f4xx_ll_usb.o
                0x08008944                USB_DevInit
 .text.USB_FlushTxFifo
                0x08008c0c       0x64 ./Drivers/STM32F4xx_HAL_Driver/Src/stm32f4xx_ll_usb.o
                0x08008c0c                USB_FlushTxFifo
 .text.USB_FlushRxFifo
                0x08008c70       0x5c ./Drivers/STM32F4xx_HAL_Driver/Src/stm32f4xx_ll_usb.o
                0x08008c70                USB_FlushRxFifo
 .text.USB_SetDevSpeed
                0x08008ccc       0x32 ./Drivers/STM32F4xx_HAL_Driver/Src/stm32f4xx_ll_usb.o
                0x08008ccc                USB_SetDevSpeed
 .text.USB_DevDisconnect
                0x08008cfe       0x42 ./Drivers/STM32F4xx_HAL_Driver/Src/stm32f4xx_ll_usb.o
                0x08008cfe                USB_DevDisconnect
 .text.USB_GetMode
                0x08008d40       0x1c ./Drivers/STM32F4xx_HAL_Driver/Src/stm32f4xx_ll_usb.o
                0x08008d40                USB_GetMode
 .text.USB_CoreReset
                0x08008d5c       0x70 ./Drivers/STM32F4xx_HAL_Driver/Src/stm32f4xx_ll_usb.o
 .text.memset   0x08008dcc       0x10 /Applications/STM32CubeIDE.app/Contents/Eclipse/plugins/com.st.stm32cube.ide.mcu.externaltools.gnu-tools-for-stm32.13.3.rel1.macos64_1.0.100.202509120712/tools/bin/../lib/gcc/arm-none-eabi/13.3.1/../../../../arm-none-eabi/lib/thumb/v7e-m+fp/hard/libc_nano.a(libc_a-memset.o)
                0x08008dcc                memset
 .text.__libc_init_array
                0x08008ddc       0x48 /Applications/STM32CubeIDE.app/Contents/Eclipse/plugins/com.st.stm32cube.ide.mcu.externaltools.gnu-tools-for-stm32.13.3.rel1.macos64_1.0.100.202509120712/tools/bin/../lib/gcc/arm-none-eabi/13.3.1/../../../../arm-none-eabi/lib/thumb/v7e-m+fp/hard/libc_nano.a(libc_a-init.o)
                0x08008ddc                __libc_init_array
 .text.memcpy   0x08008e24       0x1c /Applications/STM32CubeIDE.app/Contents/Eclipse/plugins/com.st.stm32cube.ide.mcu.externaltools.gnu-tools-for-stm32.13.3.rel1.macos64_1.0.100.202509120712/tools/bin/../lib/gcc/arm-none-eabi/13.3.1/../../../../arm-none-eabi/lib/thumb/v7e-m+fp/hard/libc_nano.a(libc_a-memcpy-stub.o)
                0x08008e24                memcpy
 *(.glue_7)
 .glue_7        0x08008e40        0x0 linker stubs
 *(.glue_7t)
 .glue_7t       0x08008e40        0x0 linker stubs
 *(.eh_frame)
 .eh_frame      0x08008e40        0x0 /Applications/STM32CubeIDE.app/Contents/Eclipse/plugins/com.st.stm32cube.ide.mcu.externaltools.gnu-tools-for-stm32.13.3.rel1.macos64_1.0.100.202509120712/tools/bin/../lib/gcc/arm-none-eabi/13.3.1/thumb/v7e-m+fp/hard/crtbegin.o
 *(.init)
 .init          0x08008e40        0x4 /Applications/STM32CubeIDE.app/Contents/Eclipse/plugins/com.st.stm32cube.ide.mcu.externaltools.gnu-tools-for-stm32.13.3.rel1.macos64_1.0.100.202509120712/tools/bin/../lib/gcc/arm-none-eabi/13.3.1/thumb/v7e-m+fp/hard/crti.o
                0x08008e40                _init
 .init          0x08008e44        0x8 /Applications/STM32CubeIDE.app/Contents/Eclipse/plugins/com.st.stm32cube.ide.mcu.externaltools.gnu-tools-for-stm32.13.3.rel1.macos64_1.0.100.202509120712/tools/bin/../lib/gcc/arm-none-eabi/13.3.1/thumb/v7e-m+fp/hard/crtn.o
 *(.fini)
 .fini          0x08008e4c        0x4 /Applications/STM32CubeIDE.app/Contents/Eclipse/plugins/com.st.stm32cube.ide.mcu.externaltools.gnu-tools-for-stm32.13.3.rel1.macos64_1.0.100.202509120712/tools/bin/../lib/gcc/arm-none-eabi/13.3.1/thumb/v7e-m+fp/hard/crti.o
                0x08008e4c                _fini
 .fini          0x08008e50        0x8 /Applications/STM32CubeIDE.app/Contents/Eclipse/plugins/com.st.stm32cube.ide.mcu.externaltools.gnu-tools-for-stm32.13.3.rel1.macos64_1.0.100.202509120712/tools/bin/../lib/gcc/arm-none-eabi/13.3.1/thumb/v7e-m+fp/hard/crtn.o
                0x08008e58                        . = ALIGN (0x4)
                0x08008e58                        _etext = .

.vfp11_veneer   0x08008e58        0x0
 .vfp11_veneer  0x08008e58        0x0 linker stubs

.v4_bx          0x08008e58        0x0
 .v4_bx         0x08008e58        0x0 linker stubs

.iplt           0x08008e58        0x0
 .iplt          0x08008e58        0x0 /Applications/STM32CubeIDE.app/Contents/Eclipse/plugins/com.st.stm32cube.ide.mcu.externaltools.gnu-tools-for-stm32.13.3.rel1.macos64_1.0.100.202509120712/tools/bin/../lib/gcc/arm-none-eabi/13.3.1/thumb/v7e-m+fp/hard/crtbegin.o

.rodata         0x08008e58       0xf4
                0x08008e58                        . = ALIGN (0x4)
 *(.rodata)
 .rodata        0x08008e58       0x1b ./Core/Src/usb_descriptors.o
 *(.rodata*)
 *fill*         0x08008e73        0x1 
 .rodata.adc_cc_nums.0
                0x08008e74        0x4 ./Core/Src/main.o
 .rodata.AHBPrescTable
                0x08008e78       0x10 ./Core/Src/system_stm32f4xx.o
                0x08008e78                AHBPrescTable
 .rodata.desc_device
                0x08008e88       0x12 ./Core/Src/usb_descriptors.o
 *fill*         0x08008e9a        0x2 
 .rodata.desc_fs_configuration
                0x08008e9c       0x65 ./Core/Src/usb_descriptors.o
 *fill*         0x08008f01        0x3 
 .rodata.__compound_literal.0
                0x08008f04        0x2 ./Core/Src/usb_descriptors.o
 *fill*         0x08008f06        0x2 
 .rodata._usbd_driver
                0x08008f08       0x24 ./Core/tinyusb/src/device/usbd.o
 .rodata._dwc2_controller
                0x08008f2c       0x10 ./Core/tinyusb/src/portable/synopsys/dwc2/dcd_dwc2.o
 .rodata._dwc2_controller
                0x08008f3c       0x10 ./Core/tinyusb/src/portable/synopsys/dwc2/dwc2_common.o
                0x08008f4c                        . = ALIGN (0x4)

.ARM.extab      0x08008f4c        0x0
                0x08008f4c                        . = ALIGN (0x4)
 *(.ARM.extab* .gnu.linkonce.armextab.*)
                0x08008f4c                        . = ALIGN (0x4)

.ARM            0x08008f4c        0x8
                0x08008f4c                        . = ALIGN (0x4)
                0x08008f4c                        __exidx_start = .
 *(.ARM.exidx*)
 .ARM.exidx     0x08008f4c        0x8 /Applications/STM32CubeIDE.app/Contents/Eclipse/plugins/com.st.stm32cube.ide.mcu.externaltools.gnu-tools-for-stm32.13.3.rel1.macos64_1.0.100.202509120712/tools/bin/../lib/gcc/arm-none-eabi/13.3.1/../../../../arm-none-eabi/lib/thumb/v7e-m+fp/hard/libc_nano.a(libc_a-strlen.o)
 .ARM.exidx     0x08008f54        0x0 /Applications/STM32CubeIDE.app/Contents/Eclipse/plugins/com.st.stm32cube.ide.mcu.externaltools.gnu-tools-for-stm32.13.3.rel1.macos64_1.0.100.202509120712/tools/bin/../lib/gcc/arm-none-eabi/13.3.1/thumb/v7e-m+fp/hard/libgcc.a(_udivmoddi4.o)
                                  0x8 (size before relaxing)
                0x08008f54                        __exidx_end = .
                0x08008f54                        . = ALIGN (0x4)

.preinit_array  0x08008f54        0x0
                0x08008f54                        . = ALIGN (0x4)
                0x08008f54                        PROVIDE (__preinit_array_start = .)
 *(.preinit_array*)
                0x08008f54                        PROVIDE (__preinit_array_end = .)
                0x08008f54                        . = ALIGN (0x4)

.init_array     0x08008f54        0x4
                0x08008f54                        . = ALIGN (0x4)
                0x08008f54                        PROVIDE (__init_array_start = .)
 *(SORT_BY_NAME(.init_array.*))
 *(.init_array*)
 .init_array    0x08008f54        0x4 /Applications/STM32CubeIDE.app/Contents/Eclipse/plugins/com.st.stm32cube.ide.mcu.externaltools.gnu-tools-for-stm32.13.3.rel1.macos64_1.0.100.202509120712/tools/bin/../lib/gcc/arm-none-eabi/13.3.1/thumb/v7e-m+fp/hard/crtbegin.o
                0x08008f58                        PROVIDE (__init_array_end = .)
                0x08008f58                        . = ALIGN (0x4)

.fini_array     0x08008f58        0x4
                0x08008f58                        . = ALIGN (0x4)
                [!provide]                        PROVIDE (__fini_array_start = .)
 *(SORT_BY_NAME(.fini_array.*))
 *(.fini_array*)
 .fini_array    0x08008f58        0x4 /Applications/STM32CubeIDE.app/Contents/Eclipse/plugins/com.st.stm32cube.ide.mcu.externaltools.gnu-tools-for-stm32.13.3.rel1.macos64_1.0.100.202509120712/tools/bin/../lib/gcc/arm-none-eabi/13.3.1/thumb/v7e-m+fp/hard/crtbegin.o
                [!provide]                        PROVIDE (__fini_array_end = .)
                0x08008f5c                        . = ALIGN (0x4)
                0x08008f5c                        _sidata = LOADADDR (.data)

.rel.dyn        0x08008f5c        0x0
 .rel.iplt      0x08008f5c        0x0 /Applications/STM32CubeIDE.app/Contents/Eclipse/plugins/com.st.stm32cube.ide.mcu.externaltools.gnu-tools-for-stm32.13.3.rel1.macos64_1.0.100.202509120712/tools/bin/../lib/gcc/arm-none-eabi/13.3.1/thumb/v7e-m+fp/hard/crtbegin.o

.data           0x20000000       0x40 load address 0x08008f5c
                0x20000000                        . = ALIGN (0x4)
                0x20000000                        _sdata = .
 *(.data)
 *(.data*)
 .data.last_adc_cc
                0x20000000        0x4 ./Core/Src/main.o
                0x20000000                last_adc_cc
 .data.SystemCoreClock
                0x20000004        0x4 ./Core/Src/system_stm32f4xx.o
                0x20000004                SystemCoreClock
 .data.string_desc_arr
                0x20000008       0x10 ./Core/Src/usb_descriptors.o
 .data._usbd_rhport
                0x20000018        0x1 ./Core/tinyusb/src/device/usbd.o
 *fill*         0x20000019        0x3 
 .data._usbd_spin
                0x2000001c        0x8 ./Core/tinyusb/src/device/usbd.o
 .data._usbd_qdef
                0x20000024       0x14 ./Core/tinyusb/src/device/usbd.o
                0x20000024                _usbd_qdef
 .data.uwTickPrio
                0x20000038        0x4 ./Drivers/STM32F4xx_HAL_Driver/Src/stm32f4xx_hal.o
                0x20000038                uwTickPrio
 .data.uwTickFreq
                0x2000003c        0x1 ./Drivers/STM32F4xx_HAL_Driver/Src/stm32f4xx_hal.o
                0x2000003c                uwTickFreq
 *(.RamFunc)
 *(.RamFunc*)
                0x20000040                        . = ALIGN (0x4)
 *fill*         0x2000003d        0x3 
                0x20000040                        _edata = .

.igot.plt       0x20000040        0x0 load address 0x08008f9c
 .igot.plt      0x20000040        0x0 /Applications/STM32CubeIDE.app/Contents/Eclipse/plugins/com.st.stm32cube.ide.mcu.externaltools.gnu-tools-for-stm32.13.3.rel1.macos64_1.0.100.202509120712/tools/bin/../lib/gcc/arm-none-eabi/13.3.1/thumb/v7e-m+fp/hard/crtbegin.o
                0x20000040                        . = ALIGN (0x4)

.bss            0x20000040      0x840 load address 0x08008f9c
                0x20000040                        _sbss = .
                0x20000040                        __bss_start__ = _sbss
 *(.bss)
 .bss           0x20000040       0x1c /Applications/STM32CubeIDE.app/Contents/Eclipse/plugins/com.st.stm32cube.ide.mcu.externaltools.gnu-tools-for-stm32.13.3.rel1.macos64_1.0.100.202509120712/tools/bin/../lib/gcc/arm-none-eabi/13.3.1/thumb/v7e-m+fp/hard/crtbegin.o
 *(.bss*)
 .bss.hadc1     0x2000005c       0x48 ./Core/Src/main.o
                0x2000005c                hadc1
 .bss.hpcd_USB_OTG_FS
                0x200000a4      0x4e4 ./Core/Src/main.o
                0x200000a4                hpcd_USB_OTG_FS
 .bss.adc_buf   0x20000588        0x8 ./Core/Src/main.o
                0x20000588                adc_buf
 .bss._desc_str
                0x20000590       0x42 ./Core/Src/usb_descriptors.o
 *fill*         0x200005d2        0x2 
 .bss._midid_itf
                0x200005d4       0xc0 ./Core/tinyusb/src/class/midi/midi_device.o
 .bss._usbd_dev
                0x20000694       0x2f ./Core/tinyusb/src/device/usbd.o
 .bss._usbd_queued_setup
                0x200006c3        0x1 ./Core/tinyusb/src/device/usbd.o
 .bss._app_driver
                0x200006c4        0x4 ./Core/tinyusb/src/device/usbd.o
 .bss._app_driver_count
                0x200006c8        0x1 ./Core/tinyusb/src/device/usbd.o
 *fill*         0x200006c9        0x3 
 .bss._usbd_qdef_buf
                0x200006cc       0xc0 ./Core/tinyusb/src/device/usbd.o
                0x200006cc                _usbd_qdef_buf
 .bss._usbd_q   0x2000078c        0x4 ./Core/tinyusb/src/device/usbd.o
 .bss._ctrl_xfer
                0x20000790       0x14 ./Core/tinyusb/src/device/usbd_control.o
 .bss._ctrl_epbuf
                0x200007a4       0x40 ./Core/tinyusb/src/device/usbd_control.o
 .bss.xfer_status
                0x200007e4       0x80 ./Core/tinyusb/src/portable/synopsys/dwc2/dcd_dwc2.o
 .bss._dcd_data
                0x20000864        0x8 ./Core/tinyusb/src/portable/synopsys/dwc2/dcd_dwc2.o
 .bss._dcd_usbbuf
                0x2000086c        0x8 ./Core/tinyusb/src/portable/synopsys/dwc2/dcd_dwc2.o
 .bss._tud_cfg  0x20000874        0x4 ./Core/tinyusb/src/portable/synopsys/dwc2/dcd_dwc2.o
 .bss._tusb_rhport_role
                0x20000878        0x2 ./Core/tinyusb/src/tusb.o
                0x20000878                _tusb_rhport_role
 *fill*         0x2000087a        0x2 
 .bss.uwTick    0x2000087c        0x4 ./Drivers/STM32F4xx_HAL_Driver/Src/stm32f4xx_hal.o
                0x2000087c                uwTick
 *(COMMON)
                0x20000880                        . = ALIGN (0x4)
                0x20000880                        _ebss = .
                0x20000880                        __bss_end__ = _ebss

._user_heap_stack
                0x20000880      0x600 load address 0x08008f9c
                0x20000880                        . = ALIGN (0x8)
                [!provide]                        PROVIDE (end = .)
                0x20000880                        PROVIDE (_end = .)
                0x20000a80                        . = (. + _Min_Heap_Size)
 *fill*         0x20000880      0x200 
                0x20000e80                        . = (. + _Min_Stack_Size)
 *fill*         0x20000a80      0x400 
                0x20000e80                        . = ALIGN (0x8)

/DISCARD/
 libc.a(*)
 libm.a(*)
 libgcc.a(*)

.ARM.attributes
                0x00000000       0x30
 *(.ARM.attributes)
 .ARM.attributes
                0x00000000       0x22 /Applications/STM32CubeIDE.app/Contents/Eclipse/plugins/com.st.stm32cube.ide.mcu.externaltools.gnu-tools-for-stm32.13.3.rel1.macos64_1.0.100.202509120712/tools/bin/../lib/gcc/arm-none-eabi/13.3.1/thumb/v7e-m+fp/hard/crti.o
 .ARM.attributes
                0x00000022       0x34 /Applications/STM32CubeIDE.app/Contents/Eclipse/plugins/com.st.stm32cube.ide.mcu.externaltools.gnu-tools-for-stm32.13.3.rel1.macos64_1.0.100.202509120712/tools/bin/../lib/gcc/arm-none-eabi/13.3.1/thumb/v7e-m+fp/hard/crtbegin.o
 .ARM.attributes
                0x00000056       0x34 ./Core/Src/main.o
 .ARM.attributes
                0x0000008a       0x34 ./Core/Src/stm32f4xx_hal_msp.o
 .ARM.attributes
                0x000000be       0x34 ./Core/Src/stm32f4xx_it.o
 .ARM.attributes
                0x000000f2       0x34 ./Core/Src/system_stm32f4xx.o
 .ARM.attributes
                0x00000126       0x34 ./Core/Src/usb_descriptors.o
 .ARM.attributes
                0x0000015a       0x21 ./Core/Startup/startup_stm32f411retx.o
 .ARM.attributes
                0x0000017b       0x34 ./Core/tinyusb/src/class/midi/midi_device.o
 .ARM.attributes
                0x000001af       0x34 ./Core/tinyusb/src/common/tusb_fifo.o
 .ARM.attributes
                0x000001e3       0x34 ./Core/tinyusb/src/device/usbd.o
 .ARM.attributes
                0x00000217       0x34 ./Core/tinyusb/src/device/usbd_control.o
 .ARM.attributes
                0x0000024b       0x34 ./Core/tinyusb/src/portable/synopsys/dwc2/dcd_dwc2.o
 .ARM.attributes
                0x0000027f       0x34 ./Core/tinyusb/src/portable/synopsys/dwc2/dwc2_common.o
 .ARM.attributes
                0x000002b3       0x34 ./Core/tinyusb/src/tusb.o
 .ARM.attributes
                0x000002e7       0x34 ./Drivers/STM32F4xx_HAL_Driver/Src/stm32f4xx_hal.o
 .ARM.attributes
                0x0000031b       0x34 ./Drivers/STM32F4xx_HAL_Driver/Src/stm32f4xx_hal_adc.o
 .ARM.attributes
                0x0000034f       0x34 ./Drivers/STM32F4xx_HAL_Driver/Src/stm32f4xx_hal_adc_ex.o
 .ARM.attributes
                0x00000383       0x34 ./Drivers/STM32F4xx_HAL_Driver/Src/stm32f4xx_hal_cortex.o
 .ARM.attributes
                0x000003b7       0x34 ./Drivers/STM32F4xx_HAL_Driver/Src/stm32f4xx_hal_gpio.o
 .ARM.attributes
                0x000003eb       0x34 ./Drivers/STM32F4xx_HAL_Driver/Src/stm32f4xx_hal_pcd.o
 .ARM.attributes
                0x0000041f       0x34 ./Drivers/STM32F4xx_HAL_Driver/Src/stm32f4xx_hal_rcc.o
 .ARM.attributes
                0x00000453       0x34 ./Drivers/STM32F4xx_HAL_Driver/Src/stm32f4xx_ll_usb.o
 .ARM.attributes
                0x00000487       0x34 /Applications/STM32CubeIDE.app/Contents/Eclipse/plugins/com.st.stm32cube.ide.mcu.externaltools.gnu-tools-for-stm32.13.3.rel1.macos64_1.0.100.202509120712/tools/bin/../lib/gcc/arm-none-eabi/13.3.1/../../../../arm-none-eabi/lib/thumb/v7e-m+fp/hard/libc_nano.a(libc_a-memset.o)
 .ARM.attributes
                0x000004bb       0x34 /Applications/STM32CubeIDE.app/Contents/Eclipse/plugins/com.st.stm32cube.ide.mcu.externaltools.gnu-tools-for-stm32.13.3.rel1.macos64_1.0.100.202509120712/tools/bin/../lib/gcc/arm-none-eabi/13.3.1/../../../../arm-none-eabi/lib/thumb/v7e-m+fp/hard/libc_nano.a(libc_a-init.o)
 .ARM.attributes
                0x000004ef       0x34 /Applications/STM32CubeIDE.app/Contents/Eclipse/plugins/com.st.stm32cube.ide.mcu.externaltools.gnu-tools-for-stm32.13.3.rel1.macos64_1.0.100.202509120712/tools/bin/../lib/gcc/arm-none-eabi/13.3.1/../../../../arm-none-eabi/lib/thumb/v7e-m+fp/hard/libc_nano.a(libc_a-memcpy-stub.o)
 .ARM.attributes
                0x00000523       0x17 /Applications/STM32CubeIDE.app/Contents/Eclipse/plugins/com.st.stm32cube.ide.mcu.externaltools.gnu-tools-for-stm32.13.3.rel1.macos64_1.0.100.202509120712/tools/bin/../lib/gcc/arm-none-eabi/13.3.1/../../../../arm-none-eabi/lib/thumb/v7e-m+fp/hard/libc_nano.a(libc_a-strlen.o)
 .ARM.attributes
                0x0000053a       0x22 /Applications/STM32CubeIDE.app/Contents/Eclipse/plugins/com.st.stm32cube.ide.mcu.externaltools.gnu-tools-for-stm32.13.3.rel1.macos64_1.0.100.202509120712/tools/bin/../lib/gcc/arm-none-eabi/13.3.1/thumb/v7e-m+fp/hard/libgcc.a(_aeabi_uldivmod.o)
 .ARM.attributes
                0x0000055c       0x34 /Applications/STM32CubeIDE.app/Contents/Eclipse/plugins/com.st.stm32cube.ide.mcu.externaltools.gnu-tools-for-stm32.13.3.rel1.macos64_1.0.100.202509120712/tools/bin/../lib/gcc/arm-none-eabi/13.3.1/thumb/v7e-m+fp/hard/libgcc.a(_udivmoddi4.o)
 .ARM.attributes
                0x00000590       0x22 /Applications/STM32CubeIDE.app/Contents/Eclipse/plugins/com.st.stm32cube.ide.mcu.externaltools.gnu-tools-for-stm32.13.3.rel1.macos64_1.0.100.202509120712/tools/bin/../lib/gcc/arm-none-eabi/13.3.1/thumb/v7e-m+fp/hard/libgcc.a(_dvmd_tls.o)
 .ARM.attributes
                0x000005b2       0x22 /Applications/STM32CubeIDE.app/Contents/Eclipse/plugins/com.st.stm32cube.ide.mcu.externaltools.gnu-tools-for-stm32.13.3.rel1.macos64_1.0.100.202509120712/tools/bin/../lib/gcc/arm-none-eabi/13.3.1/thumb/v7e-m+fp/hard/crtn.o
OUTPUT(stompr_board.elf elf32-littlearm)
LOAD linker stubs
LOAD /Applications/STM32CubeIDE.app/Contents/Eclipse/plugins/com.st.stm32cube.ide.mcu.externaltools.gnu-tools-for-stm32.13.3.rel1.macos64_1.0.100.202509120712/tools/bin/../lib/gcc/arm-none-eabi/13.3.1/../../../../arm-none-eabi/lib/thumb/v7e-m+fp/hard/libc.a
LOAD /Applications/STM32CubeIDE.app/Contents/Eclipse/plugins/com.st.stm32cube.ide.mcu.externaltools.gnu-tools-for-stm32.13.3.rel1.macos64_1.0.100.202509120712/tools/bin/../lib/gcc/arm-none-eabi/13.3.1/../../../../arm-none-eabi/lib/thumb/v7e-m+fp/hard/libm.a
LOAD /Applications/STM32CubeIDE.app/Contents/Eclipse/plugins/com.st.stm32cube.ide.mcu.externaltools.gnu-tools-for-stm32.13.3.rel1.macos64_1.0.100.202509120712/tools/bin/../lib/gcc/arm-none-eabi/13.3.1/thumb/v7e-m+fp/hard/libgcc.a

.debug_info     0x00000000    0x17516
 .debug_info    0x00000000     0x15a4 ./Core/Src/main.o
 .debug_info    0x000015a4     0x1040 ./Core/Src/stm32f4xx_hal_msp.o
 .debug_info    0x000025e4      0x666 ./Core/Src/stm32f4xx_it.o
 .debug_info    0x00002c4a      0x53e ./Core/Src/system_stm32f4xx.o
 .debug_info    0x00003188      0x638 ./Core/Src/usb_descriptors.o
 .debug_info    0x000037c0       0x30 ./Core/Startup/startup_stm32f411retx.o
 .debug_info    0x000037f0     0x1cac ./Core/tinyusb/src/class/midi/midi_device.o
 .debug_info    0x0000549c     0x14b8 ./Core/tinyusb/src/common/tusb_fifo.o
 .debug_info    0x00006954     0x33a0 ./Core/tinyusb/src/device/usbd.o
 .debug_info    0x00009cf4      0x773 ./Core/tinyusb/src/device/usbd_control.o
 .debug_info    0x0000a467     0x3d98 ./Core/tinyusb/src/portable/synopsys/dwc2/dcd_dwc2.o
 .debug_info    0x0000e1ff     0x1058 ./Core/tinyusb/src/portable/synopsys/dwc2/dwc2_common.o
 .debug_info    0x0000f257     0x15b3 ./Core/tinyusb/src/tusb.o
 .debug_info    0x0001080a      0x8c4 ./Drivers/STM32F4xx_HAL_Driver/Src/stm32f4xx_hal.o
 .debug_info    0x000110ce      0xce0 ./Drivers/STM32F4xx_HAL_Driver/Src/stm32f4xx_hal_adc.o
 .debug_info    0x00011dae      0xb65 ./Drivers/STM32F4xx_HAL_Driver/Src/stm32f4xx_hal_adc_ex.o
 .debug_info    0x00012913      0xcfc ./Drivers/STM32F4xx_HAL_Driver/Src/stm32f4xx_hal_cortex.o
 .debug_info    0x0001360f      0x6f9 ./Drivers/STM32F4xx_HAL_Driver/Src/stm32f4xx_hal_gpio.o
 .debug_info    0x00013d08     0x1577 ./Drivers/STM32F4xx_HAL_Driver/Src/stm32f4xx_hal_pcd.o
 .debug_info    0x0001527f      0x904 ./Drivers/STM32F4xx_HAL_Driver/Src/stm32f4xx_hal_rcc.o
 .debug_info    0x00015b83     0x1993 ./Drivers/STM32F4xx_HAL_Driver/Src/stm32f4xx_ll_usb.o

.debug_abbrev   0x00000000     0x3973
 .debug_abbrev  0x00000000      0x365 ./Core/Src/main.o
 .debug_abbrev  0x00000365      0x205 ./Core/Src/stm32f4xx_hal_msp.o
 .debug_abbrev  0x0000056a      0x14d ./Core/Src/stm32f4xx_it.o
 .debug_abbrev  0x000006b7      0x11a ./Core/Src/system_stm32f4xx.o
 .debug_abbrev  0x000007d1      0x187 ./Core/Src/usb_descriptors.o
 .debug_abbrev  0x00000958       0x24 ./Core/Startup/startup_stm32f411retx.o
 .debug_abbrev  0x0000097c      0x3e5 ./Core/tinyusb/src/class/midi/midi_device.o
 .debug_abbrev  0x00000d61      0x356 ./Core/tinyusb/src/common/tusb_fifo.o
 .debug_abbrev  0x000010b7      0x58b ./Core/tinyusb/src/device/usbd.o
 .debug_abbrev  0x00001642      0x327 ./Core/tinyusb/src/device/usbd_control.o
 .debug_abbrev  0x00001969      0x582 ./Core/tinyusb/src/portable/synopsys/dwc2/dcd_dwc2.o
 .debug_abbrev  0x00001eeb      0x33b ./Core/tinyusb/src/portable/synopsys/dwc2/dwc2_common.o
 .debug_abbrev  0x00002226      0x3b9 ./Core/tinyusb/src/tusb.o
 .debug_abbrev  0x000025df      0x24b ./Drivers/STM32F4xx_HAL_Driver/Src/stm32f4xx_hal.o
 .debug_abbrev  0x0000282a      0x20e ./Drivers/STM32F4xx_HAL_Driver/Src/stm32f4xx_hal_adc.o
 .debug_abbrev  0x00002a38      0x22c ./Drivers/STM32F4xx_HAL_Driver/Src/stm32f4xx_hal_adc_ex.o
 .debug_abbrev  0x00002c64      0x31d ./Drivers/STM32F4xx_HAL_Driver/Src/stm32f4xx_hal_cortex.o
 .debug_abbrev  0x00002f81      0x1d3 ./Drivers/STM32F4xx_HAL_Driver/Src/stm32f4xx_hal_gpio.o
 .debug_abbrev  0x00003154      0x2b6 ./Drivers/STM32F4xx_HAL_Driver/Src/stm32f4xx_hal_pcd.o
 .debug_abbrev  0x0000340a      0x2b6 ./Drivers/STM32F4xx_HAL_Driver/Src/stm32f4xx_hal_rcc.o
 .debug_abbrev  0x000036c0      0x2b3 ./Drivers/STM32F4xx_HAL_Driver/Src/stm32f4xx_ll_usb.o

.debug_aranges  0x00000000      0xf30
 .debug_aranges
                0x00000000       0x58 ./Core/Src/main.o
 .debug_aranges
                0x00000058       0x40 ./Core/Src/stm32f4xx_hal_msp.o
 .debug_aranges
                0x00000098       0x70 ./Core/Src/stm32f4xx_it.o
 .debug_aranges
                0x00000108       0x28 ./Core/Src/system_stm32f4xx.o
 .debug_aranges
                0x00000130       0x40 ./Core/Src/usb_descriptors.o
 .debug_aranges
                0x00000170       0x28 ./Core/Startup/startup_stm32f411retx.o
 .debug_aranges
                0x00000198       0x98 ./Core/tinyusb/src/class/midi/midi_device.o
 .debug_aranges
                0x00000230       0xe0 ./Core/tinyusb/src/common/tusb_fifo.o
 .debug_aranges
                0x00000310      0x1e8 ./Core/tinyusb/src/device/usbd.o
 .debug_aranges
                0x000004f8       0x68 ./Core/tinyusb/src/device/usbd_control.o
 .debug_aranges
                0x00000560      0x138 ./Core/tinyusb/src/portable/synopsys/dwc2/dcd_dwc2.o
 .debug_aranges
                0x00000698       0x68 ./Core/tinyusb/src/portable/synopsys/dwc2/dwc2_common.o
 .debug_aranges
                0x00000700       0xd0 ./Core/tinyusb/src/tusb.o
 .debug_aranges
                0x000007d0       0xf0 ./Drivers/STM32F4xx_HAL_Driver/Src/stm32f4xx_hal.o
 .debug_aranges
                0x000008c0       0xe8 ./Drivers/STM32F4xx_HAL_Driver/Src/stm32f4xx_hal_adc.o
 .debug_aranges
                0x000009a8       0x90 ./Drivers/STM32F4xx_HAL_Driver/Src/stm32f4xx_hal_adc_ex.o
 .debug_aranges
                0x00000a38      0x130 ./Drivers/STM32F4xx_HAL_Driver/Src/stm32f4xx_hal_cortex.o
 .debug_aranges
                0x00000b68       0x58 ./Drivers/STM32F4xx_HAL_Driver/Src/stm32f4xx_hal_gpio.o
 .debug_aranges
                0x00000bc0      0x148 ./Drivers/STM32F4xx_HAL_Driver/Src/stm32f4xx_hal_pcd.o
 .debug_aranges
                0x00000d08       0x88 ./Drivers/STM32F4xx_HAL_Driver/Src/stm32f4xx_hal_rcc.o
 .debug_aranges
                0x00000d90      0x1a0 ./Drivers/STM32F4xx_HAL_Driver/Src/stm32f4xx_ll_usb.o

.debug_rnglists
                0x00000000      0xc42
 .debug_rnglists
                0x00000000       0x41 ./Core/Src/main.o
 .debug_rnglists
                0x00000041       0x2d ./Core/Src/stm32f4xx_hal_msp.o
 .debug_rnglists
                0x0000006e       0x4f ./Core/Src/stm32f4xx_it.o
 .debug_rnglists
                0x000000bd       0x1a ./Core/Src/system_stm32f4xx.o
 .debug_rnglists
                0x000000d7       0x2c ./Core/Src/usb_descriptors.o
 .debug_rnglists
                0x00000103       0x19 ./Core/Startup/startup_stm32f411retx.o
 .debug_rnglists
                0x0000011c       0x94 ./Core/tinyusb/src/class/midi/midi_device.o
 .debug_rnglists
                0x000001b0       0xae ./Core/tinyusb/src/common/tusb_fifo.o
 .debug_rnglists
                0x0000025e      0x1fb ./Core/tinyusb/src/device/usbd.o
 .debug_rnglists
                0x00000459       0x4c ./Core/tinyusb/src/device/usbd_control.o
 .debug_rnglists
                0x000004a5      0x119 ./Core/tinyusb/src/portable/synopsys/dwc2/dcd_dwc2.o
 .debug_rnglists
                0x000005be       0x4c ./Core/tinyusb/src/portable/synopsys/dwc2/dwc2_common.o
 .debug_rnglists
                0x0000060a       0x9d ./Core/tinyusb/src/tusb.o
 .debug_rnglists
                0x000006a7       0xaf ./Drivers/STM32F4xx_HAL_Driver/Src/stm32f4xx_hal.o
 .debug_rnglists
                0x00000756       0xb5 ./Drivers/STM32F4xx_HAL_Driver/Src/stm32f4xx_hal_adc.o
 .debug_rnglists
                0x0000080b       0x71 ./Drivers/STM32F4xx_HAL_Driver/Src/stm32f4xx_hal_adc_ex.o
 .debug_rnglists
                0x0000087c       0xe0 ./Drivers/STM32F4xx_HAL_Driver/Src/stm32f4xx_hal_cortex.o
 .debug_rnglists
                0x0000095c       0x3f ./Drivers/STM32F4xx_HAL_Driver/Src/stm32f4xx_hal_gpio.o
 .debug_rnglists
                0x0000099b       0xfa ./Drivers/STM32F4xx_HAL_Driver/Src/stm32f4xx_hal_pcd.o
 .debug_rnglists
                0x00000a95       0x66 ./Drivers/STM32F4xx_HAL_Driver/Src/stm32f4xx_hal_rcc.o
 .debug_rnglists
                0x00000afb      0x147 ./Drivers/STM32F4xx_HAL_Driver/Src/stm32f4xx_ll_usb.o

.debug_macro    0x00000000    0x1c25f
 .debug_macro   0x00000000      0x409 ./Core/Src/main.o
 .debug_macro   0x00000409      0xad8 ./Core/Src/main.o
 .debug_macro   0x00000ee1      0x29b ./Core/Src/main.o
 .debug_macro   0x0000117c       0x2e ./Core/Src/main.o
 .debug_macro   0x000011aa       0x28 ./Core/Src/main.o
 .debug_macro   0x000011d2       0x22 ./Core/Src/main.o
 .debug_macro   0x000011f4       0x8e ./Core/Src/main.o
 .debug_macro   0x00001282       0x51 ./Core/Src/main.o
 .debug_macro   0x000012d3      0x103 ./Core/Src/main.o
 .debug_macro   0x000013d6       0x6a ./Core/Src/main.o
 .debug_macro   0x00001440      0x1df ./Core/Src/main.o
 .debug_macro   0x0000161f       0x1c ./Core/Src/main.o
 .debug_macro   0x0000163b       0x22 ./Core/Src/main.o
 .debug_macro   0x0000165d       0xfb ./Core/Src/main.o
 .debug_macro   0x00001758     0x1011 ./Core/Src/main.o
 .debug_macro   0x00002769      0x11f ./Core/Src/main.o
 .debug_macro   0x00002888     0xb968 ./Core/Src/main.o
 .debug_macro   0x0000e1f0       0x6d ./Core/Src/main.o
 .debug_macro   0x0000e25d     0x3693 ./Core/Src/main.o
 .debug_macro   0x000118f0      0x190 ./Core/Src/main.o
 .debug_macro   0x00011a80       0x5c ./Core/Src/main.o
 .debug_macro   0x00011adc      0x45c ./Core/Src/main.o
 .debug_macro   0x00011f38      0x9e9 ./Core/Src/main.o
 .debug_macro   0x00012921      0x115 ./Core/Src/main.o
 .debug_macro   0x00012a36      0x11b ./Core/Src/main.o
 .debug_macro   0x00012b51       0xa5 ./Core/Src/main.o
 .debug_macro   0x00012bf6      0x15f ./Core/Src/main.o
 .debug_macro   0x00012d55      0x287 ./Core/Src/main.o
 .debug_macro   0x00012fdc       0x5f ./Core/Src/main.o
 .debug_macro   0x0001303b      0x236 ./Core/Src/main.o
 .debug_macro   0x00013271      0x9e1 ./Core/Src/main.o
 .debug_macro   0x00013c52      0x38b ./Core/Src/main.o
 .debug_macro   0x00013fdd      0x17d ./Core/Src/main.o
 .debug_macro   0x0001415a       0xf9 ./Core/Src/main.o
 .debug_macro   0x00014253      0x132 ./Core/Src/main.o
 .debug_macro   0x00014385      0x264 ./Core/Src/main.o
 .debug_macro   0x000145e9       0x2e ./Core/Src/main.o
 .debug_macro   0x00014617      0x127 ./Core/Src/main.o
 .debug_macro   0x0001473e       0x85 ./Core/Src/main.o
 .debug_macro   0x000147c3       0x89 ./Core/Src/main.o
 .debug_macro   0x0001484c      0x293 ./Core/Src/main.o
 .debug_macro   0x00014adf       0xba ./Core/Src/main.o
 .debug_macro   0x00014b99      0x126 ./Core/Src/main.o
 .debug_macro   0x00014cbf       0xa0 ./Core/Src/main.o
 .debug_macro   0x00014d5f       0x22 ./Core/Src/main.o
 .debug_macro   0x00014d81       0x61 ./Core/Src/main.o
 .debug_macro   0x00014de2       0x2a ./Core/Src/main.o
 .debug_macro   0x00014e0c       0x43 ./Core/Src/main.o
 .debug_macro   0x00014e4f       0x3a ./Core/Src/main.o
 .debug_macro   0x00014e89       0x3c ./Core/Src/main.o
 .debug_macro   0x00014ec5      0x460 ./Core/Src/main.o
 .debug_macro   0x00015325      0x370 ./Core/Src/main.o
 .debug_macro   0x00015695       0x16 ./Core/Src/main.o
 .debug_macro   0x000156ab       0x4a ./Core/Src/main.o
 .debug_macro   0x000156f5       0x34 ./Core/Src/main.o
 .debug_macro   0x00015729       0x10 ./Core/Src/main.o
 .debug_macro   0x00015739       0x58 ./Core/Src/main.o
 .debug_macro   0x00015791       0x8e ./Core/Src/main.o
 .debug_macro   0x0001581f       0x1c ./Core/Src/main.o
 .debug_macro   0x0001583b      0x185 ./Core/Src/main.o
 .debug_macro   0x000159c0       0x10 ./Core/Src/main.o
 .debug_macro   0x000159d0       0x20 ./Core/Src/main.o
 .debug_macro   0x000159f0      0x192 ./Core/Src/main.o
 .debug_macro   0x00015b82      0x3b7 ./Core/Src/main.o
 .debug_macro   0x00015f39       0x76 ./Core/Src/main.o
 .debug_macro   0x00015faf       0x3b ./Core/Src/main.o
 .debug_macro   0x00015fea      0x23b ./Core/Src/main.o
 .debug_macro   0x00016225       0x48 ./Core/Src/main.o
 .debug_macro   0x0001626d       0x48 ./Core/Src/main.o
 .debug_macro   0x000162b5       0xc7 ./Core/Src/main.o
 .debug_macro   0x0001637c       0x10 ./Core/Src/main.o
 .debug_macro   0x0001638c       0x28 ./Core/Src/main.o
 .debug_macro   0x000163b4       0x25 ./Core/Src/main.o
 .debug_macro   0x000163d9       0x25 ./Core/Src/main.o
 .debug_macro   0x000163fe      0x461 ./Core/Src/main.o
 .debug_macro   0x0001685f       0x6c ./Core/Src/main.o
 .debug_macro   0x000168cb       0x1f ./Core/Src/main.o
 .debug_macro   0x000168ea       0x10 ./Core/Src/main.o
 .debug_macro   0x000168fa       0x20 ./Core/Src/main.o
 .debug_macro   0x0001691a      0x206 ./Core/Src/stm32f4xx_hal_msp.o
 .debug_macro   0x00016b20      0x3d1 ./Core/Src/stm32f4xx_it.o
 .debug_macro   0x00016ef1      0x1fc ./Core/Src/system_stm32f4xx.o
 .debug_macro   0x000170ed      0x3ef ./Core/Src/usb_descriptors.o
 .debug_macro   0x000174dc      0x22b ./Core/tinyusb/src/class/midi/midi_device.o
 .debug_macro   0x00017707       0x89 ./Core/tinyusb/src/class/midi/midi_device.o
 .debug_macro   0x00017790      0x119 ./Core/tinyusb/src/class/midi/midi_device.o
 .debug_macro   0x000178a9      0x45b ./Core/tinyusb/src/class/midi/midi_device.o
 .debug_macro   0x00017d04       0x2e ./Core/tinyusb/src/class/midi/midi_device.o
 .debug_macro   0x00017d32       0x10 ./Core/tinyusb/src/class/midi/midi_device.o
 .debug_macro   0x00017d42      0x20a ./Core/tinyusb/src/common/tusb_fifo.o
 .debug_macro   0x00017f4c      0x262 ./Core/tinyusb/src/device/usbd.o
 .debug_macro   0x000181ae       0x10 ./Core/tinyusb/src/device/usbd.o
 .debug_macro   0x000181be      0x24a ./Core/tinyusb/src/device/usbd_control.o
 .debug_macro   0x00018408      0x3ca ./Core/tinyusb/src/portable/synopsys/dwc2/dcd_dwc2.o
 .debug_macro   0x000187d2     0x23a7 ./Core/tinyusb/src/portable/synopsys/dwc2/dcd_dwc2.o
 .debug_macro   0x0001ab79       0x56 ./Core/tinyusb/src/portable/synopsys/dwc2/dcd_dwc2.o
 .debug_macro   0x0001abcf       0x31 ./Core/tinyusb/src/portable/synopsys/dwc2/dcd_dwc2.o
 .debug_macro   0x0001ac00      0x3a2 ./Core/tinyusb/src/portable/synopsys/dwc2/dwc2_common.o
 .debug_macro   0x0001afa2      0x246 ./Core/tinyusb/src/tusb.o
 .debug_macro   0x0001b1e8      0x25c ./Drivers/STM32F4xx_HAL_Driver/Src/stm32f4xx_hal.o
 .debug_macro   0x0001b444      0x1fd ./Drivers/STM32F4xx_HAL_Driver/Src/stm32f4xx_hal_adc.o
 .debug_macro   0x0001b641      0x1fc ./Drivers/STM32F4xx_HAL_Driver/Src/stm32f4xx_hal_adc_ex.o
 .debug_macro   0x0001b83d      0x1fc ./Drivers/STM32F4xx_HAL_Driver/Src/stm32f4xx_hal_cortex.o
 .debug_macro   0x0001ba39      0x202 ./Drivers/STM32F4xx_HAL_Driver/Src/stm32f4xx_hal_gpio.o
 .debug_macro   0x0001bc3b      0x208 ./Drivers/STM32F4xx_HAL_Driver/Src/stm32f4xx_hal_pcd.o
 .debug_macro   0x0001be43      0x220 ./Drivers/STM32F4xx_HAL_Driver/Src/stm32f4xx_hal_rcc.o
 .debug_macro   0x0001c063      0x1fc ./Drivers/STM32F4xx_HAL_Driver/Src/stm32f4xx_ll_usb.o

.debug_line     0x00000000    0x140a6
 .debug_line    0x00000000      0xeec ./Core/Src/main.o
 .debug_line    0x00000eec      0x7cf ./Core/Src/stm32f4xx_hal_msp.o
 .debug_line    0x000016bb      0xc75 ./Core/Src/stm32f4xx_it.o
 .debug_line    0x00002330      0x79e ./Core/Src/system_stm32f4xx.o
 .debug_line    0x00002ace      0xc7b ./Core/Src/usb_descriptors.o
 .debug_line    0x00003749       0x7a ./Core/Startup/startup_stm32f411retx.o
 .debug_line    0x000037c3     0x125d ./Core/tinyusb/src/class/midi/midi_device.o
 .debug_line    0x00004a20      0xf9b ./Core/tinyusb/src/common/tusb_fifo.o
 .debug_line    0x000059bb     0x1dea ./Core/tinyusb/src/device/usbd.o
 .debug_line    0x000077a5      0xb15 ./Core/tinyusb/src/device/usbd_control.o
 .debug_line    0x000082ba     0x1e78 ./Core/tinyusb/src/portable/synopsys/dwc2/dcd_dwc2.o
 .debug_line    0x0000a132      0xe66 ./Core/tinyusb/src/portable/synopsys/dwc2/dwc2_common.o
 .debug_line    0x0000af98      0xf7e ./Core/tinyusb/src/tusb.o
 .debug_line    0x0000bf16      0xa1a ./Drivers/STM32F4xx_HAL_Driver/Src/stm32f4xx_hal.o
 .debug_line    0x0000c930     0x1171 ./Drivers/STM32F4xx_HAL_Driver/Src/stm32f4xx_hal_adc.o
 .debug_line    0x0000daa1      0xe65 ./Drivers/STM32F4xx_HAL_Driver/Src/stm32f4xx_hal_adc_ex.o
 .debug_line    0x0000e906      0xcea ./Drivers/STM32F4xx_HAL_Driver/Src/stm32f4xx_hal_cortex.o
 .debug_line    0x0000f5f0      0xb36 ./Drivers/STM32F4xx_HAL_Driver/Src/stm32f4xx_hal_gpio.o
 .debug_line    0x00010126     0x1465 ./Drivers/STM32F4xx_HAL_Driver/Src/stm32f4xx_hal_pcd.o
 .debug_line    0x0001158b      0xe29 ./Drivers/STM32F4xx_HAL_Driver/Src/stm32f4xx_hal_rcc.o
 .debug_line    0x000123b4     0x1cf2 ./Drivers/STM32F4xx_HAL_Driver/Src/stm32f4xx_ll_usb.o

.debug_str      0x00000000    0xada0f
 .debug_str     0x00000000    0xada0f ./Core/Src/main.o
                              0x9d58a (size before relaxing)
 .debug_str     0x000ada0f        0x0 ./Core/Src/stm32f4xx_hal_msp.o
                              0x8ba6a (size before relaxing)
 .debug_str     0x000ada0f        0x0 ./Core/Src/stm32f4xx_it.o
                              0x9cbad (size before relaxing)
 .debug_str     0x000ada0f        0x0 ./Core/Src/system_stm32f4xx.o
                              0x8aef9 (size before relaxing)
 .debug_str     0x000ada0f        0x0 ./Core/Src/usb_descriptors.o
                              0x9d143 (size before relaxing)
 .debug_str     0x000ada0f        0x0 ./Core/Startup/startup_stm32f411retx.o
                                 0x88 (size before relaxing)
 .debug_str     0x000ada0f        0x0 ./Core/tinyusb/src/class/midi/midi_device.o
                              0x16b20 (size before relaxing)
 .debug_str     0x000ada0f        0x0 ./Core/tinyusb/src/common/tusb_fifo.o
                               0xca9e (size before relaxing)
 .debug_str     0x000ada0f        0x0 ./Core/tinyusb/src/device/usbd.o
                              0x172a1 (size before relaxing)
 .debug_str     0x000ada0f        0x0 ./Core/tinyusb/src/device/usbd_control.o
                              0x15f29 (size before relaxing)
 .debug_str     0x000ada0f        0x0 ./Core/tinyusb/src/portable/synopsys/dwc2/dcd_dwc2.o
                              0xa914a (size before relaxing)
 .debug_str     0x000ada0f        0x0 ./Core/tinyusb/src/portable/synopsys/dwc2/dwc2_common.o
                              0x9fee1 (size before relaxing)
 .debug_str     0x000ada0f        0x0 ./Core/tinyusb/src/tusb.o
                              0x1655d (size before relaxing)
 .debug_str     0x000ada0f        0x0 ./Drivers/STM32F4xx_HAL_Driver/Src/stm32f4xx_hal.o
                              0x8b925 (size before relaxing)
 .debug_str     0x000ada0f        0x0 ./Drivers/STM32F4xx_HAL_Driver/Src/stm32f4xx_hal_adc.o
                              0x8b4d4 (size before relaxing)
 .debug_str     0x000ada0f        0x0 ./Drivers/STM32F4xx_HAL_Driver/Src/stm32f4xx_hal_adc_ex.o
                              0x8b528 (size before relaxing)
 .debug_str     0x000ada0f        0x0 ./Drivers/STM32F4xx_HAL_Driver/Src/stm32f4xx_hal_cortex.o
                              0x8b68f (size before relaxing)
 .debug_str     0x000ada0f        0x0 ./Drivers/STM32F4xx_HAL_Driver/Src/stm32f4xx_hal_gpio.o
                              0x8b074 (size before relaxing)
 .debug_str     0x000ada0f        0x0 ./Drivers/STM32F4xx_HAL_Driver/Src/stm32f4xx_hal_pcd.o
                              0x8b9c5 (size before relaxing)
 .debug_str     0x000ada0f        0x0 ./Drivers/STM32F4xx_HAL_Driver/Src/stm32f4xx_hal_rcc.o
                              0x8b32d (size before relaxing)
 .debug_str     0x000ada0f        0x0 ./Drivers/STM32F4xx_HAL_Driver/Src/stm32f4xx_ll_usb.o
                              0x8b8a0 (size before relaxing)

.comment        0x00000000       0x43
 .comment       0x00000000       0x43 ./Core/Src/main.o
                                 0x44 (size before relaxing)
 .comment       0x00000043        0x0 ./Core/Src/stm32f4xx_hal_msp.o
                                 0x44 (size before relaxing)
 .comment       0x00000043        0x0 ./Core/Src/stm32f4xx_it.o
                                 0x44 (size before relaxing)
 .comment       0x00000043        0x0 ./Core/Src/system_stm32f4xx.o
                                 0x44 (size before relaxing)
 .comment       0x00000043        0x0 ./Core/Src/usb_descriptors.o
                                 0x44 (size before relaxing)
 .comment       0x00000043        0x0 ./Core/tinyusb/src/class/midi/midi_device.o
                                 0x44 (size before relaxing)
 .comment       0x00000043        0x0 ./Core/tinyusb/src/common/tusb_fifo.o
                                 0x44 (size before relaxing)
 .comment       0x00000043        0x0 ./Core/tinyusb/src/device/usbd.o
                                 0x44 (size before relaxing)
 .comment       0x00000043        0x0 ./Core/tinyusb/src/device/usbd_control.o
                                 0x44 (size before relaxing)
 .comment       0x00000043        0x0 ./Core/tinyusb/src/portable/synopsys/dwc2/dcd_dwc2.o
                                 0x44 (size before relaxing)
 .comment       0x00000043        0x0 ./Core/tinyusb/src/portable/synopsys/dwc2/dwc2_common.o
                                 0x44 (size before relaxing)
 .comment       0x00000043        0x0 ./Core/tinyusb/src/tusb.o
                                 0x44 (size before relaxing)
 .comment       0x00000043        0x0 ./Drivers/STM32F4xx_HAL_Driver/Src/stm32f4xx_hal.o
                                 0x44 (size before relaxing)
 .comment       0x00000043        0x0 ./Drivers/STM32F4xx_HAL_Driver/Src/stm32f4xx_hal_adc.o
                                 0x44 (size before relaxing)
 .comment       0x00000043        0x0 ./Drivers/STM32F4xx_HAL_Driver/Src/stm32f4xx_hal_adc_ex.o
                                 0x44 (size before relaxing)
 .comment       0x00000043        0x0 ./Drivers/STM32F4xx_HAL_Driver/Src/stm32f4xx_hal_cortex.o
                                 0x44 (size before relaxing)
 .comment       0x00000043        0x0 ./Drivers/STM32F4xx_HAL_Driver/Src/stm32f4xx_hal_gpio.o
                                 0x44 (size before relaxing)
 .comment       0x00000043        0x0 ./Drivers/STM32F4xx_HAL_Driver/Src/stm32f4xx_hal_pcd.o
                                 0x44 (size before relaxing)
 .comment       0x00000043        0x0 ./Drivers/STM32F4xx_HAL_Driver/Src/stm32f4xx_hal_rcc.o
                                 0x44 (size before relaxing)
 .comment       0x00000043        0x0 ./Drivers/STM32F4xx_HAL_Driver/Src/stm32f4xx_ll_usb.o
                                 0x44 (size before relaxing)

.debug_frame    0x00000000     0x3ee0
 .debug_frame   0x00000000      0x118 ./Core/Src/main.o
 .debug_frame   0x00000118       0xc8 ./Core/Src/stm32f4xx_hal_msp.o
 .debug_frame   0x000001e0      0x13c ./Core/Src/stm32f4xx_it.o
 .debug_frame   0x0000031c       0x58 ./Core/Src/system_stm32f4xx.o
 .debug_frame   0x00000374       0xc4 ./Core/Src/usb_descriptors.o
 .debug_frame   0x00000438      0x270 ./Core/tinyusb/src/class/midi/midi_device.o
 .debug_frame   0x000006a8      0x3b4 ./Core/tinyusb/src/common/tusb_fifo.o
 .debug_frame   0x00000a5c      0x854 ./Core/tinyusb/src/device/usbd.o
 .debug_frame   0x000012b0      0x17c ./Core/tinyusb/src/device/usbd_control.o
 .debug_frame   0x0000142c      0x55c ./Core/tinyusb/src/portable/synopsys/dwc2/dcd_dwc2.o
 .debug_frame   0x00001988      0x190 ./Core/tinyusb/src/portable/synopsys/dwc2/dwc2_common.o
 .debug_frame   0x00001b18      0x374 ./Core/tinyusb/src/tusb.o
 .debug_frame   0x00001e8c      0x374 ./Drivers/STM32F4xx_HAL_Driver/Src/stm32f4xx_hal.o
 .debug_frame   0x00002200      0x3fc ./Drivers/STM32F4xx_HAL_Driver/Src/stm32f4xx_hal_adc.o
 .debug_frame   0x000025fc      0x250 ./Drivers/STM32F4xx_HAL_Driver/Src/stm32f4xx_hal_adc_ex.o
 .debug_frame   0x0000284c      0x508 ./Drivers/STM32F4xx_HAL_Driver/Src/stm32f4xx_hal_cortex.o
 .debug_frame   0x00002d54      0x14c ./Drivers/STM32F4xx_HAL_Driver/Src/stm32f4xx_hal_gpio.o
 .debug_frame   0x00002ea0      0x5b8 ./Drivers/STM32F4xx_HAL_Driver/Src/stm32f4xx_hal_pcd.o
 .debug_frame   0x00003458      0x1f4 ./Drivers/STM32F4xx_HAL_Driver/Src/stm32f4xx_hal_rcc.o
 .debug_frame   0x0000364c      0x7c0 ./Drivers/STM32F4xx_HAL_Driver/Src/stm32f4xx_ll_usb.o
 .debug_frame   0x00003e0c       0x20 /Applications/STM32CubeIDE.app/Contents/Eclipse/plugins/com.st.stm32cube.ide.mcu.externaltools.gnu-tools-for-stm32.13.3.rel1.macos64_1.0.100.202509120712/tools/bin/../lib/gcc/arm-none-eabi/13.3.1/../../../../arm-none-eabi/lib/thumb/v7e-m+fp/hard/libc_nano.a(libc_a-memset.o)
 .debug_frame   0x00003e2c       0x2c /Applications/STM32CubeIDE.app/Contents/Eclipse/plugins/com.st.stm32cube.ide.mcu.externaltools.gnu-tools-for-stm32.13.3.rel1.macos64_1.0.100.202509120712/tools/bin/../lib/gcc/arm-none-eabi/13.3.1/../../../../arm-none-eabi/lib/thumb/v7e-m+fp/hard/libc_nano.a(libc_a-init.o)
 .debug_frame   0x00003e58       0x28 /Applications/STM32CubeIDE.app/Contents/Eclipse/plugins/com.st.stm32cube.ide.mcu.externaltools.gnu-tools-for-stm32.13.3.rel1.macos64_1.0.100.202509120712/tools/bin/../lib/gcc/arm-none-eabi/13.3.1/../../../../arm-none-eabi/lib/thumb/v7e-m+fp/hard/libc_nano.a(libc_a-memcpy-stub.o)
 .debug_frame   0x00003e80       0x2c /Applications/STM32CubeIDE.app/Contents/Eclipse/plugins/com.st.stm32cube.ide.mcu.externaltools.gnu-tools-for-stm32.13.3.rel1.macos64_1.0.100.202509120712/tools/bin/../lib/gcc/arm-none-eabi/13.3.1/thumb/v7e-m+fp/hard/libgcc.a(_aeabi_uldivmod.o)
 .debug_frame   0x00003eac       0x34 /Applications/STM32CubeIDE.app/Contents/Eclipse/plugins/com.st.stm32cube.ide.mcu.externaltools.gnu-tools-for-stm32.13.3.rel1.macos64_1.0.100.202509120712/tools/bin/../lib/gcc/arm-none-eabi/13.3.1/thumb/v7e-m+fp/hard/libgcc.a(_udivmoddi4.o)

.debug_line_str
                0x00000000       0x6c
 .debug_line_str
                0x00000000       0x6c ./Core/Startup/startup_stm32f411retx.o
