../Drivers/CMSIS/Include/core_cm4.h:1684:22:__NVIC_EnableIRQ	16	static,ignoring_inline_asm
../Drivers/CMSIS/Include/core_cm4.h:1722:22:__NVIC_DisableIRQ	16	static,ignoring_inline_asm
../Core/tinyusb/src/portable/synopsys/dwc2/dwc2_stm32.h:323:20:dwc2_stm32_gccfg_cfg	24	static
../Core/tinyusb/src/portable/synopsys/dwc2/dcd_dwc2.c:130:13:dma_setup_prepare	32	static
../Core/tinyusb/src/portable/synopsys/dwc2/dcd_dwc2.c:196:13:dfifo_alloc	72	static,ignoring_inline_asm
../Core/tinyusb/src/portable/synopsys/dwc2/dcd_dwc2.c:245:13:dfifo_device_init	40	static
../Core/tinyusb/src/portable/synopsys/dwc2/dcd_dwc2.c:266:13:edpt_activate	48	static
../Core/tinyusb/src/portable/synopsys/dwc2/dcd_dwc2.c:298:13:edpt_disable	56	static
../Core/tinyusb/src/portable/synopsys/dwc2/dcd_dwc2.c:358:13:edpt_schedule_packets	64	static
../Core/tinyusb/src/portable/synopsys/dwc2/dcd_dwc2.c:434:6:dcd_configure	32	static
../Core/tinyusb/src/portable/synopsys/dwc2/dcd_dwc2.c:443:6:dcd_init	56	static,ignoring_inline_asm
../Core/tinyusb/src/portable/synopsys/dwc2/dcd_dwc2.c:500:6:dcd_deinit	16	static
../Core/tinyusb/src/portable/synopsys/dwc2/dcd_dwc2.c:506:6:dcd_int_enable	24	static
../Core/tinyusb/src/portable/synopsys/dwc2/dcd_dwc2.c:510:6:dcd_int_disable	24	static
../Core/tinyusb/src/portable/synopsys/dwc2/dcd_dwc2.c:514:6:dcd_set_address	32	static
../Core/tinyusb/src/portable/synopsys/dwc2/dcd_dwc2.c:522:6:dcd_remote_wakeup	32	static,ignoring_inline_asm
../Core/tinyusb/src/portable/synopsys/dwc2/dcd_dwc2.c:540:6:dcd_connect	24	static
../Core/tinyusb/src/portable/synopsys/dwc2/dcd_dwc2.c:559:6:dcd_disconnect	24	static
../Core/tinyusb/src/portable/synopsys/dwc2/dcd_dwc2.c:579:6:dcd_sof_enable	24	static
../Core/tinyusb/src/portable/synopsys/dwc2/dcd_dwc2.c:597:6:dcd_edpt_open	24	static,ignoring_inline_asm
../Core/tinyusb/src/portable/synopsys/dwc2/dcd_dwc2.c:605:6:dcd_edpt_close_all	56	static
../Core/tinyusb/src/portable/synopsys/dwc2/dcd_dwc2.c:633:6:dcd_edpt_iso_alloc	24	static,ignoring_inline_asm
../Core/tinyusb/src/portable/synopsys/dwc2/dcd_dwc2.c:638:6:dcd_edpt_iso_activate	16	static
../Core/tinyusb/src/portable/synopsys/dwc2/dcd_dwc2.c:645:6:dcd_edpt_xfer	32	static
../Core/tinyusb/src/portable/synopsys/dwc2/dcd_dwc2.c:681:6:dcd_edpt_xfer_fifo	32	static
../Core/tinyusb/src/portable/synopsys/dwc2/dcd_dwc2.c:709:6:dcd_edpt_stall	32	static
../Core/tinyusb/src/portable/synopsys/dwc2/dcd_dwc2.c:721:6:dcd_edpt_clear_stall	32	static
../Core/tinyusb/src/portable/synopsys/dwc2/dcd_dwc2.c:738:13:handle_bus_reset	72	static
../Core/tinyusb/src/portable/synopsys/dwc2/dcd_dwc2.c:802:13:handle_enum_done	48	static
../Core/tinyusb/src/portable/synopsys/dwc2/dcd_dwc2.c:845:17:epin_write_tx_fifo	72	static
../Core/tinyusb/src/portable/synopsys/dwc2/dcd_dwc2.c:879:13:handle_rxflvl_irq	80	static
../Core/tinyusb/src/portable/synopsys/dwc2/dcd_dwc2.c:945:13:handle_epout_slave	72	static
../Core/tinyusb/src/portable/synopsys/dwc2/dcd_dwc2.c:973:13:handle_epin_slave	64	static
../Core/tinyusb/src/portable/synopsys/dwc2/dcd_dwc2.c:1065:13:handle_ep_irq	72	static
../Core/tinyusb/src/portable/synopsys/dwc2/dcd_dwc2.c:1107:13:handle_incomplete_iso_in	96	static
../Core/tinyusb/src/portable/synopsys/dwc2/dcd_dwc2.c:1156:6:dcd_int_handler	104	static
